<html>
<body>
<pre>
<h1>礦ision Build Log</h1>
<h2>Tool Versions:</h2>
IDE-Version: μVision V5.14.0.0
Copyright (C) 2015 ARM Ltd and ARM Germany GmbH. All rights reserved.
License Information: 3r52 YiDong, 235, LIC=9N0DY-IZAGI-4ALDE-5YF8R-BWKZT-L423Z
 
Tool Versions:
Toolchain:       MDK-ARM Professional  Version: 5.14.0.0
Toolchain Path:  C:\Keil_v5\ARM\ARMCC\Bin
C Compiler:      Armcc.exe V5.05 update 1 (build 106)
Assembler:       Armasm.exe V5.05 update 1 (build 106)
Linker/Locator:  ArmLink.exe V5.05 update 1 (build 106)
Library Manager: ArmAr.exe V5.05 update 1 (build 106)
Hex Converter:   FromElf.exe V5.05 update 1 (build 106)
CPU DLL:         SARMCM3.DLL V5.14.0.0
Dialog DLL:      DARMCM1.DLL V1.12.0.0
Target DLL:      Segger\JL2CM3.dll V2.99.13.0
Dialog DLL:      TARMCM1.DLL V1.9.0.0
 
<h2>Project:</h2>
D:\F_pan\DTU_3G\DTU_3G  7.13 - 副本\MDK-ARM\STM32F051R8_Demo.uvprojx
Project File Date:  07/13/2017

<h2>Output:</h2>
Build target 'STM32F051R8_Demo'
compiling main.c...
compiling 3gmodule.c...
..\BSP\3gmodule.c(142): warning:  #177-D: variable "delay" was declared but never referenced
        uint32_t delay=0X03000000;
..\BSP\3gmodule.c: 1 warning, 0 errors
linking...
Program Size: Code=22836 RO-data=1196 RW-data=280 ZI-data=7224  
FromELF: creating hex file...
".\out\IO_Toggle.axf" - 0 Error(s), 1 Warning(s).

<h2>Collection of Component include folders:</h2>
  D:\F_pan\DTU_3G\DTU_3G  7.13 - 副本\MDK-ARM\RTE
  C:\Keil_v5\ARM\PACK\Keil\STM32F0xx_DFP\1.5.0

<h2>Collection of Component Files used:</h2>
</pre>
</body>
</html>
