Component: ARM Compiler 5.05 update 1 (build 106) Tool: armlink [4d0efa]

==============================================================================

Section Cross References

    main.o(i.Data_Upload) refers to 24cxx.o(i.AT24CXX_Write) for AT24CXX_Write
    main.o(i.Data_Upload) refers to qos0pub.o(i.mqtt_pub) for mqtt_pub
    main.o(i.Data_Upload) refers to main.o(i.vIOSetLED) for vIOSetLED
    main.o(i.Data_Upload) refers to timertask.o(i.bsp_DelayMS) for bsp_DelayMS
    main.o(i.Data_Upload) refers to stm320xx8_rtu.o(i.STM_RTU_LEDOff) for STM_RTU_LEDOff
    main.o(i.Data_Upload) refers to stm320xx8_rtu.o(i.STM_RTU_LEDOn) for STM_RTU_LEDOn
    main.o(i.Data_Upload) refers to 3gmodule.o(i.init3GModule) for init3GModule
    main.o(i.Data_Upload) refers to 3gmodule.o(i.getCurrentTime) for getCurrentTime
    main.o(i.Data_Upload) refers to datapacket.o(i.getRealTimeStamp) for getRealTimeStamp
    main.o(i.Data_Upload) refers to datapacket.o(i.RTC_TimeRegulate) for RTC_TimeRegulate
    main.o(i.Data_Upload) refers to main.o(.data) for bPub
    main.o(i.Data_Upload) refers to setting.o(.data) for EppromFlag
    main.o(i.Data_Upload) refers to main.o(.bss) for dataBuf
    main.o(i.Data_Upload) refers to n_6205.o(.data) for FirstHeart
    main.o(i.Data_Upload) refers to timertask.o(.data) for D_TIMflag
    main.o(i.LedAllOff) refers to stm320xx8_rtu.o(i.STM_RTU_LEDOff) for STM_RTU_LEDOff
    main.o(i.LedAllOn) refers to stm320xx8_rtu.o(i.STM_RTU_LEDOn) for STM_RTU_LEDOn
    main.o(i.Pro_Upload) refers to n_6205.o(i.makeN6205_CRT_DataPack) for makeN6205_CRT_DataPack
    main.o(i.Pro_Upload) refers to main.o(i.Data_Upload) for Data_Upload
    main.o(i.Pro_Upload) refers to n_6205.o(.data) for ucN_6205Send_FLAG
    main.o(i.Pro_Upload) refers to n_6205.o(.bss) for HW_N6205MSG
    main.o(i.Pro_Upload) refers to main.o(.bss) for dataBuf
    main.o(i.Pro_Upload) refers to main.o(.data) for tempTxLen
    main.o(i.main) refers to main.o(i.vRCCConfiguration) for vRCCConfiguration
    main.o(i.main) refers to main.o(i.vGPIOConfiguration) for vGPIOConfiguration
    main.o(i.main) refers to main.o(i.vNVICConfiguration) for vNVICConfiguration
    main.o(i.main) refers to main.o(i.vLEDConfiguration) for vLEDConfiguration
    main.o(i.main) refers to timertask.o(i.TIM_Configuration) for TIM_Configuration
    main.o(i.main) refers to timertask.o(i.TIM7_Config) for TIM7_Config
    main.o(i.main) refers to main.o(i.vUARTConfiguration) for vUARTConfiguration
    main.o(i.main) refers to 24cxx.o(i.AT24CXX_Init) for AT24CXX_Init
    main.o(i.main) refers to timertask.o(i.bsp_DelayMS) for bsp_DelayMS
    main.o(i.main) refers to setting.o(i.LoadSetting) for LoadSetting
    main.o(i.main) refers to main.o(i.vRS485Configuration) for vRS485Configuration
    main.o(i.main) refers to datapacket.o(i.initRTC) for initRTC
    main.o(i.main) refers to stm32f0xx_usart.o(i.USART_ITConfig) for USART_ITConfig
    main.o(i.main) refers to stm320xx8_rtu.o(i.Uart_DMA_Config) for Uart_DMA_Config
    main.o(i.main) refers to stm32f0xx_usart.o(i.USART_Cmd) for USART_Cmd
    main.o(i.main) refers to stm32f0xx_tim.o(i.TIM_Cmd) for TIM_Cmd
    main.o(i.main) refers to stm320xx8_rtu.o(i.STM_RTU_LEDOn) for STM_RTU_LEDOn
    main.o(i.main) refers to 3gmodule.o(i.init3GModule) for init3GModule
    main.o(i.main) refers to 3gmodule.o(i.getCurrentTime) for getCurrentTime
    main.o(i.main) refers to datapacket.o(i.getRealTimeStamp) for getRealTimeStamp
    main.o(i.main) refers to datapacket.o(i.RTC_TimeRegulate) for RTC_TimeRegulate
    main.o(i.main) refers to stm320xx8_rtu.o(i.STM_RTU_LEDOff) for STM_RTU_LEDOff
    main.o(i.main) refers to main.o(i.Pro_Upload) for Pro_Upload
    main.o(i.main) refers to main.o(i.LedAllOn) for LedAllOn
    main.o(i.main) refers to 3gmodule.o(i.Delay) for Delay
    main.o(i.main) refers to setting.o(i.ReceiveSetting) for ReceiveSetting
    main.o(i.main) refers to main.o(i.LedAllOff) for LedAllOff
    main.o(i.main) refers to stm32f0xx_it.o(.bss) for TxBuffer
    main.o(i.main) refers to n_6205.o(.bss) for HW_N6205MSG
    main.o(i.main) refers to n_6205.o(.data) for ucN_6205Heart_FLAG
    main.o(i.main) refers to stm32f0xx_it.o(.data) for RxCount
    main.o(i.main) refers to main.o(.data) for configMode
    main.o(i.main) refers to timertask.o(.data) for SYS_Init_Flag
    main.o(i.main) refers to main.o(.bss) for timestr
    main.o(i.vApp2Task) refers to tasks.o(i.vTaskDelay) for vTaskDelay
    main.o(i.vGPIOConfiguration) refers to stm32f0xx_rcc.o(i.RCC_AHBPeriphClockCmd) for RCC_AHBPeriphClockCmd
    main.o(i.vGPIOConfiguration) refers to stm32f0xx_gpio.o(i.GPIO_Init) for GPIO_Init
    main.o(i.vIOSetLED) refers to stm320xx8_rtu.o(i.STM_RTU_LEDOn) for STM_RTU_LEDOn
    main.o(i.vIOSetLED) refers to stm320xx8_rtu.o(i.STM_RTU_LEDOff) for STM_RTU_LEDOff
    main.o(i.vIOSetLED) refers to main.o(.data) for bIsInitalized
    main.o(i.vLEDConfiguration) refers to stm320xx8_rtu.o(i.STM_RTU_LEDInit) for STM_RTU_LEDInit
[...]
    i.IIC_Init                               0x080010f0   Section        0  soft_i2c.o(i.IIC_Init)
    i.IIC_Read_Byte                          0x08001114   Section        0  soft_i2c.o(i.IIC_Read_Byte)
    i.IIC_Send_Byte                          0x08001180   Section        0  soft_i2c.o(i.IIC_Send_Byte)
    i.IIC_Start                              0x080011ec   Section        0  soft_i2c.o(i.IIC_Start)
    i.IIC_Stop                               0x08001224   Section        0  soft_i2c.o(i.IIC_Stop)
    i.IIC_Wait_Ack                           0x08001250   Section        0  soft_i2c.o(i.IIC_Wait_Ack)
    i.LedAllOff                              0x0800129c   Section        0  main.o(i.LedAllOff)
    i.LedAllOn                               0x080012c4   Section        0  main.o(i.LedAllOn)
    i.LoadSetting                            0x080012ec   Section        0  setting.o(i.LoadSetting)
    i.M3G_Mod_TEST                           0x08001484   Section        0  dtu_test.o(i.M3G_Mod_TEST)
    M3G_Mod_TEST                             0x08001485   Thumb Code   172  dtu_test.o(i.M3G_Mod_TEST)
    i.MQTTPacket_encode                      0x08001568   Section        0  mqttpacket.o(i.MQTTPacket_encode)
    i.MQTTPacket_len                         0x080015a0   Section        0  mqttpacket.o(i.MQTTPacket_len)
    i.MQTTSerialize_connect                  0x080015c8   Section        0  mqttconnectclient.o(i.MQTTSerialize_connect)
    i.MQTTSerialize_connectLength            0x08001764   Section        0  mqttconnectclient.o(i.MQTTSerialize_connectLength)
    i.MQTTSerialize_disconnect               0x080017e4   Section        0  mqttconnectclient.o(i.MQTTSerialize_disconnect)
    i.MQTTSerialize_publish                  0x080017f6   Section        0  mqttserializepublish.o(i.MQTTSerialize_publish)
    i.MQTTSerialize_publishLength            0x080018b4   Section        0  mqttserializepublish.o(i.MQTTSerialize_publishLength)
    i.MQTTSerialize_zero                     0x080018d6   Section        0  mqttconnectclient.o(i.MQTTSerialize_zero)
    i.MQTTstrlen                             0x08001924   Section        0  mqttpacket.o(i.MQTTstrlen)
    i.NMI_Handler                            0x0800193e   Section        0  stm32f0xx_it.o(i.NMI_Handler)
    i.NVIC_Init                              0x08001940   Section        0  stm32f0xx_misc.o(i.NVIC_Init)
    i.N_6205Pro_Decode                       0x080019b0   Section        0  n_6205.o(i.N_6205Pro_Decode)
    i.PWR_BackupAccessCmd                    0x08001f18   Section        0  stm32f0xx_pwr.o(i.PWR_BackupAccessCmd)
    i.Pro_Upload                             0x08001f40   Section        0  main.o(i.Pro_Upload)
    i.RCC_AHBPeriphClockCmd                  0x08001fe8   Section        0  stm32f0xx_rcc.o(i.RCC_AHBPeriphClockCmd)
    i.RCC_APB1PeriphClockCmd                 0x08002008   Section        0  stm32f0xx_rcc.o(i.RCC_APB1PeriphClockCmd)
    i.RCC_APB1PeriphResetCmd                 0x08002028   Section        0  stm32f0xx_rcc.o(i.RCC_APB1PeriphResetCmd)
    i.RCC_APB2PeriphResetCmd                 0x08002048   Section        0  stm32f0xx_rcc.o(i.RCC_APB2PeriphResetCmd)
    i.RCC_DeInit                             0x08002068   Section        0  stm32f0xx_rcc.o(i.RCC_DeInit)
    i.RCC_GetClocksFreq                      0x080020dc   Section        0  stm32f0xx_rcc.o(i.RCC_GetClocksFreq)
    i.RCC_GetFlagStatus                      0x080022cc   Section        0  stm32f0xx_rcc.o(i.RCC_GetFlagStatus)
    i.RCC_GetSYSCLKSource                    0x08002314   Section        0  stm32f0xx_rcc.o(i.RCC_GetSYSCLKSource)
    i.RCC_HCLKConfig                         0x08002324   Section        0  stm32f0xx_rcc.o(i.RCC_HCLKConfig)
    i.RCC_HSEConfig                          0x08002344   Section        0  stm32f0xx_rcc.o(i.RCC_HSEConfig)
    i.RCC_LSEConfig                          0x08002354   Section        0  stm32f0xx_rcc.o(i.RCC_LSEConfig)
    i.RCC_PCLKConfig                         0x0800237c   Section        0  stm32f0xx_rcc.o(i.RCC_PCLKConfig)
    i.RCC_PLLCmd                             0x080023a0   Section        0  stm32f0xx_rcc.o(i.RCC_PLLCmd)
    i.RCC_PLLConfig                          0x080023c8   Section        0  stm32f0xx_rcc.o(i.RCC_PLLConfig)
    i.RCC_RTCCLKCmd                          0x080023ec   Section        0  stm32f0xx_rcc.o(i.RCC_RTCCLKCmd)
    i.RCC_RTCCLKConfig                       0x08002414   Section        0  stm32f0xx_rcc.o(i.RCC_RTCCLKConfig)
    i.RCC_SYSCLKConfig                       0x08002424   Section        0  stm32f0xx_rcc.o(i.RCC_SYSCLKConfig)
    i.RCC_WaitForHSEStartUp                  0x08002440   Section        0  stm32f0xx_rcc.o(i.RCC_WaitForHSEStartUp)
    i.RTC_Bcd2ToByte                         0x0800247c   Section        0  stm32f0xx_rtc.o(i.RTC_Bcd2ToByte)
    RTC_Bcd2ToByte                           0x0800247d   Thumb Code    26  stm32f0xx_rtc.o(i.RTC_Bcd2ToByte)
    i.RTC_ByteToBcd2                         0x08002496   Section        0  stm32f0xx_rtc.o(i.RTC_ByteToBcd2)
    RTC_ByteToBcd2                           0x08002497   Thumb Code    28  stm32f0xx_rtc.o(i.RTC_ByteToBcd2)
    i.RTC_Config                             0x080024b4   Section        0  datapacket.o(i.RTC_Config)
    RTC_Config                               0x080024b5   Thumb Code    66  datapacket.o(i.RTC_Config)
    i.RTC_EnterInitMode                      0x08002500   Section        0  stm32f0xx_rtc.o(i.RTC_EnterInitMode)
    i.RTC_ExitInitMode                       0x08002558   Section        0  stm32f0xx_rtc.o(i.RTC_ExitInitMode)
    i.RTC_GetDate                            0x0800256c   Section        0  stm32f0xx_rtc.o(i.RTC_GetDate)
    i.RTC_GetTime                            0x080025cc   Section        0  stm32f0xx_rtc.o(i.RTC_GetTime)
    i.RTC_Init                               0x08002628   Section        0  stm32f0xx_rtc.o(i.RTC_Init)
    i.RTC_ReadBackupRegister                 0x08002680   Section        0  stm32f0xx_rtc.o(i.RTC_ReadBackupRegister)
    i.RTC_SetDate                            0x080026a0   Section        0  stm32f0xx_rtc.o(i.RTC_SetDate)
    i.RTC_SetTime                            0x08002770   Section        0  stm32f0xx_rtc.o(i.RTC_SetTime)
    i.RTC_TimeRegulate                       0x08002848   Section        0  datapacket.o(i.RTC_TimeRegulate)
    i.RTC_WaitForSynchro                     0x080028bc   Section        0  stm32f0xx_rtc.o(i.RTC_WaitForSynchro)
    i.RTC_WriteBackupRegister                0x08002928   Section        0  stm32f0xx_rtc.o(i.RTC_WriteBackupRegister)
    i.ReceiveSetting                         0x08002944   Section        0  setting.o(i.ReceiveSetting)
    i.STM_RTU_COMInit                        0x08003020   Section        0  stm320xx8_rtu.o(i.STM_RTU_COMInit)
    i.STM_RTU_LEDInit                        0x080031a0   Section        0  stm320xx8_rtu.o(i.STM_RTU_LEDInit)
    i.STM_RTU_LEDOff                         0x080031f0   Section        0  stm320xx8_rtu.o(i.STM_RTU_LEDOff)
    i.STM_RTU_LEDOn                          0x08003208   Section        0  stm320xx8_rtu.o(i.STM_RTU_LEDOn)
    i.STM_RTU_NVICInit                       0x08003220   Section        0  stm320xx8_rtu.o(i.STM_RTU_NVICInit)
    i.SVC_Handler                            0x08003236   Section        0  port.o(i.SVC_Handler)
    i.SetSysClock                            0x08003238   Section        0  system_stm32f0xx.o(i.SetSysClock)
    SetSysClock                              0x08003239   Thumb Code   206  system_stm32f0xx.o(i.SetSysClock)
    i.SysTick_Handler                        0x08003310   Section        0  port.o(i.SysTick_Handler)
    i.SystemInit                             0x08003334   Section        0  system_stm32f0xx.o(i.SystemInit)
    i.TIM2_IRQHandler                        0x080033b0   Section        0  timertask.o(i.TIM2_IRQHandler)
    i.TIM3_IRQHandler                        0x08003654   Section        0  stm32f0xx_it.o(i.TIM3_IRQHandler)
    i.TIM7_Config                            0x08003674   Section        0  timertask.o(i.TIM7_Config)
    i.TIM7_IRQHandler                        0x080036b0   Section        0  timertask.o(i.TIM7_IRQHandler)
    i.TIM_ClearFlag                          0x08003700   Section        0  stm32f0xx_tim.o(i.TIM_ClearFlag)
    i.TIM_ClearITPendingBit                  0x08003706   Section        0  stm32f0xx_tim.o(i.TIM_ClearITPendingBit)
    i.TIM_Cmd                                0x0800370c   Section        0  stm32f0xx_tim.o(i.TIM_Cmd)
    i.TIM_Configuration                      0x08003728   Section        0  timertask.o(i.TIM_Configuration)
    i.TIM_GetFlagStatus                      0x08003760   Section        0  stm32f0xx_tim.o(i.TIM_GetFlagStatus)
    i.TIM_GetITStatus                        0x08003774   Section        0  stm32f0xx_tim.o(i.TIM_GetITStatus)
    i.TIM_ITConfig                           0x0800379a   Section        0  stm32f0xx_tim.o(i.TIM_ITConfig)
    i.TIM_SelectOnePulseMode                 0x080037b0   Section        0  stm32f0xx_tim.o(i.TIM_SelectOnePulseMode)
    i.TIM_TimeBaseInit                       0x080037c4   Section        0  stm32f0xx_tim.o(i.TIM_TimeBaseInit)
    i.USART2_IRQHandler                      0x08003840   Section        0  stm32f0xx_it.o(i.USART2_IRQHandler)
    i.USART3_4_IRQHandler                    0x0800390c   Section        0  stm32f0xx_it.o(i.USART3_4_IRQHandler)
    i.USART_AutoBaudRateCmd                  0x0800391c   Section        0  stm32f0xx_usart.o(i.USART_AutoBaudRateCmd)
    i.USART_AutoBaudRateConfig               0x08003938   Section        0  stm32f0xx_usart.o(i.USART_AutoBaudRateConfig)
    i.USART_Cmd                              0x0800394a   Section        0  stm32f0xx_usart.o(i.USART_Cmd)
    i.USART_DECmd                            0x08003962   Section        0  stm32f0xx_usart.o(i.USART_DECmd)
    i.USART_DEPolarityConfig                 0x0800397e   Section        0  stm32f0xx_usart.o(i.USART_DEPolarityConfig)
    i.USART_DMACmd                           0x08003990   Section        0  stm32f0xx_usart.o(i.USART_DMACmd)
    i.USART_DeInit                           0x080039a4   Section        0  stm32f0xx_usart.o(i.USART_DeInit)
    i.USART_GetFlagStatus                    0x08003a20   Section        0  stm32f0xx_usart.o(i.USART_GetFlagStatus)
    i.USART_GetITStatus                      0x08003a34   Section        0  stm32f0xx_usart.o(i.USART_GetITStatus)
    i.USART_ITConfig                         0x08003a82   Section        0  stm32f0xx_usart.o(i.USART_ITConfig)
    i.USART_Init                             0x08003ac4   Section        0  stm32f0xx_usart.o(i.USART_Init)
    i.USART_ReceiveData                      0x08003bac   Section        0  stm32f0xx_usart.o(i.USART_ReceiveData)
    i.USART_SendData                         0x08003bb6   Section        0  stm32f0xx_usart.o(i.USART_SendData)
    i.USART_SetDEAssertionTime               0x08003bbe   Section        0  stm32f0xx_usart.o(i.USART_SetDEAssertionTime)
    i.USART_SetDEDeassertionTime             0x08003bd2   Section        0  stm32f0xx_usart.o(i.USART_SetDEDeassertionTime)
    i.USARTx_IRQHandler                      0x08003be8   Section        0  stm32f0xx_it.o(i.USARTx_IRQHandler)
    i.Uart_DMA_Config                        0x08003da8   Section        0  stm320xx8_rtu.o(i.Uart_DMA_Config)
    i.__0sprintf$6                           0x08003dfc   Section        0  printf6.o(i.__0sprintf$6)
    i.__ARM_common_switch8                   0x08003e24   Section        0  mbmul.o(i.__ARM_common_switch8)
    i.__aeabi_errno_addr                     0x08003e40   Section        0  errno.o(i.__aeabi_errno_addr)
    i.__scatterload_copy                     0x08003e48   Section       14  handlers.o(i.__scatterload_copy)
    i.__scatterload_null                     0x08003e56   Section        2  handlers.o(i.__scatterload_null)
    i.__scatterload_zeroinit                 0x08003e58   Section       14  handlers.o(i.__scatterload_zeroinit)
    i._printf_core                           0x08003e68   Section        0  printf6.o(i._printf_core)
    _printf_core                             0x08003e69   Thumb Code   768  printf6.o(i._printf_core)
    i._printf_post_padding                   0x0800416c   Section        0  printf6.o(i._printf_post_padding)
    _printf_post_padding                     0x0800416d   Thumb Code    32  printf6.o(i._printf_post_padding)
    i._printf_pre_padding                    0x0800418c   Section        0  printf6.o(i._printf_pre_padding)
    _printf_pre_padding                      0x0800418d   Thumb Code    44  printf6.o(i._printf_pre_padding)
    i._sputc                                 0x080041b8   Section        0  printf6.o(i._sputc)
    _sputc                                   0x080041b9   Thumb Code    10  printf6.o(i._sputc)
    i.bsp_DelayMS                            0x080041c4   Section        0  timertask.o(i.bsp_DelayMS)
    i.delay_nop                              0x08004218   Section        0  soft_i2c.o(i.delay_nop)
    i.getCurrentTime                         0x08004228   Section        0  3gmodule.o(i.getCurrentTime)
    i.getRSSI                                0x08004294   Section        0  3gmodule.o(i.getRSSI)
    i.getRealTimeStamp                       0x08004324   Section        0  datapacket.o(i.getRealTimeStamp)
    i.getTimeStamp                           0x080043d4   Section        0  datapacket.o(i.getTimeStamp)
    i.init3GMTest                            0x0800441c   Section        0  3gmodule.o(i.init3GMTest)
    i.init3GModule                           0x08004470   Section        0  3gmodule.o(i.init3GModule)
    i.initRTC                                0x080044f4   Section        0  datapacket.o(i.initRTC)
    i.main                                   0x0800451c   Section        0  main.o(i.main)
    i.makeN6205_CRT_DataPack                 0x080046dc   Section        0  n_6205.o(i.makeN6205_CRT_DataPack)
    i.malloc                                 0x080049fc   Section        0  malloc.o(i.malloc)
    i.mqtt_pub                               0x08004a68   Section        0  qos0pub.o(i.mqtt_pub)
    i.prvResetNextTaskUnblockTime            0x08004b5c   Section        0  tasks.o(i.prvResetNextTaskUnblockTime)
    prvResetNextTaskUnblockTime              0x08004b5d   Thumb Code    46  tasks.o(i.prvResetNextTaskUnblockTime)
    i.sendATCommand                          0x08004b94   Section        0  3gmodule.o(i.sendATCommand)
    i.sendATCommtest                         0x08004c08   Section        0  3gmodule.o(i.sendATCommtest)
    i.sendOverTCP                            0x08004c7c   Section        0  3gmodule.o(i.sendOverTCP)
    i.sendOverTest                           0x08004d14   Section        0  3gmodule.o(i.sendOverTest)
    i.sendPacket                             0x08004da8   Section        0  3gmodule.o(i.sendPacket)
    i.transport_close                        0x08004e04   Section        0  transport.o(i.transport_close)
    i.transport_open                         0x08004e28   Section        0  transport.o(i.transport_open)
    i.transport_sendPacketBuffer             0x08004e94   Section        0  transport.o(i.transport_sendPacketBuffer)
    i.uxListRemove                           0x08004ec8   Section        0  list.o(i.uxListRemove)
    i.vGPIOConfiguration                     0x08004ef0   Section        0  main.o(i.vGPIOConfiguration)
    vGPIOConfiguration                       0x08004ef1   Thumb Code    78  main.o(i.vGPIOConfiguration)
    i.vIOSetLED                              0x08004f54   Section        0  main.o(i.vIOSetLED)
    vIOSetLED                                0x08004f55   Thumb Code    76  main.o(i.vIOSetLED)
    i.vLEDConfiguration                      0x08004fa4   Section        0  main.o(i.vLEDConfiguration)
    vLEDConfiguration                        0x08004fa5   Thumb Code   108  main.o(i.vLEDConfiguration)
    i.vListInsertEnd                         0x08005010   Section        0  list.o(i.vListInsertEnd)
    i.vMBPTimerISR                           0x08005028   Section        0  mbmul.o(i.vMBPTimerISR)
    i.vNVICConfiguration                     0x080050cc   Section        0  main.o(i.vNVICConfiguration)
    vNVICConfiguration                       0x080050cd   Thumb Code    60  main.o(i.vNVICConfiguration)
    i.vRCCConfiguration                      0x08005108   Section        0  main.o(i.vRCCConfiguration)
    vRCCConfiguration                        0x08005109   Thumb Code   108  main.o(i.vRCCConfiguration)
    i.vRS485Configuration                    0x08005178   Section        0  main.o(i.vRS485Configuration)
    vRS485Configuration                      0x08005179   Thumb Code   132  main.o(i.vRS485Configuration)
    i.vTaskSwitchContext                     0x08005204   Section        0  tasks.o(i.vTaskSwitchContext)
    i.vUARTConfiguration                     0x08005290   Section        0  main.o(i.vUARTConfiguration)
    i.writeCString                           0x080052bc   Section        0  mqttpacket.o(i.writeCString)
    i.writeChar                              0x080052e4   Section        0  mqttpacket.o(i.writeChar)
    i.writeInt                               0x080052f0   Section        0  mqttpacket.o(i.writeInt)
    i.writeMQTTString                        0x08005322   Section        0  mqttpacket.o(i.writeMQTTString)
    i.xTaskIncrementTick                     0x08005364   Section        0  tasks.o(i.xTaskIncrementTick)
    .constdata                               0x080054a4   Section       96  stm320xx8_rtu.o(.constdata)
    .constdata                               0x08005504   Section      240  dtu_test.o(.constdata)
    .constdata                               0x080055f4   Section       10  n_6205.o(.constdata)
    .constdata                               0x08005600   Section      118  qos0pub.o(.constdata)
    .constdata                               0x08005676   Section      129  ctype_o.o(.constdata)
    .constdata                               0x080056f8   Section        4  ctype_o.o(.constdata)
    table                                    0x080056f8   Data           4  ctype_o.o(.constdata)
    .constdata                               0x080056fc   Section       12  mktime.o(.constdata)
    monlen                                   0x080056fc   Data          12  mktime.o(.constdata)
    .constdata                               0x08005708   Section       12  localtime_i.o(.constdata)
    monlen                                   0x08005708   Data          12  localtime_i.o(.constdata)
    .conststring                             0x08005714   Section      223  3gmodule.o(.conststring)
    .data                                    0x20000000   Section       17  main.o(.data)
    HSEStartUpStatus                         0x20000000   Data           1  main.o(.data)
    Status3G                                 0x2000000c   Data           1  main.o(.data)
    Status3G                                 0x2000000d   Data           1  main.o(.data)
    tempTxLen                                0x2000000e   Data           2  main.o(.data)
    bIsInitalized                            0x20000010   Data           1  main.o(.data)
    .data                                    0x20000012   Section       35  stm32f0xx_it.o(.data)
    DMA_status                               0x20000032   Data           1  stm32f0xx_it.o(.data)
    tempflag                                 0x20000033   Data           1  stm32f0xx_it.o(.data)
    myRNCheck                                0x20000034   Data           1  stm32f0xx_it.o(.data)
    .data                                    0x20000038   Section       44  3gmodule.o(.data)
    .data                                    0x20000064   Section       16  datapacket.o(.data)
    .data                                    0x20000074   Section       38  setting.o(.data)
    jj                                       0x20000099   Data           1  setting.o(.data)
    .data                                    0x2000009c   Section       64  stm320xx8_rtu.o(.data)
    .data                                    0x200000dc   Section       36  dtu_test.o(.data)
    DTU_ALL_Code                             0x200000e4   Data          28  dtu_test.o(.data)
    .data                                    0x20000100   Section        3  mbmul.o(.data)
    eState                                   0x20000100   Data           1  mbmul.o(.data)
    MBcnt                                    0x20000101   Data           1  mbmul.o(.data)
    MBErrorcnt                               0x20000102   Data           1  mbmul.o(.data)
    .data                                    0x20000104   Section       12  n_6205.o(.data)
    Decode_STA                               0x20000109   Data           1  n_6205.o(.data)
    meg_cnt                                  0x2000010c   Data           4  n_6205.o(.data)
    .data                                    0x20000110   Section       16  stm32f0xx_rcc.o(.data)
    APBAHBPrescTable                         0x20000110   Data          16  stm32f0xx_rcc.o(.data)
    .data                                    0x20000120   Section       56  tasks.o(.data)
    pxDelayedTaskList                        0x20000124   Data           4  tasks.o(.data)
    pxOverflowDelayedTaskList                0x20000128   Data           4  tasks.o(.data)
    uxTasksDeleted                           0x2000012c   Data           4  tasks.o(.data)
    uxCurrentNumberOfTasks                   0x20000130   Data           4  tasks.o(.data)
    xTickCount                               0x20000134   Data           4  tasks.o(.data)
    uxTopReadyPriority                       0x20000138   Data           4  tasks.o(.data)
    xSchedulerRunning                        0x2000013c   Data           4  tasks.o(.data)
    uxPendedTicks                            0x20000140   Data           4  tasks.o(.data)
    xYieldPending                            0x20000144   Data           4  tasks.o(.data)
    xNumOfOverflows                          0x20000148   Data           4  tasks.o(.data)
    uxTaskNumber                             0x2000014c   Data           4  tasks.o(.data)
    xNextTaskUnblockTime                     0x20000150   Data           4  tasks.o(.data)
    uxSchedulerSuspended                     0x20000154   Data           4  tasks.o(.data)
    .data                                    0x20000158   Section       44  timertask.o(.data)
    Init_TIM                                 0x2000016a   Data           4  timertask.o(.data)
    timercount                               0x2000016e   Data           1  timertask.o(.data)
    CSQ_TIM                                  0x20000170   Data           4  timertask.o(.data)
    timerHcount                              0x20000174   Data           2  timertask.o(.data)
    N6205TIMCNT                              0x20000176   Data           6  timertask.o(.data)
    gettime                                  0x2000017c   Data           4  timertask.o(.data)
    qsptime                                  0x20000180   Data           4  timertask.o(.data)
    .data                                    0x20000184   Section        4  transport.o(.data)
    mysock                                   0x20000184   Data           4  transport.o(.data)
    .data                                    0x20000188   Section        4  strtok.o(.data)
    state                                    0x20000188   Data           4  strtok.o(.data)
    .data                                    0x2000018c   Section        4  mvars.o(.data)
    .data                                    0x20000190   Section        4  mvars.o(.data)
    .data                                    0x20000194   Section        4  errno.o(.data)
    _errno                                   0x20000194   Data           4  errno.o(.data)
    .bss                                     0x20000198   Section      556  main.o(.bss)
    .bss                                     0x200003c4   Section      632  stm32f0xx_it.o(.bss)
    .bss                                     0x2000063c   Section      280  setting.o(.bss)
    .bss                                     0x20000754   Section       30  mbmul.o(.bss)
    arxTimerHdls                             0x20000754   Data          30  mbmul.o(.bss)
    .bss                                     0x20000772   Section     2106  n_6205.o(.bss)
    .bss                                     0x20000fac   Section      200  tasks.o(.bss)
    pxReadyTasksLists                        0x20000fac   Data         100  tasks.o(.bss)
    xDelayedTaskList1                        0x20001010   Data          20  tasks.o(.bss)
    xDelayedTaskList2                        0x20001024   Data          20  tasks.o(.bss)
    xPendingReadyList                        0x20001038   Data          20  tasks.o(.bss)
    xTasksWaitingTermination                 0x2000104c   Data          20  tasks.o(.bss)
    xSuspendedTaskList                       0x20001060   Data          20  tasks.o(.bss)
    .bss                                     0x20001074   Section      600  qos0pub.o(.bss)
    .bss                                     0x200012cc   Section       44  localtime_w.o(.bss)
    _tms                                     0x200012cc   Data          44  localtime_w.o(.bss)
    HEAP                                     0x200012f8   Section     3072  startup_stm32f072.o(HEAP)
    STACK                                    0x20001ef8   Section     1024  startup_stm32f072.o(STACK)

    Global Symbols

    Symbol Name                              Value     Ov Type        Size  Object(Section)

    BuildAttributes$$THM_ISAv3M$S$PE$A:L22$X:L11$S22$IEEE1$IW$USESV6$~STKCKD$USESV7$~SHL$OTIME$ROPI$EBA8$MICROLIB$REQ8$PRES8$EABIv2 0x00000000   Number         0  anon$$obj.o ABSOLUTE
    __ARM_use_no_argv                        0x00000000   Number         0  main.o ABSOLUTE
    _printf_a                                0x00000000   Number         0  stubs.o ABSOLUTE
    _printf_c                                0x00000000   Number         0  stubs.o ABSOLUTE
    _printf_charcount                        0x00000000   Number         0  stubs.o ABSOLUTE
    _printf_d                                0x00000000   Number         0  stubs.o ABSOLUTE
    _printf_e                                0x00000000   Number         0  stubs.o ABSOLUTE
    _printf_f                                0x00000000   Number         0  stubs.o ABSOLUTE
    _printf_flags                            0x00000000   Number         0  stubs.o ABSOLUTE
    _printf_fp_dec                           0x00000000   Number         0  stubs.o ABSOLUTE
    _printf_fp_hex                           0x00000000   Number         0  stubs.o ABSOLUTE
    _printf_g                                0x00000000   Number         0  stubs.o ABSOLUTE
    _printf_i                                0x00000000   Number         0  stubs.o ABSOLUTE
    _printf_int_dec                          0x00000000   Number         0  stubs.o ABSOLUTE
    _printf_l                                0x00000000   Number         0  stubs.o ABSOLUTE
    _printf_lc                               0x00000000   Number         0  stubs.o ABSOLUTE
    _printf_ll                               0x00000000   Number         0  stubs.o ABSOLUTE
    _printf_lld                              0x00000000   Number         0  stubs.o ABSOLUTE
    _printf_lli                              0x00000000   Number         0  stubs.o ABSOLUTE
    _printf_llo                              0x00000000   Number         0  stubs.o ABSOLUTE
    _printf_llu                              0x00000000   Number         0  stubs.o ABSOLUTE
    _printf_llx                              0x00000000   Number         0  stubs.o ABSOLUTE
    _printf_longlong_dec                     0x00000000   Number         0  stubs.o ABSOLUTE
    _printf_longlong_hex                     0x00000000   Number         0  stubs.o ABSOLUTE
    _printf_longlong_oct                     0x00000000   Number         0  stubs.o ABSOLUTE
    _printf_ls                               0x00000000   Number         0  stubs.o ABSOLUTE
    _printf_mbtowc                           0x00000000   Number         0  stubs.o ABSOLUTE
    _printf_n                                0x00000000   Number         0  stubs.o ABSOLUTE
    _printf_o                                0x00000000   Number         0  stubs.o ABSOLUTE
    _printf_p                                0x00000000   Number         0  stubs.o ABSOLUTE
    _printf_percent                          0x00000000   Number         0  stubs.o ABSOLUTE
    _printf_pre_padding                      0x00000000   Number         0  stubs.o ABSOLUTE
    _printf_return_value                     0x00000000   Number         0  stubs.o ABSOLUTE
    _printf_s                                0x00000000   Number         0  stubs.o ABSOLUTE
    _printf_sizespec                         0x00000000   Number         0  stubs.o ABSOLUTE
    _printf_str                              0x00000000   Number         0  stubs.o ABSOLUTE
    _printf_truncate_signed                  0x00000000   Number         0  stubs.o ABSOLUTE
    _printf_truncate_unsigned                0x00000000   Number         0  stubs.o ABSOLUTE
    _printf_u                                0x00000000   Number         0  stubs.o ABSOLUTE
    _printf_wc                               0x00000000   Number         0  stubs.o ABSOLUTE
    _printf_wctomb                           0x00000000   Number         0  stubs.o ABSOLUTE
    _printf_widthprec                        0x00000000   Number         0  stubs.o ABSOLUTE
    _printf_x                                0x00000000   Number         0  stubs.o ABSOLUTE
    __cpp_initialize__aeabi_                  - Undefined Weak Reference
    __cxa_finalize                            - Undefined Weak Reference
    _clock_init                               - Undefined Weak Reference
    _microlib_exit                            - Undefined Weak Reference
    __Vectors_Size                           0x000000c0   Number         0  startup_stm32f072.o ABSOLUTE
    __Vectors                                0x08000000   Data           4  startup_stm32f072.o(RESET)
    __Vectors_End                            0x080000c0   Data           0  startup_stm32f072.o(RESET)
    __main                                   0x080000c1   Thumb Code     0  entry.o(.ARM.Collect$$$$00000000)
    _main_stk                                0x080000c1   Thumb Code     0  entry2.o(.ARM.Collect$$$$00000001)
    _main_scatterload                        0x080000c5   Thumb Code     0  entry5.o(.ARM.Collect$$$$00000004)
    __main_after_scatterload                 0x080000c9   Thumb Code     0  entry5.o(.ARM.Collect$$$$00000004)
    _main_clock                              0x080000c9   Thumb Code     0  entry7b.o(.ARM.Collect$$$$00000008)
    _main_cpp_init                           0x080000c9   Thumb Code     0  entry8b.o(.ARM.Collect$$$$0000000A)
    _main_init                               0x080000c9   Thumb Code     0  entry9a.o(.ARM.Collect$$$$0000000B)
    __rt_final_cpp                           0x080000d1   Thumb Code     0  entry10a.o(.ARM.Collect$$$$0000000D)
    __rt_final_exit                          0x080000d1   Thumb Code     0  entry11a.o(.ARM.Collect$$$$0000000F)
    __asm___6_port_c_39a90d8d__prvPortStartFirstTask 0x080000d5   Thumb Code    28  port.o(.emb_text)
    ulSetInterruptMaskFromISR                0x080000f5   Thumb Code     8  port.o(.emb_text)
    vClearInterruptMaskFromISR               0x080000fd   Thumb Code     6  port.o(.emb_text)
    PendSV_Handler                           0x08000103   Thumb Code    62  port.o(.emb_text)
    Reset_Handler                            0x08000145   Thumb Code     8  startup_stm32f072.o(.text)
    ADC1_COMP_IRQHandler                     0x08000157   Thumb Code     0  startup_stm32f072.o(.text)
    CEC_CAN_IRQHandler                       0x08000157   Thumb Code     0  startup_stm32f072.o(.text)
    DMA1_Channel1_IRQHandler                 0x08000157   Thumb Code     0  startup_stm32f072.o(.text)
    EXTI0_1_IRQHandler                       0x08000157   Thumb Code     0  startup_stm32f072.o(.text)
    EXTI2_3_IRQHandler                       0x08000157   Thumb Code     0  startup_stm32f072.o(.text)
    EXTI4_15_IRQHandler                      0x08000157   Thumb Code     0  startup_stm32f072.o(.text)
    FLASH_IRQHandler                         0x08000157   Thumb Code     0  startup_stm32f072.o(.text)
    I2C1_IRQHandler                          0x08000157   Thumb Code     0  startup_stm32f072.o(.text)
    I2C2_IRQHandler                          0x08000157   Thumb Code     0  startup_stm32f072.o(.text)
    PVD_VDDIO2_IRQHandler                    0x08000157   Thumb Code     0  startup_stm32f072.o(.text)
    RCC_CRS_IRQHandler                       0x08000157   Thumb Code     0  startup_stm32f072.o(.text)
    RTC_IRQHandler                           0x08000157   Thumb Code     0  startup_stm32f072.o(.text)
    SPI1_IRQHandler                          0x08000157   Thumb Code     0  startup_stm32f072.o(.text)
    SPI2_IRQHandler                          0x08000157   Thumb Code     0  startup_stm32f072.o(.text)
    TIM14_IRQHandler                         0x08000157   Thumb Code     0  startup_stm32f072.o(.text)
    TIM15_IRQHandler                         0x08000157   Thumb Code     0  startup_stm32f072.o(.text)
    TIM16_IRQHandler                         0x08000157   Thumb Code     0  startup_stm32f072.o(.text)
    TIM17_IRQHandler                         0x08000157   Thumb Code     0  startup_stm32f072.o(.text)
    TIM1_BRK_UP_TRG_COM_IRQHandler           0x08000157   Thumb Code     0  startup_stm32f072.o(.text)
    TIM1_CC_IRQHandler                       0x08000157   Thumb Code     0  startup_stm32f072.o(.text)
    TIM6_DAC_IRQHandler                      0x08000157   Thumb Code     0  startup_stm32f072.o(.text)
    TSC_IRQHandler                           0x08000157   Thumb Code     0  startup_stm32f072.o(.text)
    USART1_IRQHandler                        0x08000157   Thumb Code     0  startup_stm32f072.o(.text)
    USB_IRQHandler                           0x08000157   Thumb Code     0  startup_stm32f072.o(.text)
    WWDG_IRQHandler                          0x08000157   Thumb Code     0  startup_stm32f072.o(.text)
    __aeabi_uidiv                            0x08000161   Thumb Code     0  uidiv.o(.text)
    __aeabi_uidivmod                         0x08000161   Thumb Code    44  uidiv.o(.text)
    __aeabi_idiv                             0x0800018d   Thumb Code     0  idiv.o(.text)
    __aeabi_idivmod                          0x0800018d   Thumb Code    40  idiv.o(.text)
    __rt_ctype_table                         0x080001b5   Thumb Code     4  ctype_o.o(.text)
    mktime                                   0x080001bd   Thumb Code   124  mktime.o(.text)
    __aeabi_memcpy                           0x08000249   Thumb Code    36  memcpya.o(.text)
    __aeabi_memcpy4                          0x08000249   Thumb Code     0  memcpya.o(.text)
    __aeabi_memcpy8                          0x08000249   Thumb Code     0  memcpya.o(.text)
    __aeabi_memset                           0x0800026d   Thumb Code    14  memseta.o(.text)
    __aeabi_memset4                          0x0800026d   Thumb Code     0  memseta.o(.text)
    __aeabi_memset8                          0x0800026d   Thumb Code     0  memseta.o(.text)
    __aeabi_memclr                           0x0800027b   Thumb Code     4  memseta.o(.text)
    __aeabi_memclr4                          0x0800027b   Thumb Code     0  memseta.o(.text)
    __aeabi_memclr8                          0x0800027b   Thumb Code     0  memseta.o(.text)
    _memset$wrapper                          0x0800027f   Thumb Code    18  memseta.o(.text)
    strcat                                   0x08000291   Thumb Code    24  strcat.o(.text)
    strncpy                                  0x080002a9   Thumb Code    26  strncpy.o(.text)
    strchr                                   0x080002c3   Thumb Code    20  strchr.o(.text)
    strlen                                   0x080002d7   Thumb Code    14  strlen.o(.text)
    strcpy                                   0x080002e5   Thumb Code    18  strcpy.o(.text)
    strncmp                                  0x080002f7   Thumb Code    30  strncmp.o(.text)
    strtok                                   0x08000315   Thumb Code    68  strtok.o(.text)
    atoi                                     0x0800035d   Thumb Code    26  atoi.o(.text)
    localtime                                0x08000379   Thumb Code    10  localtime_w.o(.text)
    _localtime                               0x08000389   Thumb Code   104  localtime_i.o(.text)
    strtol                                   0x080003fd   Thumb Code   108  strtol.o(.text)
    __scatterload                            0x0800046d   Thumb Code    28  init.o(.text)
    __scatterload_rt2                        0x0800046d   Thumb Code     0  init.o(.text)
    _strtoul                                 0x08000491   Thumb Code   166  _strtoul.o(.text)
    _chval                                   0x08000537   Thumb Code    30  _chval.o(.text)
    __decompress                             0x08000555   Thumb Code     0  __dczerorl2.o(.text)
    __decompress1                            0x08000555   Thumb Code    86  __dczerorl2.o(.text)
    AT24C02_SDA_IO_SET                       0x080005ad   Thumb Code    54  soft_i2c.o(i.AT24C02_SDA_IO_SET)
    AT24CXX_Init                             0x080005e9   Thumb Code     8  24cxx.o(i.AT24CXX_Init)
    AT24CXX_Read                             0x080005f1   Thumb Code    36  24cxx.o(i.AT24CXX_Read)
    AT24CXX_ReadOneByte                      0x08000615   Thumb Code    84  24cxx.o(i.AT24CXX_ReadOneByte)
    AT24CXX_Write                            0x08000669   Thumb Code    46  24cxx.o(i.AT24CXX_Write)
    AT24CXX_WriteOneByte                     0x08000697   Thumb Code    72  24cxx.o(i.AT24CXX_WriteOneByte)
    AutoBauRate_StartBitMethod               0x080006e1   Thumb Code   212  dtu_test.o(i.AutoBauRate_StartBitMethod)
    AutoBauRate_StopBitMethod                0x080007dd   Thumb Code    12  dtu_test.o(i.AutoBauRate_StopBitMethod)
    DMA1_Channel2_3_IRQHandler               0x080007ed   Thumb Code    32  stm32f0xx_it.o(i.DMA1_Channel2_3_IRQHandler)
    DMA1_Channel4_5_6_7_IRQHandler           0x08000815   Thumb Code    78  stm32f0xx_it.o(i.DMA1_Channel4_5_6_7_IRQHandler)
    DMA_DeInit                               0x08000875   Thumb Code   208  stm32f0xx_dma.o(i.DMA_DeInit)
    DMA_ITConfig                             0x0800094d   Thumb Code    20  stm32f0xx_dma.o(i.DMA_ITConfig)
    DMA_Init                                 0x08000961   Thumb Code    58  stm32f0xx_dma.o(i.DMA_Init)
    Data_Upload                              0x08000c45   Thumb Code   260  main.o(i.Data_Upload)
    Delay                                    0x08000d6d   Thumb Code   226  3gmodule.o(i.Delay)
    FLASH_PrefetchBufferCmd                  0x08000ea5   Thumb Code    32  stm32f0xx_flash.o(i.FLASH_PrefetchBufferCmd)
    FLASH_SetLatency                         0x08000ec9   Thumb Code    24  stm32f0xx_flash.o(i.FLASH_SetLatency)
    GPIO_Configuration                       0x08000ee5   Thumb Code    20  soft_i2c.o(i.GPIO_Configuration)
    GPIO_Init                                0x08000efd   Thumb Code   144  stm32f0xx_gpio.o(i.GPIO_Init)
    GPIO_PinAFConfig                         0x08000f8d   Thumb Code    68  stm32f0xx_gpio.o(i.GPIO_PinAFConfig)
    GPIO_ReadInputDataBit                    0x08000fd1   Thumb Code    20  stm32f0xx_gpio.o(i.GPIO_ReadInputDataBit)
    GPIO_ReadOutputDataBit                   0x08000fe5   Thumb Code    20  stm32f0xx_gpio.o(i.GPIO_ReadOutputDataBit)
    GPIO_ResetBits                           0x08000ff9   Thumb Code     4  stm32f0xx_gpio.o(i.GPIO_ResetBits)
    GPIO_SetBits                             0x08000ffd   Thumb Code     4  stm32f0xx_gpio.o(i.GPIO_SetBits)
    HardFault_Handler                        0x08001001   Thumb Code     4  stm32f0xx_it.o(i.HardFault_Handler)
    I2C_TEST                                 0x08001005   Thumb Code   184  dtu_test.o(i.I2C_TEST)
    IIC_Init                                 0x080010f1   Thumb Code    32  soft_i2c.o(i.IIC_Init)
    IIC_Read_Byte                            0x08001115   Thumb Code   104  soft_i2c.o(i.IIC_Read_Byte)
    IIC_Send_Byte                            0x08001181   Thumb Code   104  soft_i2c.o(i.IIC_Send_Byte)
    IIC_Start                                0x080011ed   Thumb Code    52  soft_i2c.o(i.IIC_Start)
    IIC_Stop                                 0x08001225   Thumb Code    40  soft_i2c.o(i.IIC_Stop)
    IIC_Wait_Ack                             0x08001251   Thumb Code    66  soft_i2c.o(i.IIC_Wait_Ack)
    LedAllOff                                0x0800129d   Thumb Code    40  main.o(i.LedAllOff)
    LedAllOn                                 0x080012c5   Thumb Code    40  main.o(i.LedAllOn)
    LoadSetting                              0x080012ed   Thumb Code   372  setting.o(i.LoadSetting)
    MQTTPacket_encode                        0x08001569   Thumb Code    54  mqttpacket.o(i.MQTTPacket_encode)
    MQTTPacket_len                           0x080015a1   Thumb Code    36  mqttpacket.o(i.MQTTPacket_len)
    MQTTSerialize_connect                    0x080015c9   Thumb Code   394  mqttconnectclient.o(i.MQTTSerialize_connect)
    MQTTSerialize_connectLength              0x08001765   Thumb Code   128  mqttconnectclient.o(i.MQTTSerialize_connectLength)
    MQTTSerialize_disconnect                 0x080017e5   Thumb Code    18  mqttconnectclient.o(i.MQTTSerialize_disconnect)
    MQTTSerialize_publish                    0x080017f7   Thumb Code   190  mqttserializepublish.o(i.MQTTSerialize_publish)
    MQTTSerialize_publishLength              0x080018b5   Thumb Code    34  mqttserializepublish.o(i.MQTTSerialize_publishLength)
    MQTTSerialize_zero                       0x080018d7   Thumb Code    78  mqttconnectclient.o(i.MQTTSerialize_zero)
    MQTTstrlen                               0x08001925   Thumb Code    26  mqttpacket.o(i.MQTTstrlen)
    NMI_Handler                              0x0800193f   Thumb Code     2  stm32f0xx_it.o(i.NMI_Handler)
    NVIC_Init                                0x08001941   Thumb Code   106  stm32f0xx_misc.o(i.NVIC_Init)
    N_6205Pro_Decode                         0x080019b1   Thumb Code  1374  n_6205.o(i.N_6205Pro_Decode)
    PWR_BackupAccessCmd                      0x08001f19   Thumb Code    36  stm32f0xx_pwr.o(i.PWR_BackupAccessCmd)
    Pro_Upload                               0x08001f41   Thumb Code   146  main.o(i.Pro_Upload)
    RCC_AHBPeriphClockCmd                    0x08001fe9   Thumb Code    28  stm32f0xx_rcc.o(i.RCC_AHBPeriphClockCmd)
    RCC_APB1PeriphClockCmd                   0x08002009   Thumb Code    28  stm32f0xx_rcc.o(i.RCC_APB1PeriphClockCmd)
    RCC_APB1PeriphResetCmd                   0x08002029   Thumb Code    28  stm32f0xx_rcc.o(i.RCC_APB1PeriphResetCmd)
    RCC_APB2PeriphResetCmd                   0x08002049   Thumb Code    28  stm32f0xx_rcc.o(i.RCC_APB2PeriphResetCmd)
    RCC_DeInit                               0x08002069   Thumb Code   104  stm32f0xx_rcc.o(i.RCC_DeInit)
    RCC_GetClocksFreq                        0x080020dd   Thumb Code   468  stm32f0xx_rcc.o(i.RCC_GetClocksFreq)
    RCC_GetFlagStatus                        0x080022cd   Thumb Code    68  stm32f0xx_rcc.o(i.RCC_GetFlagStatus)
    RCC_GetSYSCLKSource                      0x08002315   Thumb Code    10  stm32f0xx_rcc.o(i.RCC_GetSYSCLKSource)
    RCC_HCLKConfig                           0x08002325   Thumb Code    28  stm32f0xx_rcc.o(i.RCC_HCLKConfig)
    RCC_HSEConfig                            0x08002345   Thumb Code    12  stm32f0xx_rcc.o(i.RCC_HSEConfig)
    RCC_LSEConfig                            0x08002355   Thumb Code    34  stm32f0xx_rcc.o(i.RCC_LSEConfig)
    RCC_PCLKConfig                           0x0800237d   Thumb Code    30  stm32f0xx_rcc.o(i.RCC_PCLKConfig)
    RCC_PLLCmd                               0x080023a1   Thumb Code    36  stm32f0xx_rcc.o(i.RCC_PLLCmd)
    RCC_PLLConfig                            0x080023c9   Thumb Code    30  stm32f0xx_rcc.o(i.RCC_PLLConfig)
    RCC_RTCCLKCmd                            0x080023ed   Thumb Code    36  stm32f0xx_rcc.o(i.RCC_RTCCLKCmd)
    RCC_RTCCLKConfig                         0x08002415   Thumb Code    12  stm32f0xx_rcc.o(i.RCC_RTCCLKConfig)
    RCC_SYSCLKConfig                         0x08002425   Thumb Code    24  stm32f0xx_rcc.o(i.RCC_SYSCLKConfig)
    RCC_WaitForHSEStartUp                    0x08002441   Thumb Code    60  stm32f0xx_rcc.o(i.RCC_WaitForHSEStartUp)
    RTC_EnterInitMode                        0x08002501   Thumb Code    82  stm32f0xx_rtc.o(i.RTC_EnterInitMode)
    RTC_ExitInitMode                         0x08002559   Thumb Code    14  stm32f0xx_rtc.o(i.RTC_ExitInitMode)
    RTC_GetDate                              0x0800256d   Thumb Code    88  stm32f0xx_rtc.o(i.RTC_GetDate)
    RTC_GetTime                              0x080025cd   Thumb Code    84  stm32f0xx_rtc.o(i.RTC_GetTime)
    RTC_Init                                 0x08002629   Thumb Code    84  stm32f0xx_rtc.o(i.RTC_Init)
    RTC_ReadBackupRegister                   0x08002681   Thumb Code    26  stm32f0xx_rtc.o(i.RTC_ReadBackupRegister)
    RTC_SetDate                              0x080026a1   Thumb Code   198  stm32f0xx_rtc.o(i.RTC_SetDate)
    RTC_SetTime                              0x08002771   Thumb Code   208  stm32f0xx_rtc.o(i.RTC_SetTime)
    RTC_TimeRegulate                         0x08002849   Thumb Code   102  datapacket.o(i.RTC_TimeRegulate)
    RTC_WaitForSynchro                       0x080028bd   Thumb Code   104  stm32f0xx_rtc.o(i.RTC_WaitForSynchro)
    RTC_WriteBackupRegister                  0x08002929   Thumb Code    24  stm32f0xx_rtc.o(i.RTC_WriteBackupRegister)
    ReceiveSetting                           0x08002945   Thumb Code  1708  setting.o(i.ReceiveSetting)
    STM_RTU_COMInit                          0x08003021   Thumb Code   318  stm320xx8_rtu.o(i.STM_RTU_COMInit)
    STM_RTU_LEDInit                          0x080031a1   Thumb Code    68  stm320xx8_rtu.o(i.STM_RTU_LEDInit)
    STM_RTU_LEDOff                           0x080031f1   Thumb Code    16  stm320xx8_rtu.o(i.STM_RTU_LEDOff)
    STM_RTU_LEDOn                            0x08003209   Thumb Code    16  stm320xx8_rtu.o(i.STM_RTU_LEDOn)
    STM_RTU_NVICInit                         0x08003221   Thumb Code    22  stm320xx8_rtu.o(i.STM_RTU_NVICInit)
    SVC_Handler                              0x08003237   Thumb Code     2  port.o(i.SVC_Handler)
    SysTick_Handler                          0x08003311   Thumb Code    32  port.o(i.SysTick_Handler)
    SystemInit                               0x08003335   Thumb Code   110  system_stm32f0xx.o(i.SystemInit)
    TIM2_IRQHandler                          0x080033b1   Thumb Code   588  timertask.o(i.TIM2_IRQHandler)
    TIM3_IRQHandler                          0x08003655   Thumb Code    28  stm32f0xx_it.o(i.TIM3_IRQHandler)
    TIM7_Config                              0x08003675   Thumb Code    54  timertask.o(i.TIM7_Config)
    TIM7_IRQHandler                          0x080036b1   Thumb Code    64  timertask.o(i.TIM7_IRQHandler)
    TIM_ClearFlag                            0x08003701   Thumb Code     6  stm32f0xx_tim.o(i.TIM_ClearFlag)
    TIM_ClearITPendingBit                    0x08003707   Thumb Code     6  stm32f0xx_tim.o(i.TIM_ClearITPendingBit)
    TIM_Cmd                                  0x0800370d   Thumb Code    24  stm32f0xx_tim.o(i.TIM_Cmd)
    TIM_Configuration                        0x08003729   Thumb Code    56  timertask.o(i.TIM_Configuration)
    TIM_GetFlagStatus                        0x08003761   Thumb Code    20  stm32f0xx_tim.o(i.TIM_GetFlagStatus)
    TIM_GetITStatus                          0x08003775   Thumb Code    38  stm32f0xx_tim.o(i.TIM_GetITStatus)
    TIM_ITConfig                             0x0800379b   Thumb Code    20  stm32f0xx_tim.o(i.TIM_ITConfig)
    TIM_SelectOnePulseMode                   0x080037b1   Thumb Code    16  stm32f0xx_tim.o(i.TIM_SelectOnePulseMode)
    TIM_TimeBaseInit                         0x080037c5   Thumb Code    90  stm32f0xx_tim.o(i.TIM_TimeBaseInit)
    USART2_IRQHandler                        0x08003841   Thumb Code   156  stm32f0xx_it.o(i.USART2_IRQHandler)
    USART3_4_IRQHandler                      0x0800390d   Thumb Code    10  stm32f0xx_it.o(i.USART3_4_IRQHandler)
    USART_AutoBaudRateCmd                    0x0800391d   Thumb Code    28  stm32f0xx_usart.o(i.USART_AutoBaudRateCmd)
    USART_AutoBaudRateConfig                 0x08003939   Thumb Code    18  stm32f0xx_usart.o(i.USART_AutoBaudRateConfig)
    USART_Cmd                                0x0800394b   Thumb Code    24  stm32f0xx_usart.o(i.USART_Cmd)
    USART_DECmd                              0x08003963   Thumb Code    28  stm32f0xx_usart.o(i.USART_DECmd)
    USART_DEPolarityConfig                   0x0800397f   Thumb Code    18  stm32f0xx_usart.o(i.USART_DEPolarityConfig)
    USART_DMACmd                             0x08003991   Thumb Code    20  stm32f0xx_usart.o(i.USART_DMACmd)
    USART_DeInit                             0x080039a5   Thumb Code   108  stm32f0xx_usart.o(i.USART_DeInit)
    USART_GetFlagStatus                      0x08003a21   Thumb Code    20  stm32f0xx_usart.o(i.USART_GetFlagStatus)
    USART_GetITStatus                        0x08003a35   Thumb Code    78  stm32f0xx_usart.o(i.USART_GetITStatus)
    USART_ITConfig                           0x08003a83   Thumb Code    66  stm32f0xx_usart.o(i.USART_ITConfig)
    USART_Init                               0x08003ac5   Thumb Code   214  stm32f0xx_usart.o(i.USART_Init)
    USART_ReceiveData                        0x08003bad   Thumb Code    10  stm32f0xx_usart.o(i.USART_ReceiveData)
    USART_SendData                           0x08003bb7   Thumb Code     8  stm32f0xx_usart.o(i.USART_SendData)
    USART_SetDEAssertionTime                 0x08003bbf   Thumb Code    20  stm32f0xx_usart.o(i.USART_SetDEAssertionTime)
    USART_SetDEDeassertionTime               0x08003bd3   Thumb Code    20  stm32f0xx_usart.o(i.USART_SetDEDeassertionTime)
    USARTx_IRQHandler                        0x08003be9   Thumb Code   382  stm32f0xx_it.o(i.USARTx_IRQHandler)
    Uart_DMA_Config                          0x08003da9   Thumb Code    82  stm320xx8_rtu.o(i.Uart_DMA_Config)
    __0sprintf$6                             0x08003dfd   Thumb Code    36  printf6.o(i.__0sprintf$6)
    __1sprintf$6                             0x08003dfd   Thumb Code     0  printf6.o(i.__0sprintf$6)
    __2sprintf                               0x08003dfd   Thumb Code     0  printf6.o(i.__0sprintf$6)
    __ARM_common_switch8                     0x08003e25   Thumb Code    28  mbmul.o(i.__ARM_common_switch8)
    __aeabi_errno_addr                       0x08003e41   Thumb Code     4  errno.o(i.__aeabi_errno_addr)
    __rt_errno_addr                          0x08003e41   Thumb Code     0  errno.o(i.__aeabi_errno_addr)
    __scatterload_copy                       0x08003e49   Thumb Code    14  handlers.o(i.__scatterload_copy)
    __scatterload_null                       0x08003e57   Thumb Code     2  handlers.o(i.__scatterload_null)
    __scatterload_zeroinit                   0x08003e59   Thumb Code    14  handlers.o(i.__scatterload_zeroinit)
    bsp_DelayMS                              0x080041c5   Thumb Code    76  timertask.o(i.bsp_DelayMS)
    delay_nop                                0x08004219   Thumb Code    16  soft_i2c.o(i.delay_nop)
    getCurrentTime                           0x08004229   Thumb Code    70  3gmodule.o(i.getCurrentTime)
    getRSSI                                  0x08004295   Thumb Code   120  3gmodule.o(i.getRSSI)
    getRealTimeStamp                         0x08004325   Thumb Code   172  datapacket.o(i.getRealTimeStamp)
    getTimeStamp                             0x080043d5   Thumb Code    70  datapacket.o(i.getTimeStamp)
    init3GMTest                              0x0800441d   Thumb Code    66  3gmodule.o(i.init3GMTest)
    init3GModule                             0x08004471   Thumb Code   102  3gmodule.o(i.init3GModule)
    initRTC                                  0x080044f5   Thumb Code    34  datapacket.o(i.initRTC)
    main                                     0x0800451d   Thumb Code   388  main.o(i.main)
    makeN6205_CRT_DataPack                   0x080046dd   Thumb Code   748  n_6205.o(i.makeN6205_CRT_DataPack)
    malloc                                   0x080049fd   Thumb Code    92  malloc.o(i.malloc)
    mqtt_pub                                 0x08004a69   Thumb Code   224  qos0pub.o(i.mqtt_pub)
    sendATCommand                            0x08004b95   Thumb Code    86  3gmodule.o(i.sendATCommand)
    sendATCommtest                           0x08004c09   Thumb Code    86  3gmodule.o(i.sendATCommtest)
    sendOverTCP                              0x08004c7d   Thumb Code   116  3gmodule.o(i.sendOverTCP)
    sendOverTest                             0x08004d15   Thumb Code   114  3gmodule.o(i.sendOverTest)
    sendPacket                               0x08004da9   Thumb Code    70  3gmodule.o(i.sendPacket)
    transport_close                          0x08004e05   Thumb Code    16  transport.o(i.transport_close)
    transport_open                           0x08004e29   Thumb Code    66  transport.o(i.transport_open)
    transport_sendPacketBuffer               0x08004e95   Thumb Code    38  transport.o(i.transport_sendPacketBuffer)
    uxListRemove                             0x08004ec9   Thumb Code    40  list.o(i.uxListRemove)
    vListInsertEnd                           0x08005011   Thumb Code    24  list.o(i.vListInsertEnd)
    vMBPTimerISR                             0x08005029   Thumb Code   148  mbmul.o(i.vMBPTimerISR)
    vTaskSwitchContext                       0x08005205   Thumb Code   120  tasks.o(i.vTaskSwitchContext)
    vUARTConfiguration                       0x08005291   Thumb Code    44  main.o(i.vUARTConfiguration)
    writeCString                             0x080052bd   Thumb Code    40  mqttpacket.o(i.writeCString)
    writeChar                                0x080052e5   Thumb Code    12  mqttpacket.o(i.writeChar)
    writeInt                                 0x080052f1   Thumb Code    50  mqttpacket.o(i.writeInt)
    writeMQTTString                          0x08005323   Thumb Code    64  mqttpacket.o(i.writeMQTTString)
    xTaskIncrementTick                       0x08005365   Thumb Code   274  tasks.o(i.xTaskIncrementTick)
    GPIO_PIN                                 0x080054a4   Data          16  stm320xx8_rtu.o(.constdata)
    GPIO_CLK                                 0x080054b4   Data          32  stm320xx8_rtu.o(.constdata)
    COM_USART_CLK                            0x080054d4   Data           8  stm320xx8_rtu.o(.constdata)
    COM_TX_PORT_CLK                          0x080054dc   Data           8  stm320xx8_rtu.o(.constdata)
    COM_RX_PORT_CLK                          0x080054e4   Data           8  stm320xx8_rtu.o(.constdata)
    COM_TX_PIN                               0x080054ec   Data           4  stm320xx8_rtu.o(.constdata)
    COM_RX_PIN                               0x080054f0   Data           4  stm320xx8_rtu.o(.constdata)
    COM_DE_PIN                               0x080054f4   Data           4  stm320xx8_rtu.o(.constdata)
    COM_TX_PIN_SOURCE                        0x080054f8   Data           2  stm320xx8_rtu.o(.constdata)
    COM_RX_PIN_SOURCE                        0x080054fa   Data           2  stm320xx8_rtu.o(.constdata)
    COM_DE_PIN_SOURCE                        0x080054fc   Data           2  stm320xx8_rtu.o(.constdata)
    COM_TX_AF                                0x080054fe   Data           2  stm320xx8_rtu.o(.constdata)
    COM_RX_AF                                0x08005500   Data           2  stm320xx8_rtu.o(.constdata)
    COM_DE_AF                                0x08005502   Data           2  stm320xx8_rtu.o(.constdata)
    __ctype_table                            0x08005676   Data         129  ctype_o.o(.constdata)
    Region$$Table$$Base                      0x080057f4   Number         0  anon$$obj.o(Region$$Table)
    Region$$Table$$Limit                     0x08005814   Number         0  anon$$obj.o(Region$$Table)
    bPub                                     0x20000001   Data           1  main.o(.data)
    configMode                               0x20000002   Data           1  main.o(.data)
    DataMiningMode                           0x20000003   Data           1  main.o(.data)
    ttemp                                    0x20000004   Data           8  main.o(.data)
    NbrOfDataToTransfer                      0x20000012   Data           2  stm32f0xx_it.o(.data)
    NbrOfDataToRead                          0x20000014   Data           2  stm32f0xx_it.o(.data)
    TxCount                                  0x20000016   Data           2  stm32f0xx_it.o(.data)
    RxCount                                  0x20000018   Data           2  stm32f0xx_it.o(.data)
    RxCount11                                0x2000001a   Data           2  stm32f0xx_it.o(.data)
    N_RxCount                                0x2000001c   Data           2  stm32f0xx_it.o(.data)
    N_TxCount                                0x2000001e   Data           2  stm32f0xx_it.o(.data)
    RxCount1                                 0x20000020   Data           1  stm32f0xx_it.o(.data)
    runningFlag                              0x20000021   Data           1  stm32f0xx_it.o(.data)
    TestFlag                                 0x20000022   Data           1  stm32f0xx_it.o(.data)
    bRecord                                  0x20000023   Data           1  stm32f0xx_it.o(.data)
    TCP_Finsh                                0x20000024   Data           1  stm32f0xx_it.o(.data)
    proC                                     0x20000025   Data           1  stm32f0xx_it.o(.data)
    rnCount                                  0x20000026   Data           1  stm32f0xx_it.o(.data)
    myRN                                     0x20000027   Data           1  stm32f0xx_it.o(.data)
    myRN1                                    0x20000028   Data           1  stm32f0xx_it.o(.data)
    Message_status                           0x20000029   Data           1  stm32f0xx_it.o(.data)
    Message_class                            0x2000002a   Data           6  stm32f0xx_it.o(.data)
    jds                                      0x20000030   Data           1  stm32f0xx_it.o(.data)
    WorkMode                                 0x20000031   Data           1  stm32f0xx_it.o(.data)
    QSN_Flag                                 0x20000038   Data           1  3gmodule.o(.data)
    QSP_Vaule                                0x2000003a   Data           2  3gmodule.o(.data)
    AT_CMD                                   0x2000003c   Data          40  3gmodule.o(.data)
    AsynchPrediv                             0x20000064   Data           4  datapacket.o(.data)
    SynchPrediv                              0x20000068   Data           4  datapacket.o(.data)
    dataCounter                              0x2000006c   Data           1  datapacket.o(.data)
    t                                        0x20000070   Data           4  datapacket.o(.data)
    pos                                      0x20000074   Data           2  setting.o(.data)
    counter                                  0x20000076   Data           1  setting.o(.data)
    srl                                      0x20000078   Data           8  setting.o(.data)
    Heart_time                               0x20000080   Data           1  setting.o(.data)
    hCCID                                    0x20000081   Data           6  setting.o(.data)
    EppromFlag                               0x20000087   Data           1  setting.o(.data)
    ASCIICCID                                0x20000088   Data          17  setting.o(.data)
    GPIO_PORT                                0x2000009c   Data          32  stm320xx8_rtu.o(.data)
    COM_USART                                0x200000bc   Data           8  stm320xx8_rtu.o(.data)
    COM_TX_PORT                              0x200000c4   Data           8  stm320xx8_rtu.o(.data)
    COM_RX_PORT                              0x200000cc   Data           8  stm320xx8_rtu.o(.data)
    COM_DE_PORT                              0x200000d4   Data           8  stm320xx8_rtu.o(.data)
    DTU_TestSta                              0x200000dc   Data           1  dtu_test.o(.data)
    baudrateval                              0x200000e0   Data           4  dtu_test.o(.data)
    FirstHeart                               0x20000104   Data           1  n_6205.o(.data)
    NEWMSG_FLAG                              0x20000105   Data           1  n_6205.o(.data)
    ucN_6205Send_FLAG                        0x20000106   Data           1  n_6205.o(.data)
    ucN_6205Heart_FLAG                       0x20000107   Data           1  n_6205.o(.data)
    ucN_6205Device_FLAG                      0x20000108   Data           1  n_6205.o(.data)
    pxCurrentTCB                             0x20000120   Data           4  tasks.o(.data)
    xTimers                                  0x20000158   Data           8  timertask.o(.data)
    getRSSItimeFlag                          0x20000160   Data           1  timertask.o(.data)
    getRealtimeFlag                          0x20000161   Data           1  timertask.o(.data)
    HW_N3030_SendFlag                        0x20000162   Data           1  timertask.o(.data)
    ucN_6205RX_FLAG                          0x20000163   Data           1  timertask.o(.data)
    timerNcount                              0x20000164   Data           2  timertask.o(.data)
    N6205RXTIMCNT                            0x20000166   Data           1  timertask.o(.data)
    SYS_Init_Flag                            0x20000167   Data           1  timertask.o(.data)
    D_TIMflag                                0x20000168   Data           1  timertask.o(.data)
    QSP_TIMflag                              0x20000169   Data           1  timertask.o(.data)
    __microlib_freelist                      0x2000018c   Data           4  mvars.o(.data)
    __microlib_freelist_initialised          0x20000190   Data           4  mvars.o(.data)
    timestr                                  0x20000198   Data          21  main.o(.bss)
    volt                                     0x200001b0   Data          32  main.o(.bss)
    dataBuf                                  0x200001d0   Data         500  main.o(.bss)
    TxBuffer                                 0x200003c4   Data         300  stm32f0xx_it.o(.bss)
    RxBuffer                                 0x200004f0   Data         332  stm32f0xx_it.o(.bss)
    csr                                      0x2000063c   Data         200  setting.o(.bss)
    pPoints                                  0x20000704   Data          80  setting.o(.bss)
    HW_N6205MSG                              0x20000772   Data         516  n_6205.o(.bss)
    stWirelessBase                           0x20000976   Data        1590  n_6205.o(.bss)
    mqttbuf                                  0x20001074   Data         600  qos0pub.o(.bss)
    __heap_base                              0x200012f8   Data           0  startup_stm32f072.o(HEAP)
    __heap_limit                             0x20001ef8   Data           0  startup_stm32f072.o(HEAP)
    __initial_sp                             0x200022f8   Data           0  startup_stm32f072.o(STACK)



==============================================================================

Memory Map of the image

  Image Entry point : 0x080000c1

  Load Region LR_IROM1 (Base: 0x08000000, Size: 0x000059ac, Max: 0x00020000, ABSOLUTE, COMPRESSED[0x00005884])

    Execution Region ER_IROM1 (Base: 0x08000000, Size: 0x00005814, Max: 0x00020000, ABSOLUTE)

    Base Addr    Size         Type   Attr      Idx    E Section Name        Object

    0x08000000   0x000000c0   Data   RO         5462    RESET               startup_stm32f072.o
    0x080000c0   0x00000000   Code   RO         7728  * .ARM.Collect$$$$00000000  mc_p.l(entry.o)
    0x080000c0   0x00000004   Code   RO         8097    .ARM.Collect$$$$00000001  mc_p.l(entry2.o)
    0x080000c4   0x00000004   Code   RO         8100    .ARM.Collect$$$$00000004  mc_p.l(entry5.o)
    0x080000c8   0x00000000   Code   RO         8102    .ARM.Collect$$$$00000008  mc_p.l(entry7b.o)
    0x080000c8   0x00000000   Code   RO         8104    .ARM.Collect$$$$0000000A  mc_p.l(entry8b.o)
    0x080000c8   0x00000008   Code   RO         8105    .ARM.Collect$$$$0000000B  mc_p.l(entry9a.o)
    0x080000d0   0x00000000   Code   RO         8107    .ARM.Collect$$$$0000000D  mc_p.l(entry10a.o)
    0x080000d0   0x00000000   Code   RO         8109    .ARM.Collect$$$$0000000F  mc_p.l(entry11a.o)
    0x080000d0   0x00000004   Code   RO         8098    .ARM.Collect$$$$00002712  mc_p.l(entry2.o)
    0x080000d4   0x00000070   Code   RO         6199    .emb_text           port.o
    0x08000144   0x0000001c   Code   RO         5463    .text               startup_stm32f072.o
    0x08000160   0x0000002c   Code   RO         7733    .text               mc_p.l(uidiv.o)
    0x0800018c   0x00000028   Code   RO         7735    .text               mc_p.l(idiv.o)
    0x080001b4   0x00000008   Code   RO         7737    .text               mc_p.l(ctype_o.o)
    0x080001bc   0x0000008c   Code   RO         7769    .text               mc_p.l(mktime.o)
    0x08000248   0x00000024   Code   RO         7772    .text               mc_p.l(memcpya.o)
    0x0800026c   0x00000024   Code   RO         7774    .text               mc_p.l(memseta.o)
    0x08000290   0x00000018   Code   RO         7776    .text               mc_p.l(strcat.o)
    0x080002a8   0x0000001a   Code   RO         7778    .text               mc_p.l(strncpy.o)
    0x080002c2   0x00000014   Code   RO         7780    .text               mc_p.l(strchr.o)
    0x080002d6   0x0000000e   Code   RO         7782    .text               mc_p.l(strlen.o)
    0x080002e4   0x00000012   Code   RO         7786    .text               mc_p.l(strcpy.o)
    0x080002f6   0x0000001e   Code   RO         7788    .text               mc_p.l(strncmp.o)
    0x08000314   0x00000048   Code   RO         7790    .text               mc_p.l(strtok.o)
    0x0800035c   0x0000001a   Code   RO         8089    .text               mc_p.l(atoi.o)
    0x08000376   0x00000002   PAD
    0x08000378   0x00000010   Code   RO         8128    .text               mc_p.l(localtime_w.o)
    0x08000388   0x00000074   Code   RO         8131    .text               mc_p.l(localtime_i.o)
    0x080003fc   0x00000070   Code   RO         8143    .text               mc_p.l(strtol.o)
    0x0800046c   0x00000024   Code   RO         8158    .text               mc_p.l(init.o)
    0x08000490   0x000000a6   Code   RO         8167    .text               mc_p.l(_strtoul.o)
    0x08000536   0x0000001e   Code   RO         8175    .text               mc_p.l(_chval.o)
    0x08000554   0x00000056   Code   RO         8185    .text               mc_p.l(__dczerorl2.o)
    0x080005aa   0x00000002   PAD
    0x080005ac   0x0000003c   Code   RO         1925    i.AT24C02_SDA_IO_SET  soft_i2c.o
    0x080005e8   0x00000008   Code   RO         1862    i.AT24CXX_Init      24cxx.o
    0x080005f0   0x00000024   Code   RO         1863    i.AT24CXX_Read      24cxx.o
    0x08000614   0x00000054   Code   RO         1865    i.AT24CXX_ReadOneByte  24cxx.o
    0x08000668   0x0000002e   Code   RO         1866    i.AT24CXX_Write     24cxx.o
    0x08000696   0x00000048   Code   RO         1868    i.AT24CXX_WriteOneByte  24cxx.o
    0x080006de   0x00000002   PAD
    0x080006e0   0x000000fc   Code   RO          923    i.AutoBauRate_StartBitMethod  dtu_test.o
    0x080007dc   0x00000010   Code   RO          924    i.AutoBauRate_StopBitMethod  dtu_test.o
    0x080007ec   0x00000028   Code   RO          318    i.DMA1_Channel2_3_IRQHandler  stm32f0xx_it.o
    0x08000814   0x00000060   Code   RO          319    i.DMA1_Channel4_5_6_7_IRQHandler  stm32f0xx_it.o
    0x08000874   0x000000d8   Code   RO         2898    i.DMA_DeInit        stm32f0xx_dma.o
    0x0800094c   0x00000014   Code   RO         2902    i.DMA_ITConfig      stm32f0xx_dma.o
    0x08000960   0x00000040   Code   RO         2903    i.DMA_Init          stm32f0xx_dma.o
    0x080009a0   0x000000bc   Code   RO          925    i.DTU_485_Command   dtu_test.o
    0x08000a5c   0x00000120   Code   RO          926    i.DTU_485_TEST      dtu_test.o
    0x08000b7c   0x000000c8   Code   RO          928    i.DTU_LED_Command   dtu_test.o
    0x08000c44   0x00000128   Code   RO            2    i.Data_Upload       main.o
    0x08000d6c   0x00000138   Code   RO          514    i.Delay             3gmodule.o
    0x08000ea4   0x00000024   Code   RO         2999    i.FLASH_PrefetchBufferCmd  stm32f0xx_flash.o
    0x08000ec8   0x0000001c   Code   RO         3002    i.FLASH_SetLatency  stm32f0xx_flash.o
    0x08000ee4   0x00000018   Code   RO         1926    i.GPIO_Configuration  soft_i2c.o
    0x08000efc   0x00000090   Code   RO         3174    i.GPIO_Init         stm32f0xx_gpio.o
    0x08000f8c   0x00000044   Code   RO         3175    i.GPIO_PinAFConfig  stm32f0xx_gpio.o
    0x08000fd0   0x00000014   Code   RO         3178    i.GPIO_ReadInputDataBit  stm32f0xx_gpio.o
    0x08000fe4   0x00000014   Code   RO         3180    i.GPIO_ReadOutputDataBit  stm32f0xx_gpio.o
    0x08000ff8   0x00000004   Code   RO         3181    i.GPIO_ResetBits    stm32f0xx_gpio.o
    0x08000ffc   0x00000004   Code   RO         3182    i.GPIO_SetBits      stm32f0xx_gpio.o
    0x08001000   0x00000004   Code   RO          321    i.HardFault_Handler  stm32f0xx_it.o
    0x08001004   0x000000ec   Code   RO          929    i.I2C_TEST          dtu_test.o
    0x080010f0   0x00000024   Code   RO         1927    i.IIC_Init          soft_i2c.o
    0x08001114   0x0000006c   Code   RO         1928    i.IIC_Read_Byte     soft_i2c.o
    0x08001180   0x0000006c   Code   RO         1929    i.IIC_Send_Byte     soft_i2c.o
    0x080011ec   0x00000038   Code   RO         1930    i.IIC_Start         soft_i2c.o
    0x08001224   0x0000002c   Code   RO         1931    i.IIC_Stop          soft_i2c.o
    0x08001250   0x0000004c   Code   RO         1932    i.IIC_Wait_Ack      soft_i2c.o
    0x0800129c   0x00000028   Code   RO            3    i.LedAllOff         main.o
    0x080012c4   0x00000028   Code   RO            4    i.LedAllOn          main.o
    0x080012ec   0x00000198   Code   RO          741    i.LoadSetting       setting.o
    0x08001484   0x000000e4   Code   RO          930    i.M3G_Mod_TEST      dtu_test.o
    0x08001568   0x00000036   Code   RO         6547    i.MQTTPacket_encode  mqttpacket.o
    0x0800159e   0x00000002   PAD
    0x080015a0   0x00000028   Code   RO         6549    i.MQTTPacket_len    mqttpacket.o
    0x080015c8   0x0000019c   Code   RO         6385    i.MQTTSerialize_connect  mqttconnectclient.o
    0x08001764   0x00000080   Code   RO         6386    i.MQTTSerialize_connectLength  mqttconnectclient.o
    0x080017e4   0x00000012   Code   RO         6387    i.MQTTSerialize_disconnect  mqttconnectclient.o
    0x080017f6   0x000000be   Code   RO         6662    i.MQTTSerialize_publish  mqttserializepublish.o
    0x080018b4   0x00000022   Code   RO         6663    i.MQTTSerialize_publishLength  mqttserializepublish.o
    0x080018d6   0x0000004e   Code   RO         6389    i.MQTTSerialize_zero  mqttconnectclient.o
    0x08001924   0x0000001a   Code   RO         6552    i.MQTTstrlen        mqttpacket.o
    0x0800193e   0x00000002   Code   RO          322    i.NMI_Handler       stm32f0xx_it.o
    0x08001940   0x00000070   Code   RO         3581    i.NVIC_Init         stm32f0xx_misc.o
    0x080019b0   0x00000568   Code   RO         2128    i.N_6205Pro_Decode  n_6205.o
    0x08001f18   0x00000028   Code   RO         3612    i.PWR_BackupAccessCmd  stm32f0xx_pwr.o
    0x08001f40   0x000000a8   Code   RO            5    i.Pro_Upload        main.o
    0x08001fe8   0x00000020   Code   RO         3683    i.RCC_AHBPeriphClockCmd  stm32f0xx_rcc.o
    0x08002008   0x00000020   Code   RO         3685    i.RCC_APB1PeriphClockCmd  stm32f0xx_rcc.o
    0x08002028   0x00000020   Code   RO         3686    i.RCC_APB1PeriphResetCmd  stm32f0xx_rcc.o
    0x08002048   0x00000020   Code   RO         3688    i.RCC_APB2PeriphResetCmd  stm32f0xx_rcc.o
    0x08002068   0x00000074   Code   RO         3696    i.RCC_DeInit        stm32f0xx_rcc.o
    0x080020dc   0x000001f0   Code   RO         3697    i.RCC_GetClocksFreq  stm32f0xx_rcc.o
    0x080022cc   0x00000048   Code   RO         3698    i.RCC_GetFlagStatus  stm32f0xx_rcc.o
    0x08002314   0x00000010   Code   RO         3700    i.RCC_GetSYSCLKSource  stm32f0xx_rcc.o
    0x08002324   0x00000020   Code   RO         3701    i.RCC_HCLKConfig    stm32f0xx_rcc.o
    0x08002344   0x00000010   Code   RO         3702    i.RCC_HSEConfig     stm32f0xx_rcc.o
    0x08002354   0x00000028   Code   RO         3709    i.RCC_LSEConfig     stm32f0xx_rcc.o
    0x0800237c   0x00000024   Code   RO         3713    i.RCC_PCLKConfig    stm32f0xx_rcc.o
    0x080023a0   0x00000028   Code   RO         3714    i.RCC_PLLCmd        stm32f0xx_rcc.o
    0x080023c8   0x00000024   Code   RO         3715    i.RCC_PLLConfig     stm32f0xx_rcc.o
    0x080023ec   0x00000028   Code   RO         3717    i.RCC_RTCCLKCmd     stm32f0xx_rcc.o
    0x08002414   0x00000010   Code   RO         3718    i.RCC_RTCCLKConfig  stm32f0xx_rcc.o
    0x08002424   0x0000001c   Code   RO         3719    i.RCC_SYSCLKConfig  stm32f0xx_rcc.o
    0x08002440   0x0000003c   Code   RO         3722    i.RCC_WaitForHSEStartUp  stm32f0xx_rcc.o
    0x0800247c   0x0000001a   Code   RO         3946    i.RTC_Bcd2ToByte    stm32f0xx_rtc.o
    0x08002496   0x0000001c   Code   RO         3948    i.RTC_ByteToBcd2    stm32f0xx_rtc.o
    0x080024b2   0x00000002   PAD
    0x080024b4   0x0000004c   Code   RO          617    i.RTC_Config        datapacket.o
    0x08002500   0x00000058   Code   RO         3956    i.RTC_EnterInitMode  stm32f0xx_rtc.o
    0x08002558   0x00000014   Code   RO         3957    i.RTC_ExitInitMode  stm32f0xx_rtc.o
    0x0800256c   0x00000060   Code   RO         3960    i.RTC_GetDate       stm32f0xx_rtc.o
    0x080025cc   0x0000005c   Code   RO         3965    i.RTC_GetTime       stm32f0xx_rtc.o
    0x08002628   0x00000058   Code   RO         3970    i.RTC_Init          stm32f0xx_rtc.o
    0x08002680   0x00000020   Code   RO         3973    i.RTC_ReadBackupRegister  stm32f0xx_rtc.o
    0x080026a0   0x000000d0   Code   RO         3976    i.RTC_SetDate       stm32f0xx_rtc.o
    0x08002770   0x000000d8   Code   RO         3977    i.RTC_SetTime       stm32f0xx_rtc.o
    0x08002848   0x00000074   Code   RO          618    i.RTC_TimeRegulate  datapacket.o
    0x080028bc   0x0000006c   Code   RO         3991    i.RTC_WaitForSynchro  stm32f0xx_rtc.o
    0x08002928   0x0000001c   Code   RO         3994    i.RTC_WriteBackupRegister  stm32f0xx_rtc.o
    0x08002944   0x000006dc   Code   RO          742    i.ReceiveSetting    setting.o
    0x08003020   0x00000180   Code   RO          776    i.STM_RTU_COMInit   stm320xx8_rtu.o
    0x080031a0   0x00000050   Code   RO          777    i.STM_RTU_LEDInit   stm320xx8_rtu.o
    0x080031f0   0x00000018   Code   RO          778    i.STM_RTU_LEDOff    stm320xx8_rtu.o
    0x08003208   0x00000018   Code   RO          779    i.STM_RTU_LEDOn     stm320xx8_rtu.o
    0x08003220   0x00000016   Code   RO          781    i.STM_RTU_NVICInit  stm320xx8_rtu.o
    0x08003236   0x00000002   Code   RO         6200    i.SVC_Handler       port.o
    0x08003238   0x000000d8   Code   RO          465    i.SetSysClock       system_stm32f0xx.o
    0x08003310   0x00000024   Code   RO         6201    i.SysTick_Handler   port.o
    0x08003334   0x0000007c   Code   RO          467    i.SystemInit        system_stm32f0xx.o
    0x080033b0   0x000002a4   Code   RO         6090    i.TIM2_IRQHandler   timertask.o
    0x08003654   0x00000020   Code   RO          323    i.TIM3_IRQHandler   stm32f0xx_it.o
    0x08003674   0x0000003c   Code   RO         6091    i.TIM7_Config       timertask.o
    0x080036b0   0x00000050   Code   RO         6092    i.TIM7_IRQHandler   timertask.o
    0x08003700   0x00000006   Code   RO         4539    i.TIM_ClearFlag     stm32f0xx_tim.o
    0x08003706   0x00000006   Code   RO         4540    i.TIM_ClearITPendingBit  stm32f0xx_tim.o
    0x0800370c   0x0000001c   Code   RO         4545    i.TIM_Cmd           stm32f0xx_tim.o
    0x08003728   0x00000038   Code   RO         6093    i.TIM_Configuration  timertask.o
    0x08003760   0x00000014   Code   RO         4565    i.TIM_GetFlagStatus  stm32f0xx_tim.o
    0x08003774   0x00000026   Code   RO         4566    i.TIM_GetITStatus   stm32f0xx_tim.o
    0x0800379a   0x00000014   Code   RO         4570    i.TIM_ITConfig      stm32f0xx_tim.o
    0x080037ae   0x00000002   PAD
    0x080037b0   0x00000014   Code   RO         4603    i.TIM_SelectOnePulseMode  stm32f0xx_tim.o
    0x080037c4   0x0000007c   Code   RO         4618    i.TIM_TimeBaseInit  stm32f0xx_tim.o
    0x08003840   0x000000cc   Code   RO          324    i.USART2_IRQHandler  stm32f0xx_it.o
    0x0800390c   0x00000010   Code   RO          325    i.USART3_4_IRQHandler  stm32f0xx_it.o
    0x0800391c   0x0000001c   Code   RO         5097    i.USART_AutoBaudRateCmd  stm32f0xx_usart.o
    0x08003938   0x00000012   Code   RO         5098    i.USART_AutoBaudRateConfig  stm32f0xx_usart.o
    0x0800394a   0x00000018   Code   RO         5103    i.USART_Cmd         stm32f0xx_usart.o
    0x08003962   0x0000001c   Code   RO         5104    i.USART_DECmd       stm32f0xx_usart.o
    0x0800397e   0x00000012   Code   RO         5105    i.USART_DEPolarityConfig  stm32f0xx_usart.o
    0x08003990   0x00000014   Code   RO         5106    i.USART_DMACmd      stm32f0xx_usart.o
    0x080039a4   0x0000007c   Code   RO         5109    i.USART_DeInit      stm32f0xx_usart.o
    0x08003a20   0x00000014   Code   RO         5111    i.USART_GetFlagStatus  stm32f0xx_usart.o
    0x08003a34   0x0000004e   Code   RO         5112    i.USART_GetITStatus  stm32f0xx_usart.o
    0x08003a82   0x00000042   Code   RO         5114    i.USART_ITConfig    stm32f0xx_usart.o
    0x08003ac4   0x000000e8   Code   RO         5115    i.USART_Init        stm32f0xx_usart.o
    0x08003bac   0x0000000a   Code   RO         5127    i.USART_ReceiveData  stm32f0xx_usart.o
    0x08003bb6   0x00000008   Code   RO         5132    i.USART_SendData    stm32f0xx_usart.o
    0x08003bbe   0x00000014   Code   RO         5136    i.USART_SetDEAssertionTime  stm32f0xx_usart.o
    0x08003bd2   0x00000014   Code   RO         5137    i.USART_SetDEDeassertionTime  stm32f0xx_usart.o
    0x08003be6   0x00000002   PAD
    0x08003be8   0x000001c0   Code   RO          326    i.USARTx_IRQHandler  stm32f0xx_it.o
    0x08003da8   0x00000052   Code   RO          782    i.Uart_DMA_Config   stm320xx8_rtu.o
    0x08003dfa   0x00000002   PAD
    0x08003dfc   0x00000028   Code   RO         7955    i.__0sprintf$6      mc_p.l(printf6.o)
    0x08003e24   0x0000001c   Code   RO         1035    i.__ARM_common_switch8  mbmul.o
    0x08003e40   0x00000008   Code   RO         8136    i.__aeabi_errno_addr  mc_p.l(errno.o)
    0x08003e48   0x0000000e   Code   RO         8179    i.__scatterload_copy  mc_p.l(handlers.o)
    0x08003e56   0x00000002   Code   RO         8180    i.__scatterload_null  mc_p.l(handlers.o)
    0x08003e58   0x0000000e   Code   RO         8181    i.__scatterload_zeroinit  mc_p.l(handlers.o)
    0x08003e66   0x00000002   PAD
    0x08003e68   0x00000304   Code   RO         7960    i._printf_core      mc_p.l(printf6.o)
    0x0800416c   0x00000020   Code   RO         7961    i._printf_post_padding  mc_p.l(printf6.o)
    0x0800418c   0x0000002c   Code   RO         7962    i._printf_pre_padding  mc_p.l(printf6.o)
    0x080041b8   0x0000000a   Code   RO         7964    i._sputc            mc_p.l(printf6.o)
    0x080041c2   0x00000002   PAD
    0x080041c4   0x00000054   Code   RO         6094    i.bsp_DelayMS       timertask.o
    0x08004218   0x00000010   Code   RO         1934    i.delay_nop         soft_i2c.o
    0x08004228   0x0000006c   Code   RO          515    i.getCurrentTime    3gmodule.o
    0x08004294   0x00000090   Code   RO          516    i.getRSSI           3gmodule.o
    0x08004324   0x000000b0   Code   RO          619    i.getRealTimeStamp  datapacket.o
    0x080043d4   0x00000046   Code   RO          621    i.getTimeStamp      datapacket.o
    0x0800441a   0x00000002   PAD
    0x0800441c   0x00000054   Code   RO          517    i.init3GMTest       3gmodule.o
    0x08004470   0x00000084   Code   RO          518    i.init3GModule      3gmodule.o
    0x080044f4   0x00000028   Code   RO          622    i.initRTC           datapacket.o
    0x0800451c   0x000001c0   Code   RO            6    i.main              main.o
    0x080046dc   0x00000320   Code   RO         2129    i.makeN6205_CRT_DataPack  n_6205.o
    0x080049fc   0x0000006c   Code   RO         8060    i.malloc            mc_p.l(malloc.o)
    0x08004a68   0x000000f4   Code   RO         6270    i.mqtt_pub          qos0pub.o
    0x08004b5c   0x00000038   Code   RO         5763    i.prvResetNextTaskUnblockTime  tasks.o
    0x08004b94   0x00000074   Code   RO          520    i.sendATCommand     3gmodule.o
    0x08004c08   0x00000074   Code   RO          521    i.sendATCommtest    3gmodule.o
    0x08004c7c   0x00000098   Code   RO          522    i.sendOverTCP       3gmodule.o
    0x08004d14   0x00000094   Code   RO          523    i.sendOverTest      3gmodule.o
    0x08004da8   0x0000005c   Code   RO          524    i.sendPacket        3gmodule.o
    0x08004e04   0x00000024   Code   RO         6338    i.transport_close   transport.o
    0x08004e28   0x0000006c   Code   RO         6341    i.transport_open    transport.o
    0x08004e94   0x00000034   Code   RO         6342    i.transport_sendPacketBuffer  transport.o
    0x08004ec8   0x00000028   Code   RO         5559    i.uxListRemove      list.o
    0x08004ef0   0x00000064   Code   RO            9    i.vGPIOConfiguration  main.o
    0x08004f54   0x00000050   Code   RO           10    i.vIOSetLED         main.o
    0x08004fa4   0x0000006c   Code   RO           11    i.vLEDConfiguration  main.o
    0x08005010   0x00000018   Code   RO         5563    i.vListInsertEnd    list.o
    0x08005028   0x000000a4   Code   RO          992    i.vMBPTimerISR      mbmul.o
    0x080050cc   0x0000003c   Code   RO           12    i.vNVICConfiguration  main.o
    0x08005108   0x00000070   Code   RO           13    i.vRCCConfiguration  main.o
    0x08005178   0x0000008c   Code   RO           14    i.vRS485Configuration  main.o
    0x08005204   0x0000008c   Code   RO         5791    i.vTaskSwitchContext  tasks.o
    0x08005290   0x0000002c   Code   RO           15    i.vUARTConfiguration  main.o
    0x080052bc   0x00000028   Code   RO         6558    i.writeCString      mqttpacket.o
    0x080052e4   0x0000000c   Code   RO         6559    i.writeChar         mqttpacket.o
    0x080052f0   0x00000032   Code   RO         6560    i.writeInt          mqttpacket.o
    0x08005322   0x00000040   Code   RO         6561    i.writeMQTTString   mqttpacket.o
    0x08005362   0x00000002   PAD
    0x08005364   0x00000140   Code   RO         5801    i.xTaskIncrementTick  tasks.o
    0x080054a4   0x00000060   Data   RO          786    .constdata          stm320xx8_rtu.o
    0x08005504   0x000000f0   Data   RO          931    .constdata          dtu_test.o
    0x080055f4   0x0000000a   Data   RO         2131    .constdata          n_6205.o
    0x080055fe   0x00000002   PAD
    0x08005600   0x00000076   Data   RO         6272    .constdata          qos0pub.o
    0x08005676   0x00000081   Data   RO         7738    .constdata          mc_p.l(ctype_o.o)
    0x080056f7   0x00000001   PAD
    0x080056f8   0x00000004   Data   RO         7739    .constdata          mc_p.l(ctype_o.o)
    0x080056fc   0x0000000c   Data   RO         7770    .constdata          mc_p.l(mktime.o)
    0x08005708   0x0000000c   Data   RO         8132    .constdata          mc_p.l(localtime_i.o)
    0x08005714   0x000000df   Data   RO          527    .conststring        3gmodule.o
    0x080057f3   0x00000001   PAD
    0x080057f4   0x00000020   Data   RO         8177    Region$$Table       anon$$obj.o


    Execution Region RW_IRAM1 (Base: 0x20000000, Size: 0x000022f8, Max: 0x00004000, ABSOLUTE, COMPRESSED[0x00000070])

    Base Addr    Size         Type   Attr      Idx    E Section Name        Object

    0x20000000   0x00000011   Data   RW           18    .data               main.o
    0x20000011   0x00000001   PAD
    0x20000012   0x00000023   Data   RW          328    .data               stm32f0xx_it.o
    0x20000035   0x00000003   PAD
    0x20000038   0x0000002c   Data   RW          528    .data               3gmodule.o
    0x20000064   0x00000010   Data   RW          627    .data               datapacket.o
    0x20000074   0x00000026   Data   RW          744    .data               setting.o
    0x2000009a   0x00000002   PAD
    0x2000009c   0x00000040   Data   RW          787    .data               stm320xx8_rtu.o
    0x200000dc   0x00000024   Data   RW          932    .data               dtu_test.o
    0x20000100   0x00000003   Data   RW          996    .data               mbmul.o
    0x20000103   0x00000001   PAD
    0x20000104   0x0000000c   Data   RW         2132    .data               n_6205.o
    0x20000110   0x00000010   Data   RW         3723    .data               stm32f0xx_rcc.o
    0x20000120   0x00000038   Data   RW         5810    .data               tasks.o
    0x20000158   0x0000002c   Data   RW         6098    .data               timertask.o
    0x20000184   0x00000004   Data   RW         6343    .data               transport.o
    0x20000188   0x00000004   Data   RW         7791    .data               mc_p.l(strtok.o)
    0x2000018c   0x00000004   Data   RW         8134    .data               mc_p.l(mvars.o)
    0x20000190   0x00000004   Data   RW         8135    .data               mc_p.l(mvars.o)
    0x20000194   0x00000004   Data   RW         8139    .data               mc_p.l(errno.o)
    0x20000198   0x0000022c   Zero   RW           17    .bss                main.o
    0x200003c4   0x00000278   Zero   RW          327    .bss                stm32f0xx_it.o
    0x2000063c   0x00000118   Zero   RW          743    .bss                setting.o
    0x20000754   0x0000001e   Zero   RW          994    .bss                mbmul.o
    0x20000772   0x0000083a   Zero   RW         2130    .bss                n_6205.o
    0x20000fac   0x000000c8   Zero   RW         5809    .bss                tasks.o
    0x20001074   0x00000258   Zero   RW         6271    .bss                qos0pub.o
    0x200012cc   0x0000002c   Zero   RW         8129    .bss                mc_p.l(localtime_w.o)
    0x200012f8   0x00000c00   Zero   RW         5461    HEAP                startup_stm32f072.o
    0x20001ef8   0x00000400   Zero   RW         5460    STACK               startup_stm32f072.o


==============================================================================

Image component sizes


      Code (inc. data)   RO Data    RW Data    ZI Data      Debug   Object Name

       246          0          0          0          0       3031   24cxx.o
      1404        348        223         44          0       8499   3gmodule.o
       478         34          0         16          0       3772   datapacket.o
      1408        316        240         36          0       5287   dtu_test.o
        64          0          0          0          0       1440   list.o
      1636        156          0         17        556     239990   main.o
       192         16          0          3         30       1993   mbmul.o
       636         18          0          0          0       5866   mqttconnectclient.o
       286          4          0          0          0       4102   mqttpacket.o
       224          0          0          0          0       1726   mqttserializepublish.o
      2184        140         10         12       2106       6573   n_6205.o
       150         14          0          0          0       1612   port.o
       244         20        118          0        600       5303   qos0pub.o
      2164        172          0         38        280       4605   setting.o
       528         40          0          0          0       4635   soft_i2c.o
        28          8        192          0       4096        604   startup_stm32f072.o
       616         94         96         64          0       5177   stm320xx8_rtu.o
       300         14          0          0          0       9355   stm32f0xx_dma.o
         0          0          0          0          0      12416   stm32f0xx_exti.o
        64          8          0          0          0       1129   stm32f0xx_flash.o
       260          0          0          0          0       8688   stm32f0xx_gpio.o
       842        150          0         35        632      16673   stm32f0xx_it.o
       112          6          0          0          0       1996   stm32f0xx_misc.o
        40          4          0          0          0        546   stm32f0xx_pwr.o
      1172        108          0         16          0      24075   stm32f0xx_rcc.o
      1030         64          0          0          0      21682   stm32f0xx_rtc.o
       262         42          0          0          0      25503   stm32f0xx_tim.o
       714         34          0          0          0      19837   stm32f0xx_usart.o
       340         24          0          0          0       1353   system_stm32f0xx.o
       516         76          0         56        200       5345   tasks.o
       956        118          0         44          0       4428   timertask.o
       196         76          0          4          0       1976   transport.o

    ----------------------------------------------------------------------
     19308       2104        914        392       8500     459217   Object Totals
         0          0         32          0          0          0   (incl. Generated)
        16          0          3          7          0          0   (incl. Padding)

    ----------------------------------------------------------------------

      Code (inc. data)   RO Data    RW Data    ZI Data      Debug   Library Member Name

        86          0          0          0          0          0   __dczerorl2.o
        30          0          0          0          0         60   _chval.o
       166          0          0          0          0         84   _strtoul.o
        26          0          0          0          0         72   atoi.o
         8          4        133          0          0         60   ctype_o.o
         0          0          0          0          0          0   entry.o
         0          0          0          0          0          0   entry10a.o
         0          0          0          0          0          0   entry11a.o
         8          4          0          0          0          0   entry2.o
         4          0          0          0          0          0   entry5.o
         0          0          0          0          0          0   entry7b.o
         0          0          0          0          0          0   entry8b.o
         8          4          0          0          0          0   entry9a.o
         8          4          0          4          0         60   errno.o
        30          0          0          0          0          0   handlers.o
        40          0          0          0          0         72   idiv.o
        36          8          0          0          0         68   init.o
       116         12         12          0          0         72   localtime_i.o
        16          6          0          0         44         68   localtime_w.o
       108         16          0          0          0         76   malloc.o
        36          0          0          0          0         60   memcpya.o
        36          0          0          0          0        100   memseta.o
       140         16         12          0          0         72   mktime.o
         0          0          0          8          0          0   mvars.o
       898          8          0          0          0        384   printf6.o
        24          0          0          0          0         60   strcat.o
        20          0          0          0          0         60   strchr.o
        18          0          0          0          0         60   strcpy.o
        14          0          0          0          0         60   strlen.o
        30          0          0          0          0         72   strncmp.o
        26          0          0          0          0         68   strncpy.o
        72          4          0          4          0         72   strtok.o
       112          4          0          0          0         76   strtol.o
        44          0          0          0          0         72   uidiv.o

    ----------------------------------------------------------------------
      2168         90        158         16         44       1908   Library Totals
         8          0          1          0          0          0   (incl. Padding)

    ----------------------------------------------------------------------

      Code (inc. data)   RO Data    RW Data    ZI Data      Debug   Library Name

      2160         90        157         16         44       1908   mc_p.l

    ----------------------------------------------------------------------
      2168         90        158         16         44       1908   Library Totals

    ----------------------------------------------------------------------

==============================================================================


      Code (inc. data)   RO Data    RW Data    ZI Data      Debug   

     21476       2194       1072        408       8544     453201   Grand Totals
     21476       2194       1072        112       8544     453201   ELF Image Totals (compressed)
     21476       2194       1072        112          0          0   ROM Totals

==============================================================================

    Total RO  Size (Code + RO Data)                22548 (  22.02kB)
    Total RW  Size (RW Data + ZI Data)              8952 (   8.74kB)
    Total ROM Size (Code + RO Data + RW Data)      22660 (  22.13kB)

==============================================================================

