<html>
<body>
<pre>
<h1>µVision Build Log</h1>
<h2>Project:</h2>
D:\F_pan\YD-STM32F051_LED\MDK-ARM\STM32F051R8_Demo.uvproj
Project File Date:  07/11/2017

<h2>Output:</h2>
Build target 'STM32F051R8_Demo'
linking...
Program Size: Code=7048 RO-data=480 RW-data=100 ZI-data=5428  
FromELF: creating hex file...
".\out\IO_Toggle.axf" - 0 Errors, 0 Warning(s).
Build target 'STM32F051R8_Demo'
compiling main.c...
..\main.c(23): warning:  #177-D: function "vTaskTaskUserIF" was declared but never referenced
..\main.c(25): warning:  #177-D: function "vTaskMsgPro" was declared but never referenced
..\main.c(26): warning:  #177-D: function "vTaskStart" was declared but never referenced
..\main.c(35): warning:  #177-D: variable "xHandleTaskUserIF" was declared but never referenced
..\main.c(37): warning:  #177-D: variable "xHandleTaskMsgPro" was declared but never referenced
..\main.c(38): warning:  #177-D: variable "xHandleTaskStart" was declared but never referenced
linking...
Program Size: Code=3332 RO-data=224 RW-data=100 ZI-data=5428  
FromELF: creating hex file...
".\out\IO_Toggle.axf" - 0 Errors, 6 Warning(s).
Rebuild target 'STM32F051R8_Demo'
compiling main.c...
..\main.c(23): warning:  #177-D: function "vTaskTaskUserIF" was declared but never referenced
..\main.c(25): warning:  #177-D: function "vTaskMsgPro" was declared but never referenced
..\main.c(26): warning:  #177-D: function "vTaskStart" was declared but never referenced
..\main.c(35): warning:  #177-D: variable "xHandleTaskUserIF" was declared but never referenced
..\main.c(37): warning:  #177-D: variable "xHandleTaskMsgPro" was declared but never referenced
..\main.c(38): warning:  #177-D: variable "xHandleTaskStart" was declared but never referenced
compiling stm32f0xx_it.c...
compiling system_stm32f0xx.c...
compiling BSP_LED.c...
compiling stm32f0xx_exti.c...
compiling stm32f0xx_adc.c...
compiling stm32f0xx_cec.c...
compiling stm32f0xx_comp.c...
compiling stm32f0xx_crc.c...
compiling stm32f0xx_dac.c...
compiling stm32f0xx_dbgmcu.c...
compiling stm32f0xx_dma.c...
compiling stm32f0xx_flash.c...
compiling stm32f0xx_gpio.c...
compiling stm32f0xx_i2c.c...
compiling stm32f0xx_iwdg.c...
compiling stm32f0xx_misc.c...
compiling stm32f0xx_pwr.c...
compiling stm32f0xx_rcc.c...
compiling stm32f0xx_rtc.c...
compiling stm32f0xx_spi.c...
compiling stm32f0xx_syscfg.c...
compiling stm32f0xx_tim.c...
compiling stm32f0xx_usart.c...
compiling stm32f0xx_wwdg.c...
assembling startup_stm32f0xx.s...
compiling croutine.c...
compiling event_groups.c...
compiling list.c...
compiling queue.c...
compiling tasks.c...
compiling timers.c...
compiling heap_2.c...
compiling port.c...
linking...
Program Size: Code=3332 RO-data=224 RW-data=100 ZI-data=5428  
FromELF: creating hex file...
".\out\IO_Toggle.axf" - 0 Errors, 6 Warning(s).
