Component: ARM Compiler 5.05 update 1 (build 106) Tool: armlink [4d0efa]

==============================================================================

Section Cross References

    main.o(i.main) refers to stm32f0xx_rcc.o(i.RCC_APB2PeriphClockCmd) for RCC_APB2PeriphClockCmd
    main.o(i.main) refers to stm32f0xx_syscfg.o(i.SYSCFG_MemoryRemapConfig) for SYSCFG_MemoryRemapConfig
    main.o(i.main) refers to main.o(i.vRCCConfiguration) for vRCCConfiguration
    main.o(i.main) refers to main.o(i.vGPIOConfiguration) for vGPIOConfiguration
    main.o(i.main) refers to main.o(i.vNVICConfiguration) for vNVICConfiguration
    main.o(i.main) refers to main.o(i.vLEDConfiguration) for vLEDConfiguration
    main.o(i.main) refers to timertask.o(i.TIM_Configuration) for TIM_Configuration
    main.o(i.main) refers to main.o(i.vUARTConfiguration) for vUARTConfiguration
    main.o(i.main) refers to stm32f0xx_usart.o(i.USART_ITConfig) for USART_ITConfig
    main.o(i.main) refers to 3gmodule.o(i.Delay) for Delay
    main.o(i.main) refers to setting.o(i.ReceiveSetting) for ReceiveSetting
    main.o(i.main) refers to setting.o(i.LoadSetting) for LoadSetting
    main.o(i.main) refers to main.o(i.vRS485Configuration) for vRS485Configuration
    main.o(i.main) refers to 3gmodule.o(i.init3GModule) for init3GModule
    main.o(i.main) refers to tasks.o(i.xTaskGenericCreate) for xTaskGenericCreate
    main.o(i.main) refers to tasks.o(i.vTaskStartScheduler) for vTaskStartScheduler
    main.o(i.main) refers to main.o(.ARM.__AT_0x20000000) for VectorTable
    main.o(i.main) refers to main.o(.data) for configMode
    main.o(i.main) refers to main.o(i.vApp2Task) for vApp2Task
    main.o(i.main) refers to main.o(i.vApp3Task) for vApp3Task
    main.o(i.vApp2Task) refers to tasks.o(i.vTaskDelay) for vTaskDelay
    main.o(i.vApp2Task) refers to 3gmodule.o(i.getRSSI) for getRSSI
    main.o(i.vApp2Task) refers to stm32f0xx_tim.o(i.TIM_Cmd) for TIM_Cmd
    main.o(i.vApp2Task) refers to timertask.o(.data) for getRSSItimeFlag
    main.o(i.vApp3Task) refers to mbm.o(i.eMBMSerialInit) for eMBMSerialInit
    main.o(i.vApp3Task) refers to mbmfunccoils.o(i.eMBMReadCoils) for eMBMReadCoils
    main.o(i.vApp3Task) refers to mbmfuncdisc.o(i.eMBMReadDiscreteInputs) for eMBMReadDiscreteInputs
    main.o(i.vApp3Task) refers to mbmfuncholding.o(i.eMBMReadHoldingRegisters) for eMBMReadHoldingRegisters
    main.o(i.vApp3Task) refers to mbmfuncinput.o(i.eMBMReadInputRegisters) for eMBMReadInputRegisters
    main.o(i.vApp3Task) refers to datapacket.o(i.makeDataPack) for makeDataPack
    main.o(i.vApp3Task) refers to qos0pub.o(i.mqtt_pub) for mqtt_pub
    main.o(i.vApp3Task) refers to main.o(i.vIOSetLED) for vIOSetLED
    main.o(i.vApp3Task) refers to stm32f0xx_tim.o(i.TIM_Cmd) for TIM_Cmd
    main.o(i.vApp3Task) refers to 3gmodule.o(i.getRSSI) for getRSSI
    main.o(i.vApp3Task) refers to mbportother.o(i.vMBPAssert) for vMBPAssert
    main.o(i.vApp3Task) refers to mbm.o(i.eMBMClose) for eMBMClose
    main.o(i.vApp3Task) refers to timertask.o(.data) for getRSSItimeFlag
    main.o(i.vApp3Task) refers to setting.o(.bss) for pPoints
    main.o(i.vApp3Task) refers to setting.o(.data) for counter
    main.o(i.vApp3Task) refers to main.o(.data) for bPub
    main.o(i.vGPIOConfiguration) refers to stm32f0xx_rcc.o(i.RCC_AHBPeriphClockCmd) for RCC_AHBPeriphClockCmd
    main.o(i.vGPIOConfiguration) refers to stm32f0xx_gpio.o(i.GPIO_Init) for GPIO_Init
    main.o(i.vIOSetLED) refers to stm320xx8_rtu.o(i.STM_RTU_LEDOn) for STM_RTU_LEDOn
    main.o(i.vIOSetLED) refers to stm320xx8_rtu.o(i.STM_RTU_LEDOff) for STM_RTU_LEDOff
    main.o(i.vIOSetLED) refers to main.o(.data) for bIsInitalized
    main.o(i.vLEDConfiguration) refers to stm320xx8_rtu.o(i.STM_RTU_LEDInit) for STM_RTU_LEDInit
    main.o(i.vLEDConfiguration) refers to stm320xx8_rtu.o(i.STM_RTU_LEDOff) for STM_RTU_LEDOff
    main.o(i.vNVICConfiguration) refers to stm320xx8_rtu.o(i.STM_RTU_NVICInit) for STM_RTU_NVICInit
    main.o(i.vRCCConfiguration) refers to stm32f0xx_rcc.o(i.RCC_DeInit) for RCC_DeInit
    main.o(i.vRCCConfiguration) refers to stm32f0xx_rcc.o(i.RCC_HSEConfig) for RCC_HSEConfig
    main.o(i.vRCCConfiguration) refers to stm32f0xx_rcc.o(i.RCC_WaitForHSEStartUp) for RCC_WaitForHSEStartUp
    main.o(i.vRCCConfiguration) refers to stm32f0xx_rcc.o(i.RCC_HCLKConfig) for RCC_HCLKConfig
    main.o(i.vRCCConfiguration) refers to stm32f0xx_rcc.o(i.RCC_PCLKConfig) for RCC_PCLKConfig
    main.o(i.vRCCConfiguration) refers to stm32f0xx_flash.o(i.FLASH_SetLatency) for FLASH_SetLatency
    main.o(i.vRCCConfiguration) refers to stm32f0xx_flash.o(i.FLASH_PrefetchBufferCmd) for FLASH_PrefetchBufferCmd
    main.o(i.vRCCConfiguration) refers to stm32f0xx_rcc.o(i.RCC_PLLConfig) for RCC_PLLConfig
    main.o(i.vRCCConfiguration) refers to stm32f0xx_rcc.o(i.RCC_PLLCmd) for RCC_PLLCmd
    main.o(i.vRCCConfiguration) refers to stm32f0xx_rcc.o(i.RCC_GetFlagStatus) for RCC_GetFlagStatus
[...]
    eMBMSerialRTUFrameReceive                0x08005b7d   Thumb Code   218  mbmrtu.o(i.eMBMSerialRTUFrameReceive)
    i.eMBMSerialRTUFrameSend                 0x08005c5c   Section        0  mbmrtu.o(i.eMBMSerialRTUFrameSend)
    eMBMSerialRTUFrameSend                   0x08005c5d   Thumb Code   246  mbmrtu.o(i.eMBMSerialRTUFrameSend)
    i.eMBMSerialRTUInit                      0x08005d5c   Section        0  mbmrtu.o(i.eMBMSerialRTUInit)
    i.eMBPEventCreate                        0x08005f00   Section        0  mbportevent.o(i.eMBPEventCreate)
    i.eMBPEventPost                          0x08005f80   Section        0  mbportevent.o(i.eMBPEventPost)
    i.eMBPSerialClose                        0x08005fb0   Section        0  mbportserial.o(i.eMBPSerialClose)
    i.eMBPSerialInit                         0x08006060   Section        0  mbportserial.o(i.eMBPSerialInit)
    i.eMBPSerialRxEnable                     0x08006170   Section        0  mbportserial.o(i.eMBPSerialRxEnable)
    i.eMBPSerialTxEnable                     0x08006218   Section        0  mbportserial.o(i.eMBPSerialTxEnable)
    i.eMBPTimerInit                          0x080062e0   Section        0  mbporttimer.o(i.eMBPTimerInit)
    i.eMBPTimerStart                         0x080063fc   Section        0  mbporttimer.o(i.eMBPTimerStart)
    i.eMBPTimerStop                          0x0800642c   Section        0  mbporttimer.o(i.eMBPTimerStop)
    i.free                                   0x0800645c   Section        0  malloc.o(i.free)
    i.getRSSI                                0x080064b0   Section        0  3gmodule.o(i.getRSSI)
    i.getTimeStamp                           0x08006540   Section        0  datapacket.o(i.getTimeStamp)
    i.init3GModule                           0x08006588   Section        0  3gmodule.o(i.init3GModule)
    i.initRTC                                0x080065cc   Section        0  datapacket.o(i.initRTC)
    i.main                                   0x080065f4   Section        0  main.o(i.main)
    i.makeDataPack                           0x08006724   Section        0  datapacket.o(i.makeDataPack)
    i.malloc                                 0x080067d4   Section        0  malloc.o(i.malloc)
    i.mqtt_pub                               0x08006840   Section        0  qos0pub.o(i.mqtt_pub)
    i.prvAddCurrentTaskToDelayedList         0x08006958   Section        0  tasks.o(i.prvAddCurrentTaskToDelayedList)
    prvAddCurrentTaskToDelayedList           0x08006959   Thumb Code    62  tasks.o(i.prvAddCurrentTaskToDelayedList)
    i.prvAllocateTCBAndStack                 0x080069ac   Section        0  tasks.o(i.prvAllocateTCBAndStack)
    prvAllocateTCBAndStack                   0x080069ad   Thumb Code    70  tasks.o(i.prvAllocateTCBAndStack)
    i.prvCheckTasksWaitingTermination        0x080069f4   Section        0  tasks.o(i.prvCheckTasksWaitingTermination)
    prvCheckTasksWaitingTermination          0x080069f5   Thumb Code    90  tasks.o(i.prvCheckTasksWaitingTermination)
    i.prvDeleteTCB                           0x08006a5c   Section        0  tasks.o(i.prvDeleteTCB)
    prvDeleteTCB                             0x08006a5d   Thumb Code    18  tasks.o(i.prvDeleteTCB)
    i.prvHeapInit                            0x08006a70   Section        0  heap_2.o(i.prvHeapInit)
    prvHeapInit                              0x08006a71   Thumb Code    42  heap_2.o(i.prvHeapInit)
    i.prvIdleTask                            0x08006aa8   Section        0  tasks.o(i.prvIdleTask)
    prvIdleTask                              0x08006aa9   Thumb Code     8  tasks.o(i.prvIdleTask)
    i.prvInitialiseTCBVariables              0x08006ab0   Section        0  tasks.o(i.prvInitialiseTCBVariables)
    prvInitialiseTCBVariables                0x08006ab1   Thumb Code    94  tasks.o(i.prvInitialiseTCBVariables)
    i.prvInitialiseTaskLists                 0x08006b10   Section        0  tasks.o(i.prvInitialiseTaskLists)
    prvInitialiseTaskLists                   0x08006b11   Thumb Code    68  tasks.o(i.prvInitialiseTaskLists)
    i.prvResetNextTaskUnblockTime            0x08006b74   Section        0  tasks.o(i.prvResetNextTaskUnblockTime)
    prvResetNextTaskUnblockTime              0x08006b75   Thumb Code    46  tasks.o(i.prvResetNextTaskUnblockTime)
    i.prvSetupTimerInterrupt                 0x08006bac   Section        0  port.o(i.prvSetupTimerInterrupt)
    prvSetupTimerInterrupt                   0x08006bad   Thumb Code    12  port.o(i.prvSetupTimerInterrupt)
    i.prvTaskExitError                       0x08006bc0   Section        0  port.o(i.prvTaskExitError)
    prvTaskExitError                         0x08006bc1   Thumb Code    32  port.o(i.prvTaskExitError)
    i.prvvMBPUSART1_RXNE_ISR                 0x08006be4   Section        0  mbportserial.o(i.prvvMBPUSART1_RXNE_ISR)
    prvvMBPUSART1_RXNE_ISR                   0x08006be5   Thumb Code   114  mbportserial.o(i.prvvMBPUSART1_RXNE_ISR)
    i.prvvMBPUSART1_TC_ISR                   0x08006c60   Section        0  mbportserial.o(i.prvvMBPUSART1_TC_ISR)
    prvvMBPUSART1_TC_ISR                     0x08006c61   Thumb Code    18  mbportserial.o(i.prvvMBPUSART1_TC_ISR)
    i.prvvMBPUSART1_TXE_ISR                  0x08006c7c   Section        0  mbportserial.o(i.prvvMBPUSART1_TXE_ISR)
    prvvMBPUSART1_TXE_ISR                    0x08006c7d   Thumb Code    82  mbportserial.o(i.prvvMBPUSART1_TXE_ISR)
    i.pvPortMalloc                           0x08006ce0   Section        0  heap_2.o(i.pvPortMalloc)
    i.pxMBMGetNewHdl                         0x08006d98   Section        0  mbm.o(i.pxMBMGetNewHdl)
    pxMBMGetNewHdl                           0x08006d99   Thumb Code   198  mbm.o(i.pxMBMGetNewHdl)
    i.pxPortInitialiseStack                  0x08006e6c   Section        0  port.o(i.pxPortInitialiseStack)
    i.sEE_Init                               0x08006e8c   Section        0  stm320518_i2c_ee.o(i.sEE_Init)
    i.sEE_LowLevel_Init                      0x08006ecc   Section        0  stm320xx8_rtu.o(i.sEE_LowLevel_Init)
    i.sEE_ReadBuffer                         0x08006f28   Section        0  stm320518_i2c_ee.o(i.sEE_ReadBuffer)
    i.sEE_TIMEOUT_UserCallback               0x080071e8   Section        0  3gmodule.o(i.sEE_TIMEOUT_UserCallback)
    i.sEE_WaitEepromStandbyState             0x080071f4   Section        0  stm320518_i2c_ee.o(i.sEE_WaitEepromStandbyState)
    i.sEE_WriteBuffer                        0x08007270   Section        0  stm320518_i2c_ee.o(i.sEE_WriteBuffer)
    i.sEE_WritePage                          0x08007400   Section        0  stm320518_i2c_ee.o(i.sEE_WritePage)
    i.sendATCommand                          0x0800750c   Section        0  3gmodule.o(i.sendATCommand)
    i.sendOverTCP                            0x08007574   Section        0  3gmodule.o(i.sendOverTCP)
    i.sendPacket                             0x080075dc   Section        0  3gmodule.o(i.sendPacket)
    i.transport_close                        0x0800762c   Section        0  transport.o(i.transport_close)
    i.transport_open                         0x08007650   Section        0  transport.o(i.transport_open)
    i.transport_sendPacketBuffer             0x080076c4   Section        0  transport.o(i.transport_sendPacketBuffer)
    i.usMBMCRC16                             0x080076f8   Section        0  mbmcrc.o(i.usMBMCRC16)
    i.uxListRemove                           0x08007730   Section        0  list.o(i.uxListRemove)
    i.vApp2Task                              0x08007758   Section        0  main.o(i.vApp2Task)
    i.vApp3Task                              0x08007784   Section        0  main.o(i.vApp3Task)
    i.vGPIOConfiguration                     0x08007924   Section        0  main.o(i.vGPIOConfiguration)
    vGPIOConfiguration                       0x08007925   Thumb Code    98  main.o(i.vGPIOConfiguration)
    i.vIOSetLED                              0x080079a0   Section        0  main.o(i.vIOSetLED)
    vIOSetLED                                0x080079a1   Thumb Code    76  main.o(i.vIOSetLED)
    i.vLEDConfiguration                      0x080079f0   Section        0  main.o(i.vLEDConfiguration)
    vLEDConfiguration                        0x080079f1   Thumb Code    88  main.o(i.vLEDConfiguration)
    i.vListInitialise                        0x08007a48   Section        0  list.o(i.vListInitialise)
    i.vListInitialiseItem                    0x08007a62   Section        0  list.o(i.vListInitialiseItem)
    i.vListInsert                            0x08007a68   Section        0  list.o(i.vListInsert)
    i.vListInsertEnd                         0x08007a9e   Section        0  list.o(i.vListInsertEnd)
    i.vMBMMasterTransactionPolled            0x08007ab6   Section        0  mbm.o(i.vMBMMasterTransactionPolled)
    i.vMBMReadCoilsPolled                    0x08007b96   Section        0  mbmfunccoils.o(i.vMBMReadCoilsPolled)
    i.vMBMReadDiscreteInputsPolled           0x08007ce6   Section        0  mbmfuncdisc.o(i.vMBMReadDiscreteInputsPolled)
    i.vMBMReadHoldingRegistersPolled         0x08007e36   Section        0  mbmfuncholding.o(i.vMBMReadHoldingRegistersPolled)
    i.vMBMReadInputRegistersPolled           0x08007fa2   Section        0  mbmfuncinput.o(i.vMBMReadInputRegistersPolled)
    i.vMBPAssert                             0x08008104   Section        0  mbportother.o(i.vMBPAssert)
    i.vMBPEnterCritical                      0x0800811c   Section        0  mbportother.o(i.vMBPEnterCritical)
    i.vMBPEventDelete                        0x08008130   Section        0  mbportevent.o(i.vMBPEventDelete)
    i.vMBPExitCritical                       0x08008160   Section        0  mbportother.o(i.vMBPExitCritical)
    i.vMBPTimerClose                         0x0800817c   Section        0  mbporttimer.o(i.vMBPTimerClose)
    i.vMBPTimerISR                           0x080081ac   Section        0  mbporttimer.o(i.vMBPTimerISR)
    i.vMBPUSART1ISR                          0x08008228   Section        0  mbportserial.o(i.vMBPUSART1ISR)
    i.vNVICConfiguration                     0x08008278   Section        0  main.o(i.vNVICConfiguration)
    vNVICConfiguration                       0x08008279   Thumb Code    28  main.o(i.vNVICConfiguration)
    i.vPortEnterCritical                     0x08008294   Section        0  port.o(i.vPortEnterCritical)
    i.vPortExitCritical                      0x080082b0   Section        0  port.o(i.vPortExitCritical)
    i.vPortFree                              0x080082d8   Section        0  heap_2.o(i.vPortFree)
    i.vPortYield                             0x0800831c   Section        0  port.o(i.vPortYield)
    i.vRCCConfiguration                      0x08008334   Section        0  main.o(i.vRCCConfiguration)
    vRCCConfiguration                        0x08008335   Thumb Code   108  main.o(i.vRCCConfiguration)
    i.vRS485Configuration                    0x080083a4   Section        0  main.o(i.vRS485Configuration)
    vRS485Configuration                      0x080083a5   Thumb Code   132  main.o(i.vRS485Configuration)
    i.vTaskDelay                             0x08008430   Section        0  tasks.o(i.vTaskDelay)
    i.vTaskStartScheduler                    0x08008488   Section        0  tasks.o(i.vTaskStartScheduler)
    i.vTaskSuspendAll                        0x080084e8   Section        0  tasks.o(i.vTaskSuspendAll)
    i.vTaskSwitchContext                     0x080084f8   Section        0  tasks.o(i.vTaskSwitchContext)
    i.vUARTConfiguration                     0x08008584   Section        0  main.o(i.vUARTConfiguration)
    vUARTConfiguration                       0x08008585   Thumb Code    44  main.o(i.vUARTConfiguration)
    i.writeCString                           0x080085b0   Section        0  mqttpacket.o(i.writeCString)
    i.writeChar                              0x080085d8   Section        0  mqttpacket.o(i.writeChar)
    i.writeInt                               0x080085e4   Section        0  mqttpacket.o(i.writeInt)
    i.writeMQTTString                        0x08008616   Section        0  mqttpacket.o(i.writeMQTTString)
    i.xPortStartScheduler                    0x08008658   Section        0  port.o(i.xPortStartScheduler)
    i.xTaskGenericCreate                     0x08008690   Section        0  tasks.o(i.xTaskGenericCreate)
    i.xTaskIncrementTick                     0x080087c8   Section        0  tasks.o(i.xTaskIncrementTick)
    i.xTaskResumeAll                         0x08008908   Section        0  tasks.o(i.xTaskResumeAll)
    .constdata                               0x080089f4   Section       92  stm320xx8_rtu.o(.constdata)
    .constdata                               0x08008a50   Section      512  mbmcrc.o(.constdata)
    aucCRCHi                                 0x08008a50   Data         256  mbmcrc.o(.constdata)
    aucCRCLo                                 0x08008b50   Data         256  mbmcrc.o(.constdata)
    .constdata                               0x08008c50   Section       97  qos0pub.o(.constdata)
    .constdata                               0x08008cb1   Section      129  ctype_o.o(.constdata)
    .constdata                               0x08008d34   Section        4  ctype_o.o(.constdata)
    table                                    0x08008d34   Data           4  ctype_o.o(.constdata)
    .constdata                               0x08008d38   Section       12  mktime.o(.constdata)
    monlen                                   0x08008d38   Data          12  mktime.o(.constdata)
    .constdata                               0x08008d44   Section       12  localtime_i.o(.constdata)
    monlen                                   0x08008d44   Data          12  localtime_i.o(.constdata)
    .conststring                             0x08008d50   Section      111  3gmodule.o(.conststring)
    .ARM.__AT_0x20000000                     0x20000000   Section      192  main.o(.ARM.__AT_0x20000000)
    .data                                    0x200000c0   Section        4  main.o(.data)
    HSEStartUpStatus                         0x200000c0   Data           1  main.o(.data)
    bIsInitalized                            0x200000c3   Data           1  main.o(.data)
    .data                                    0x200000c4   Section       12  stm32f0xx_it.o(.data)
    myRNCheck                                0x200000cf   Data           1  stm32f0xx_it.o(.data)
    .data                                    0x200000d0   Section       24  3gmodule.o(.data)
    .data                                    0x200000e8   Section        9  datapacket.o(.data)
    .data                                    0x200000f4   Section       12  setting.o(.data)
    .data                                    0x20000100   Section       60  stm320xx8_rtu.o(.data)
    .data                                    0x2000013c   Section       10  stm320518_i2c_ee.o(.data)
    .data                                    0x20000146   Section       16  stm32f0xx_rcc.o(.data)
    APBAHBPrescTable                         0x20000146   Data          16  stm32f0xx_rcc.o(.data)
    .data                                    0x20000158   Section       56  tasks.o(.data)
    pxDelayedTaskList                        0x2000015c   Data           4  tasks.o(.data)
    pxOverflowDelayedTaskList                0x20000160   Data           4  tasks.o(.data)
    uxTasksDeleted                           0x20000164   Data           4  tasks.o(.data)
    uxCurrentNumberOfTasks                   0x20000168   Data           4  tasks.o(.data)
    xTickCount                               0x2000016c   Data           4  tasks.o(.data)
    uxTopReadyPriority                       0x20000170   Data           4  tasks.o(.data)
    xSchedulerRunning                        0x20000174   Data           4  tasks.o(.data)
    uxPendedTicks                            0x20000178   Data           4  tasks.o(.data)
    xYieldPending                            0x2000017c   Data           4  tasks.o(.data)
    xNumOfOverflows                          0x20000180   Data           4  tasks.o(.data)
    uxTaskNumber                             0x20000184   Data           4  tasks.o(.data)
    xNextTaskUnblockTime                     0x20000188   Data           4  tasks.o(.data)
    uxSchedulerSuspended                     0x2000018c   Data           4  tasks.o(.data)
    .data                                    0x20000190   Section       10  timertask.o(.data)
    timercount                               0x20000199   Data           1  timertask.o(.data)
    .data                                    0x2000019c   Section       24  heap_2.o(.data)
    xStart                                   0x2000019c   Data           8  heap_2.o(.data)
    xEnd                                     0x200001a4   Data           8  heap_2.o(.data)
    xFreeBytesRemaining                      0x200001ac   Data           4  heap_2.o(.data)
    xHeapHasBeenInitialised                  0x200001b0   Data           4  heap_2.o(.data)
    .data                                    0x200001b4   Section        4  port.o(.data)
    uxCriticalNesting                        0x200001b4   Data           4  port.o(.data)
    .data                                    0x200001b8   Section        5  mbportevent.o(.data)
    bIsInitialized                           0x200001b8   Data           1  mbportevent.o(.data)
    arxEventHdls                             0x200001b9   Data           4  mbportevent.o(.data)
    .data                                    0x200001bd   Section        2  mbportother.o(.data)
    ubNesting                                0x200001bd   Data           1  mbportother.o(.data)
    bIsInitalized                            0x200001be   Data           1  mbportother.o(.data)
    .data                                    0x200001bf   Section        1  mbportserial.o(.data)
    bIsInitalized                            0x200001bf   Data           1  mbportserial.o(.data)
    .data                                    0x200001c0   Section        1  mbporttimer.o(.data)
    bIsInitalized                            0x200001c0   Data           1  mbporttimer.o(.data)
    .data                                    0x200001c1   Section        1  mbmrtu.o(.data)
    bIsInitialized                           0x200001c1   Data           1  mbmrtu.o(.data)
    .data                                    0x200001c2   Section        1  mbm.o(.data)
    bIsInitalized                            0x200001c2   Data           1  mbm.o(.data)
    .data                                    0x200001c4   Section        4  transport.o(.data)
    mysock                                   0x200001c4   Data           4  transport.o(.data)
    .data                                    0x200001c8   Section        4  strtok.o(.data)
    state                                    0x200001c8   Data           4  strtok.o(.data)
    .data                                    0x200001cc   Section        4  mvars.o(.data)
    .data                                    0x200001d0   Section        4  mvars.o(.data)
    .data                                    0x200001d4   Section        4  errno.o(.data)
    _errno                                   0x200001d4   Data           4  errno.o(.data)
    .bss                                     0x200001d8   Section      512  stm32f0xx_it.o(.bss)
    .bss                                     0x200003d8   Section      160  setting.o(.bss)
    .bss                                     0x20000478   Section      200  tasks.o(.bss)
    pxReadyTasksLists                        0x20000478   Data         100  tasks.o(.bss)
    xDelayedTaskList1                        0x200004dc   Data          20  tasks.o(.bss)
    xDelayedTaskList2                        0x200004f0   Data          20  tasks.o(.bss)
    xPendingReadyList                        0x20000504   Data          20  tasks.o(.bss)
    xTasksWaitingTermination                 0x20000518   Data          20  tasks.o(.bss)
    xSuspendedTaskList                       0x2000052c   Data          20  tasks.o(.bss)
    .bss                                     0x20000540   Section     4200  heap_2.o(.bss)
    ucHeap                                   0x20000540   Data        4200  heap_2.o(.bss)
    .bss                                     0x200015a8   Section       32  mbportserial.o(.bss)
    xSerialHdls                              0x200015a8   Data          32  mbportserial.o(.bss)
    .bss                                     0x200015c8   Section       80  mbporttimer.o(.bss)
    arxTimerHdls                             0x200015c8   Data          80  mbporttimer.o(.bss)
    .bss                                     0x20001618   Section      276  mbmrtu.o(.bss)
    xMBMRTUFrameHdl                          0x20001618   Data         276  mbmrtu.o(.bss)
    .bss                                     0x2000172c   Section       32  mbm.o(.bss)
    xMBMInternalHdl                          0x2000172c   Data          32  mbm.o(.bss)
    HEAP                                     0x20001750   Section      512  startup_stm32f0xx.o(HEAP)
    STACK                                    0x20001950   Section     1024  startup_stm32f0xx.o(STACK)

    Global Symbols

    Symbol Name                              Value     Ov Type        Size  Object(Section)

    BuildAttributes$$THM_ISAv3M$S$PE$A:L22$X:L11$S22$IEEE1$IW$USESV6$~STKCKD$USESV7$~SHL$OSPACE$ROPI$EBA8$MICROLIB$REQ8$PRES8$EABIv2 0x00000000   Number         0  anon$$obj.o ABSOLUTE
    __ARM_use_no_argv                        0x00000000   Number         0  main.o ABSOLUTE
    _printf_a                                0x00000000   Number         0  stubs.o ABSOLUTE
    _printf_c                                0x00000000   Number         0  stubs.o ABSOLUTE
    _printf_charcount                        0x00000000   Number         0  stubs.o ABSOLUTE
    _printf_d                                0x00000000   Number         0  stubs.o ABSOLUTE
    _printf_e                                0x00000000   Number         0  stubs.o ABSOLUTE
    _printf_f                                0x00000000   Number         0  stubs.o ABSOLUTE
    _printf_flags                            0x00000000   Number         0  stubs.o ABSOLUTE
    _printf_fp_dec                           0x00000000   Number         0  stubs.o ABSOLUTE
    _printf_fp_hex                           0x00000000   Number         0  stubs.o ABSOLUTE
    _printf_g                                0x00000000   Number         0  stubs.o ABSOLUTE
    _printf_i                                0x00000000   Number         0  stubs.o ABSOLUTE
    _printf_int_dec                          0x00000000   Number         0  stubs.o ABSOLUTE
    _printf_l                                0x00000000   Number         0  stubs.o ABSOLUTE
    _printf_lc                               0x00000000   Number         0  stubs.o ABSOLUTE
    _printf_ll                               0x00000000   Number         0  stubs.o ABSOLUTE
    _printf_lld                              0x00000000   Number         0  stubs.o ABSOLUTE
    _printf_lli                              0x00000000   Number         0  stubs.o ABSOLUTE
    _printf_llo                              0x00000000   Number         0  stubs.o ABSOLUTE
    _printf_llu                              0x00000000   Number         0  stubs.o ABSOLUTE
    _printf_llx                              0x00000000   Number         0  stubs.o ABSOLUTE
    _printf_longlong_dec                     0x00000000   Number         0  stubs.o ABSOLUTE
    _printf_longlong_hex                     0x00000000   Number         0  stubs.o ABSOLUTE
    _printf_longlong_oct                     0x00000000   Number         0  stubs.o ABSOLUTE
    _printf_ls                               0x00000000   Number         0  stubs.o ABSOLUTE
    _printf_mbtowc                           0x00000000   Number         0  stubs.o ABSOLUTE
    _printf_n                                0x00000000   Number         0  stubs.o ABSOLUTE
    _printf_o                                0x00000000   Number         0  stubs.o ABSOLUTE
    _printf_p                                0x00000000   Number         0  stubs.o ABSOLUTE
    _printf_percent                          0x00000000   Number         0  stubs.o ABSOLUTE
    _printf_pre_padding                      0x00000000   Number         0  stubs.o ABSOLUTE
    _printf_return_value                     0x00000000   Number         0  stubs.o ABSOLUTE
    _printf_s                                0x00000000   Number         0  stubs.o ABSOLUTE
    _printf_sizespec                         0x00000000   Number         0  stubs.o ABSOLUTE
    _printf_str                              0x00000000   Number         0  stubs.o ABSOLUTE
    _printf_truncate_signed                  0x00000000   Number         0  stubs.o ABSOLUTE
    _printf_truncate_unsigned                0x00000000   Number         0  stubs.o ABSOLUTE
    _printf_u                                0x00000000   Number         0  stubs.o ABSOLUTE
    _printf_wc                               0x00000000   Number         0  stubs.o ABSOLUTE
    _printf_wctomb                           0x00000000   Number         0  stubs.o ABSOLUTE
    _printf_widthprec                        0x00000000   Number         0  stubs.o ABSOLUTE
    _printf_x                                0x00000000   Number         0  stubs.o ABSOLUTE
    __cpp_initialize__aeabi_                  - Undefined Weak Reference
    __cxa_finalize                            - Undefined Weak Reference
    __decompress                              - Undefined Weak Reference
    _clock_init                               - Undefined Weak Reference
    _microlib_exit                            - Undefined Weak Reference
    __Vectors_Size                           0x000000c0   Number         0  startup_stm32f0xx.o ABSOLUTE
    __Vectors                                0x08003000   Data           4  startup_stm32f0xx.o(RESET)
    __Vectors_End                            0x080030c0   Data           0  startup_stm32f0xx.o(RESET)
    __main                                   0x080030c1   Thumb Code     0  entry.o(.ARM.Collect$$$$00000000)
    _main_stk                                0x080030c1   Thumb Code     0  entry2.o(.ARM.Collect$$$$00000001)
    _main_scatterload                        0x080030c5   Thumb Code     0  entry5.o(.ARM.Collect$$$$00000004)
    __main_after_scatterload                 0x080030c9   Thumb Code     0  entry5.o(.ARM.Collect$$$$00000004)
    _main_clock                              0x080030c9   Thumb Code     0  entry7b.o(.ARM.Collect$$$$00000008)
    _main_cpp_init                           0x080030c9   Thumb Code     0  entry8b.o(.ARM.Collect$$$$0000000A)
    _main_init                               0x080030c9   Thumb Code     0  entry9a.o(.ARM.Collect$$$$0000000B)
    __rt_final_cpp                           0x080030d1   Thumb Code     0  entry10a.o(.ARM.Collect$$$$0000000D)
    __rt_final_exit                          0x080030d1   Thumb Code     0  entry11a.o(.ARM.Collect$$$$0000000F)
    __asm___6_port_c_39a90d8d__prvPortStartFirstTask 0x080030d5   Thumb Code    28  port.o(.emb_text)
    ulSetInterruptMaskFromISR                0x080030f5   Thumb Code     8  port.o(.emb_text)
    vClearInterruptMaskFromISR               0x080030fd   Thumb Code     6  port.o(.emb_text)
    PendSV_Handler                           0x08003103   Thumb Code    62  port.o(.emb_text)
    Reset_Handler                            0x08003145   Thumb Code     8  startup_stm32f0xx.o(.text)
    ADC1_COMP_IRQHandler                     0x08003157   Thumb Code     0  startup_stm32f0xx.o(.text)
    CEC_IRQHandler                           0x08003157   Thumb Code     0  startup_stm32f0xx.o(.text)
    DMA1_Channel1_IRQHandler                 0x08003157   Thumb Code     0  startup_stm32f0xx.o(.text)
    DMA1_Channel2_3_IRQHandler               0x08003157   Thumb Code     0  startup_stm32f0xx.o(.text)
    DMA1_Channel4_5_IRQHandler               0x08003157   Thumb Code     0  startup_stm32f0xx.o(.text)
    EXTI0_1_IRQHandler                       0x08003157   Thumb Code     0  startup_stm32f0xx.o(.text)
    EXTI2_3_IRQHandler                       0x08003157   Thumb Code     0  startup_stm32f0xx.o(.text)
    EXTI4_15_IRQHandler                      0x08003157   Thumb Code     0  startup_stm32f0xx.o(.text)
    FLASH_IRQHandler                         0x08003157   Thumb Code     0  startup_stm32f0xx.o(.text)
    I2C1_IRQHandler                          0x08003157   Thumb Code     0  startup_stm32f0xx.o(.text)
    I2C2_IRQHandler                          0x08003157   Thumb Code     0  startup_stm32f0xx.o(.text)
    PVD_IRQHandler                           0x08003157   Thumb Code     0  startup_stm32f0xx.o(.text)
    RCC_IRQHandler                           0x08003157   Thumb Code     0  startup_stm32f0xx.o(.text)
    RTC_IRQHandler                           0x08003157   Thumb Code     0  startup_stm32f0xx.o(.text)
    SPI1_IRQHandler                          0x08003157   Thumb Code     0  startup_stm32f0xx.o(.text)
    SPI2_IRQHandler                          0x08003157   Thumb Code     0  startup_stm32f0xx.o(.text)
    TIM14_IRQHandler                         0x08003157   Thumb Code     0  startup_stm32f0xx.o(.text)
    TIM15_IRQHandler                         0x08003157   Thumb Code     0  startup_stm32f0xx.o(.text)
    TIM16_IRQHandler                         0x08003157   Thumb Code     0  startup_stm32f0xx.o(.text)
    TIM17_IRQHandler                         0x08003157   Thumb Code     0  startup_stm32f0xx.o(.text)
    TIM1_BRK_UP_TRG_COM_IRQHandler           0x08003157   Thumb Code     0  startup_stm32f0xx.o(.text)
    TIM1_CC_IRQHandler                       0x08003157   Thumb Code     0  startup_stm32f0xx.o(.text)
    TIM6_DAC_IRQHandler                      0x08003157   Thumb Code     0  startup_stm32f0xx.o(.text)
    TS_IRQHandler                            0x08003157   Thumb Code     0  startup_stm32f0xx.o(.text)
    WWDG_IRQHandler                          0x08003157   Thumb Code     0  startup_stm32f0xx.o(.text)
    __aeabi_uidiv                            0x08003161   Thumb Code     0  uidiv.o(.text)
    __aeabi_uidivmod                         0x08003161   Thumb Code    44  uidiv.o(.text)
    __aeabi_idiv                             0x0800318d   Thumb Code     0  idiv.o(.text)
    __aeabi_idivmod                          0x0800318d   Thumb Code    40  idiv.o(.text)
    __rt_ctype_table                         0x080031b5   Thumb Code     4  ctype_o.o(.text)
    mktime                                   0x080031bd   Thumb Code   124  mktime.o(.text)
    __aeabi_memcpy                           0x08003249   Thumb Code    36  memcpya.o(.text)
    __aeabi_memcpy4                          0x08003249   Thumb Code     0  memcpya.o(.text)
    __aeabi_memcpy8                          0x08003249   Thumb Code     0  memcpya.o(.text)
    __aeabi_memset                           0x0800326d   Thumb Code    14  memseta.o(.text)
    __aeabi_memset4                          0x0800326d   Thumb Code     0  memseta.o(.text)
    __aeabi_memset8                          0x0800326d   Thumb Code     0  memseta.o(.text)
    __aeabi_memclr                           0x0800327b   Thumb Code     4  memseta.o(.text)
    __aeabi_memclr4                          0x0800327b   Thumb Code     0  memseta.o(.text)
    __aeabi_memclr8                          0x0800327b   Thumb Code     0  memseta.o(.text)
    _memset$wrapper                          0x0800327f   Thumb Code    18  memseta.o(.text)
    strcat                                   0x08003291   Thumb Code    24  strcat.o(.text)
    strncpy                                  0x080032a9   Thumb Code    26  strncpy.o(.text)
    strchr                                   0x080032c3   Thumb Code    20  strchr.o(.text)
    strlen                                   0x080032d7   Thumb Code    14  strlen.o(.text)
    strcpy                                   0x080032e5   Thumb Code    18  strcpy.o(.text)
    strncmp                                  0x080032f7   Thumb Code    30  strncmp.o(.text)
    strtok                                   0x08003315   Thumb Code    68  strtok.o(.text)
    atoi                                     0x0800335d   Thumb Code    26  atoi.o(.text)
    atol                                     0x08003377   Thumb Code    26  atol.o(.text)
    _localtime                               0x08003391   Thumb Code   104  localtime_i.o(.text)
    strtol                                   0x08003405   Thumb Code   108  strtol.o(.text)
    __scatterload                            0x08003475   Thumb Code    28  init.o(.text)
    __scatterload_rt2                        0x08003475   Thumb Code     0  init.o(.text)
    _strtoul                                 0x08003499   Thumb Code   166  _strtoul.o(.text)
    _chval                                   0x0800353f   Thumb Code    30  _chval.o(.text)
    Delay                                    0x0800355d   Thumb Code   102  3gmodule.o(i.Delay)
    FLASH_PrefetchBufferCmd                  0x080035f5   Thumb Code    32  stm32f0xx_flash.o(i.FLASH_PrefetchBufferCmd)
    FLASH_SetLatency                         0x08003619   Thumb Code    24  stm32f0xx_flash.o(i.FLASH_SetLatency)
    GPIO_Init                                0x08003635   Thumb Code   144  stm32f0xx_gpio.o(i.GPIO_Init)
    GPIO_PinAFConfig                         0x080036c5   Thumb Code    68  stm32f0xx_gpio.o(i.GPIO_PinAFConfig)
    HardFault_Handler                        0x08003709   Thumb Code     4  stm32f0xx_it.o(i.HardFault_Handler)
    I2C_ClearFlag                            0x0800370d   Thumb Code     4  stm32f0xx_i2c.o(i.I2C_ClearFlag)
    I2C_Cmd                                  0x08003711   Thumb Code    24  stm32f0xx_i2c.o(i.I2C_Cmd)
    I2C_GenerateSTART                        0x08003729   Thumb Code    28  stm32f0xx_i2c.o(i.I2C_GenerateSTART)
    I2C_GetFlagStatus                        0x08003745   Thumb Code    28  stm32f0xx_i2c.o(i.I2C_GetFlagStatus)
    I2C_Init                                 0x08003761   Thumb Code    98  stm32f0xx_i2c.o(i.I2C_Init)
    I2C_ReceiveData                          0x080037cd   Thumb Code     8  stm32f0xx_i2c.o(i.I2C_ReceiveData)
    I2C_SendData                             0x080037d5   Thumb Code     4  stm32f0xx_i2c.o(i.I2C_SendData)
    I2C_TransferHandling                     0x080037d9   Thumb Code    38  stm32f0xx_i2c.o(i.I2C_TransferHandling)
    LoadSetting                              0x08003805   Thumb Code   128  setting.o(i.LoadSetting)
    MQTTPacket_encode                        0x08003899   Thumb Code    54  mqttpacket.o(i.MQTTPacket_encode)
    MQTTPacket_len                           0x080038d1   Thumb Code    36  mqttpacket.o(i.MQTTPacket_len)
    MQTTSerialize_connect                    0x080038f9   Thumb Code   394  mqttconnectclient.o(i.MQTTSerialize_connect)
    MQTTSerialize_connectLength              0x08003a95   Thumb Code   128  mqttconnectclient.o(i.MQTTSerialize_connectLength)
    MQTTSerialize_disconnect                 0x08003b15   Thumb Code    18  mqttconnectclient.o(i.MQTTSerialize_disconnect)
    MQTTSerialize_publish                    0x08003b27   Thumb Code   190  mqttserializepublish.o(i.MQTTSerialize_publish)
    MQTTSerialize_publishLength              0x08003be5   Thumb Code    34  mqttserializepublish.o(i.MQTTSerialize_publishLength)
    MQTTSerialize_zero                       0x08003c07   Thumb Code    78  mqttconnectclient.o(i.MQTTSerialize_zero)
    MQTTstrlen                               0x08003c55   Thumb Code    26  mqttpacket.o(i.MQTTstrlen)
    NMI_Handler                              0x08003c6f   Thumb Code     2  stm32f0xx_it.o(i.NMI_Handler)
    NVIC_Init                                0x08003c71   Thumb Code   106  stm32f0xx_misc.o(i.NVIC_Init)
    PWR_BackupAccessCmd                      0x08003ce1   Thumb Code    36  stm32f0xx_pwr.o(i.PWR_BackupAccessCmd)
    RCC_AHBPeriphClockCmd                    0x08003d09   Thumb Code    28  stm32f0xx_rcc.o(i.RCC_AHBPeriphClockCmd)
    RCC_APB1PeriphClockCmd                   0x08003d29   Thumb Code    28  stm32f0xx_rcc.o(i.RCC_APB1PeriphClockCmd)
    RCC_APB1PeriphResetCmd                   0x08003d49   Thumb Code    28  stm32f0xx_rcc.o(i.RCC_APB1PeriphResetCmd)
    RCC_APB2PeriphClockCmd                   0x08003d69   Thumb Code    28  stm32f0xx_rcc.o(i.RCC_APB2PeriphClockCmd)
    RCC_APB2PeriphResetCmd                   0x08003d89   Thumb Code    28  stm32f0xx_rcc.o(i.RCC_APB2PeriphResetCmd)
    RCC_DeInit                               0x08003da9   Thumb Code   104  stm32f0xx_rcc.o(i.RCC_DeInit)
    RCC_GetClocksFreq                        0x08003e1d   Thumb Code   340  stm32f0xx_rcc.o(i.RCC_GetClocksFreq)
    RCC_GetFlagStatus                        0x08003f89   Thumb Code    68  stm32f0xx_rcc.o(i.RCC_GetFlagStatus)
    RCC_GetSYSCLKSource                      0x08003fd1   Thumb Code    10  stm32f0xx_rcc.o(i.RCC_GetSYSCLKSource)
    RCC_HCLKConfig                           0x08003fe1   Thumb Code    28  stm32f0xx_rcc.o(i.RCC_HCLKConfig)
    RCC_HSEConfig                            0x08004001   Thumb Code    12  stm32f0xx_rcc.o(i.RCC_HSEConfig)
    RCC_I2CCLKConfig                         0x08004011   Thumb Code    22  stm32f0xx_rcc.o(i.RCC_I2CCLKConfig)
    RCC_LSEConfig                            0x0800402d   Thumb Code    34  stm32f0xx_rcc.o(i.RCC_LSEConfig)
    RCC_PCLKConfig                           0x08004055   Thumb Code    30  stm32f0xx_rcc.o(i.RCC_PCLKConfig)
    RCC_PLLCmd                               0x08004079   Thumb Code    36  stm32f0xx_rcc.o(i.RCC_PLLCmd)
    RCC_PLLConfig                            0x080040a1   Thumb Code    30  stm32f0xx_rcc.o(i.RCC_PLLConfig)
    RCC_RTCCLKCmd                            0x080040c5   Thumb Code    36  stm32f0xx_rcc.o(i.RCC_RTCCLKCmd)
    RCC_RTCCLKConfig                         0x080040ed   Thumb Code    12  stm32f0xx_rcc.o(i.RCC_RTCCLKConfig)
    RCC_SYSCLKConfig                         0x080040fd   Thumb Code    24  stm32f0xx_rcc.o(i.RCC_SYSCLKConfig)
    RCC_WaitForHSEStartUp                    0x08004119   Thumb Code    60  stm32f0xx_rcc.o(i.RCC_WaitForHSEStartUp)
    RTC_EnterInitMode                        0x080041d9   Thumb Code    82  stm32f0xx_rtc.o(i.RTC_EnterInitMode)
    RTC_ExitInitMode                         0x08004231   Thumb Code    14  stm32f0xx_rtc.o(i.RTC_ExitInitMode)
    RTC_GetDate                              0x08004245   Thumb Code    88  stm32f0xx_rtc.o(i.RTC_GetDate)
    RTC_GetTime                              0x080042a5   Thumb Code    84  stm32f0xx_rtc.o(i.RTC_GetTime)
    RTC_Init                                 0x08004301   Thumb Code    84  stm32f0xx_rtc.o(i.RTC_Init)
    RTC_ReadBackupRegister                   0x08004359   Thumb Code    26  stm32f0xx_rtc.o(i.RTC_ReadBackupRegister)
    RTC_SetDate                              0x08004379   Thumb Code   198  stm32f0xx_rtc.o(i.RTC_SetDate)
    RTC_SetTime                              0x08004449   Thumb Code   208  stm32f0xx_rtc.o(i.RTC_SetTime)
    RTC_TimeRegulate                         0x08004521   Thumb Code   102  datapacket.o(i.RTC_TimeRegulate)
    RTC_WaitForSynchro                       0x08004595   Thumb Code   104  stm32f0xx_rtc.o(i.RTC_WaitForSynchro)
    RTC_WriteBackupRegister                  0x08004601   Thumb Code    24  stm32f0xx_rtc.o(i.RTC_WriteBackupRegister)
    ReceiveSetting                           0x0800461d   Thumb Code   540  setting.o(i.ReceiveSetting)
    STM_RTU_COMInit                          0x08004865   Thumb Code   294  stm320xx8_rtu.o(i.STM_RTU_COMInit)
    STM_RTU_LEDInit                          0x080049cd   Thumb Code    68  stm320xx8_rtu.o(i.STM_RTU_LEDInit)
    STM_RTU_LEDOff                           0x08004a1d   Thumb Code    16  stm320xx8_rtu.o(i.STM_RTU_LEDOff)
    STM_RTU_LEDOn                            0x08004a35   Thumb Code    16  stm320xx8_rtu.o(i.STM_RTU_LEDOn)
    STM_RTU_NVICInit                         0x08004a4d   Thumb Code    22  stm320xx8_rtu.o(i.STM_RTU_NVICInit)
    SVC_Handler                              0x08004a63   Thumb Code     2  port.o(i.SVC_Handler)
    SYSCFG_MemoryRemapConfig                 0x08004a65   Thumb Code    24  stm32f0xx_syscfg.o(i.SYSCFG_MemoryRemapConfig)
    SysTick_Handler                          0x08004b09   Thumb Code    32  port.o(i.SysTick_Handler)
    SystemInit                               0x08004b2d   Thumb Code   110  system_stm32f0xx.o(i.SystemInit)
    TIM2_IRQHandler                          0x08004ba9   Thumb Code    60  timertask.o(i.TIM2_IRQHandler)
    TIM3_IRQHandler                          0x08004bed   Thumb Code     8  stm32f0xx_it.o(i.TIM3_IRQHandler)
    TIM_ClearITPendingBit                    0x08004bf5   Thumb Code     6  stm32f0xx_tim.o(i.TIM_ClearITPendingBit)
    TIM_Cmd                                  0x08004bfd   Thumb Code    24  stm32f0xx_tim.o(i.TIM_Cmd)
    TIM_Configuration                        0x08004c19   Thumb Code    58  timertask.o(i.TIM_Configuration)
    TIM_GetITStatus                          0x08004c53   Thumb Code    38  stm32f0xx_tim.o(i.TIM_GetITStatus)
    TIM_ITConfig                             0x08004c79   Thumb Code    20  stm32f0xx_tim.o(i.TIM_ITConfig)
    TIM_TimeBaseInit                         0x08004c8d   Thumb Code    90  stm32f0xx_tim.o(i.TIM_TimeBaseInit)
    USART1_IRQHandler                        0x08004d09   Thumb Code    24  stm32f0xx_it.o(i.USART1_IRQHandler)
    USART2_IRQHandler                        0x08004d29   Thumb Code    10  stm32f0xx_it.o(i.USART2_IRQHandler)
    USART_Cmd                                0x08004d39   Thumb Code    24  stm32f0xx_usart.o(i.USART_Cmd)
    USART_DECmd                              0x08004d51   Thumb Code    28  stm32f0xx_usart.o(i.USART_DECmd)
    USART_DEPolarityConfig                   0x08004d6d   Thumb Code    18  stm32f0xx_usart.o(i.USART_DEPolarityConfig)
    USART_DeInit                             0x08004d81   Thumb Code    56  stm32f0xx_usart.o(i.USART_DeInit)
    USART_GetFlagStatus                      0x08004dc1   Thumb Code    20  stm32f0xx_usart.o(i.USART_GetFlagStatus)
    USART_GetITStatus                        0x08004dd5   Thumb Code    78  stm32f0xx_usart.o(i.USART_GetITStatus)
    USART_ITConfig                           0x08004e23   Thumb Code    66  stm32f0xx_usart.o(i.USART_ITConfig)
    USART_Init                               0x08004e65   Thumb Code   234  stm32f0xx_usart.o(i.USART_Init)
    USART_ReceiveData                        0x08004f59   Thumb Code    10  stm32f0xx_usart.o(i.USART_ReceiveData)
    USART_SendData                           0x08004f63   Thumb Code     8  stm32f0xx_usart.o(i.USART_SendData)
    USART_SetDEAssertionTime                 0x08004f6b   Thumb Code    20  stm32f0xx_usart.o(i.USART_SetDEAssertionTime)
    USART_SetDEDeassertionTime               0x08004f7f   Thumb Code    20  stm32f0xx_usart.o(i.USART_SetDEDeassertionTime)
    USARTx_IRQHandler                        0x08004f95   Thumb Code   292  stm32f0xx_it.o(i.USARTx_IRQHandler)
    __0sprintf$6                             0x080050f1   Thumb Code    36  printf6.o(i.__0sprintf$6)
    __1sprintf$6                             0x080050f1   Thumb Code     0  printf6.o(i.__0sprintf$6)
    __2sprintf                               0x080050f1   Thumb Code     0  printf6.o(i.__0sprintf$6)
    __ARM_common_switch8                     0x08005119   Thumb Code    28  tasks.o(i.__ARM_common_switch8)
    __aeabi_errno_addr                       0x08005135   Thumb Code     4  errno.o(i.__aeabi_errno_addr)
    __rt_errno_addr                          0x08005135   Thumb Code     0  errno.o(i.__aeabi_errno_addr)
    __scatterload_copy                       0x0800513d   Thumb Code    14  handlers.o(i.__scatterload_copy)
    __scatterload_null                       0x0800514b   Thumb Code     2  handlers.o(i.__scatterload_null)
    __scatterload_zeroinit                   0x0800514d   Thumb Code    14  handlers.o(i.__scatterload_zeroinit)
    bMBMIsHdlValid                           0x080054b9   Thumb Code    32  mbm.o(i.bMBMIsHdlValid)
    bMBPEventGet                             0x08005799   Thumb Code    54  mbportevent.o(i.bMBPEventGet)
    eMBExceptionToErrorcode                  0x080057d5   Thumb Code    68  mbutils.o(i.eMBExceptionToErrorcode)
    eMBMClose                                0x08005819   Thumb Code    50  mbm.o(i.eMBMClose)
    eMBMReadCoils                            0x08005851   Thumb Code    56  mbmfunccoils.o(i.eMBMReadCoils)
    eMBMReadDiscreteInputs                   0x08005889   Thumb Code    56  mbmfuncdisc.o(i.eMBMReadDiscreteInputs)
    eMBMReadHoldingRegisters                 0x080058c1   Thumb Code    56  mbmfuncholding.o(i.eMBMReadHoldingRegisters)
    eMBMReadInputRegisters                   0x080058f9   Thumb Code    56  mbmfuncinput.o(i.eMBMReadInputRegisters)
    eMBMSerialInit                           0x080059dd   Thumb Code    48  mbm.o(i.eMBMSerialInit)
    eMBMSerialInitExt                        0x08005a0d   Thumb Code    98  mbm.o(i.eMBMSerialInitExt)
    eMBMSerialRTUInit                        0x08005d5d   Thumb Code   392  mbmrtu.o(i.eMBMSerialRTUInit)
    eMBPEventCreate                          0x08005f01   Thumb Code   118  mbportevent.o(i.eMBPEventCreate)
    eMBPEventPost                            0x08005f81   Thumb Code    42  mbportevent.o(i.eMBPEventPost)
    eMBPSerialClose                          0x08005fb1   Thumb Code   164  mbportserial.o(i.eMBPSerialClose)
    eMBPSerialInit                           0x08006061   Thumb Code   246  mbportserial.o(i.eMBPSerialInit)
    eMBPSerialRxEnable                       0x08006171   Thumb Code   150  mbportserial.o(i.eMBPSerialRxEnable)
    eMBPSerialTxEnable                       0x08006219   Thumb Code   178  mbportserial.o(i.eMBPSerialTxEnable)
    eMBPTimerInit                            0x080062e1   Thumb Code   266  mbporttimer.o(i.eMBPTimerInit)
    eMBPTimerStart                           0x080063fd   Thumb Code    42  mbporttimer.o(i.eMBPTimerStart)
    eMBPTimerStop                            0x0800642d   Thumb Code    42  mbporttimer.o(i.eMBPTimerStop)
    free                                     0x0800645d   Thumb Code    80  malloc.o(i.free)
    getRSSI                                  0x080064b1   Thumb Code   126  3gmodule.o(i.getRSSI)
    getTimeStamp                             0x08006541   Thumb Code    70  datapacket.o(i.getTimeStamp)
    init3GModule                             0x08006589   Thumb Code    58  3gmodule.o(i.init3GModule)
    initRTC                                  0x080065cd   Thumb Code    34  datapacket.o(i.initRTC)
    main                                     0x080065f5   Thumb Code   238  main.o(i.main)
    makeDataPack                             0x08006725   Thumb Code   140  datapacket.o(i.makeDataPack)
    malloc                                   0x080067d5   Thumb Code    92  malloc.o(i.malloc)
    mqtt_pub                                 0x08006841   Thumb Code   264  qos0pub.o(i.mqtt_pub)
    pvPortMalloc                             0x08006ce1   Thumb Code   168  heap_2.o(i.pvPortMalloc)
    pxPortInitialiseStack                    0x08006e6d   Thumb Code    26  port.o(i.pxPortInitialiseStack)
    sEE_Init                                 0x08006e8d   Thumb Code    52  stm320518_i2c_ee.o(i.sEE_Init)
    sEE_LowLevel_Init                        0x08006ecd   Thumb Code    86  stm320xx8_rtu.o(i.sEE_LowLevel_Init)
    sEE_ReadBuffer                           0x08006f29   Thumb Code   690  stm320518_i2c_ee.o(i.sEE_ReadBuffer)
    sEE_TIMEOUT_UserCallback                 0x080071e9   Thumb Code    10  3gmodule.o(i.sEE_TIMEOUT_UserCallback)
    sEE_WaitEepromStandbyState               0x080071f5   Thumb Code   110  stm320518_i2c_ee.o(i.sEE_WaitEepromStandbyState)
    sEE_WriteBuffer                          0x08007271   Thumb Code   390  stm320518_i2c_ee.o(i.sEE_WriteBuffer)
    sEE_WritePage                            0x08007401   Thumb Code   256  stm320518_i2c_ee.o(i.sEE_WritePage)
    sendATCommand                            0x0800750d   Thumb Code    78  3gmodule.o(i.sendATCommand)
    sendOverTCP                              0x08007575   Thumb Code    86  3gmodule.o(i.sendOverTCP)
    sendPacket                               0x080075dd   Thumb Code    62  3gmodule.o(i.sendPacket)
    transport_close                          0x0800762d   Thumb Code    16  transport.o(i.transport_close)
    transport_open                           0x08007651   Thumb Code    70  transport.o(i.transport_open)
    transport_sendPacketBuffer               0x080076c5   Thumb Code    38  transport.o(i.transport_sendPacketBuffer)
    usMBMCRC16                               0x080076f9   Thumb Code    46  mbmcrc.o(i.usMBMCRC16)
    uxListRemove                             0x08007731   Thumb Code    40  list.o(i.uxListRemove)
    vApp2Task                                0x08007759   Thumb Code    36  main.o(i.vApp2Task)
    vApp3Task                                0x08007785   Thumb Code   398  main.o(i.vApp3Task)
    vListInitialise                          0x08007a49   Thumb Code    26  list.o(i.vListInitialise)
    vListInitialiseItem                      0x08007a63   Thumb Code     6  list.o(i.vListInitialiseItem)
    vListInsert                              0x08007a69   Thumb Code    54  list.o(i.vListInsert)
    vListInsertEnd                           0x08007a9f   Thumb Code    24  list.o(i.vListInsertEnd)
    vMBMMasterTransactionPolled              0x08007ab7   Thumb Code   224  mbm.o(i.vMBMMasterTransactionPolled)
    vMBMReadCoilsPolled                      0x08007b97   Thumb Code   336  mbmfunccoils.o(i.vMBMReadCoilsPolled)
    vMBMReadDiscreteInputsPolled             0x08007ce7   Thumb Code   336  mbmfuncdisc.o(i.vMBMReadDiscreteInputsPolled)
    vMBMReadHoldingRegistersPolled           0x08007e37   Thumb Code   364  mbmfuncholding.o(i.vMBMReadHoldingRegistersPolled)
    vMBMReadInputRegistersPolled             0x08007fa3   Thumb Code   354  mbmfuncinput.o(i.vMBMReadInputRegistersPolled)
    vMBPAssert                               0x08008105   Thumb Code    22  mbportother.o(i.vMBPAssert)
    vMBPEnterCritical                        0x0800811d   Thumb Code    14  mbportother.o(i.vMBPEnterCritical)
    vMBPEventDelete                          0x08008131   Thumb Code    44  mbportevent.o(i.vMBPEventDelete)
    vMBPExitCritical                         0x08008161   Thumb Code    22  mbportother.o(i.vMBPExitCritical)
    vMBPTimerClose                           0x0800817d   Thumb Code    44  mbporttimer.o(i.vMBPTimerClose)
    vMBPTimerISR                             0x080081ad   Thumb Code   112  mbporttimer.o(i.vMBPTimerISR)
    vMBPUSART1ISR                            0x08008229   Thumb Code    64  mbportserial.o(i.vMBPUSART1ISR)
    vPortEnterCritical                       0x08008295   Thumb Code    22  port.o(i.vPortEnterCritical)
    vPortExitCritical                        0x080082b1   Thumb Code    36  port.o(i.vPortExitCritical)
    vPortFree                                0x080082d9   Thumb Code    58  heap_2.o(i.vPortFree)
    vPortYield                               0x0800831d   Thumb Code    18  port.o(i.vPortYield)
    vTaskDelay                               0x08008431   Thumb Code    76  tasks.o(i.vTaskDelay)
    vTaskStartScheduler                      0x08008489   Thumb Code    70  tasks.o(i.vTaskStartScheduler)
    vTaskSuspendAll                          0x080084e9   Thumb Code    12  tasks.o(i.vTaskSuspendAll)
    vTaskSwitchContext                       0x080084f9   Thumb Code   120  tasks.o(i.vTaskSwitchContext)
    writeCString                             0x080085b1   Thumb Code    40  mqttpacket.o(i.writeCString)
    writeChar                                0x080085d9   Thumb Code    12  mqttpacket.o(i.writeChar)
    writeInt                                 0x080085e5   Thumb Code    50  mqttpacket.o(i.writeInt)
    writeMQTTString                          0x08008617   Thumb Code    64  mqttpacket.o(i.writeMQTTString)
    xPortStartScheduler                      0x08008659   Thumb Code    48  port.o(i.xPortStartScheduler)
    xTaskGenericCreate                       0x08008691   Thumb Code   288  tasks.o(i.xTaskGenericCreate)
    xTaskIncrementTick                       0x080087c9   Thumb Code   274  tasks.o(i.xTaskIncrementTick)
    xTaskResumeAll                           0x08008909   Thumb Code   202  tasks.o(i.xTaskResumeAll)
    GPIO_PIN                                 0x080089f4   Data          14  stm320xx8_rtu.o(.constdata)
    GPIO_CLK                                 0x08008a04   Data          28  stm320xx8_rtu.o(.constdata)
    COM_USART_CLK                            0x08008a20   Data           8  stm320xx8_rtu.o(.constdata)
    COM_TX_PORT_CLK                          0x08008a28   Data           8  stm320xx8_rtu.o(.constdata)
    COM_RX_PORT_CLK                          0x08008a30   Data           8  stm320xx8_rtu.o(.constdata)
    COM_TX_PIN                               0x08008a38   Data           4  stm320xx8_rtu.o(.constdata)
    COM_RX_PIN                               0x08008a3c   Data           4  stm320xx8_rtu.o(.constdata)
    COM_DE_PIN                               0x08008a40   Data           4  stm320xx8_rtu.o(.constdata)
    COM_TX_PIN_SOURCE                        0x08008a44   Data           2  stm320xx8_rtu.o(.constdata)
    COM_RX_PIN_SOURCE                        0x08008a46   Data           2  stm320xx8_rtu.o(.constdata)
    COM_DE_PIN_SOURCE                        0x08008a48   Data           2  stm320xx8_rtu.o(.constdata)
    COM_TX_AF                                0x08008a4a   Data           2  stm320xx8_rtu.o(.constdata)
    COM_RX_AF                                0x08008a4c   Data           2  stm320xx8_rtu.o(.constdata)
    COM_DE_AF                                0x08008a4e   Data           2  stm320xx8_rtu.o(.constdata)
    __ctype_table                            0x08008cb1   Data         129  ctype_o.o(.constdata)
    Region$$Table$$Base                      0x08008dc0   Number         0  anon$$obj.o(Region$$Table)
    Region$$Table$$Limit                     0x08008de0   Number         0  anon$$obj.o(Region$$Table)
    VectorTable                              0x20000000   Data         192  main.o(.ARM.__AT_0x20000000)
    bPub                                     0x200000c1   Data           1  main.o(.data)
    configMode                               0x200000c2   Data           1  main.o(.data)
    NbrOfDataToTransfer                      0x200000c4   Data           1  stm32f0xx_it.o(.data)
    NbrOfDataToRead                          0x200000c5   Data           1  stm32f0xx_it.o(.data)
    TxCount                                  0x200000c6   Data           1  stm32f0xx_it.o(.data)
    RxCount                                  0x200000c7   Data           1  stm32f0xx_it.o(.data)
    RxCount1                                 0x200000c8   Data           1  stm32f0xx_it.o(.data)
    runningFlag                              0x200000c9   Data           1  stm32f0xx_it.o(.data)
    bRecord                                  0x200000ca   Data           1  stm32f0xx_it.o(.data)
    proC                                     0x200000cb   Data           1  stm32f0xx_it.o(.data)
    rnCount                                  0x200000cc   Data           1  stm32f0xx_it.o(.data)
    myRN                                     0x200000cd   Data           1  stm32f0xx_it.o(.data)
    myRN1                                    0x200000ce   Data           1  stm32f0xx_it.o(.data)
    AT_CMD                                   0x200000d0   Data          24  3gmodule.o(.data)
    AsynchPrediv                             0x200000e8   Data           4  datapacket.o(.data)
    SynchPrediv                              0x200000ec   Data           4  datapacket.o(.data)
    dataCounter                              0x200000f0   Data           1  datapacket.o(.data)
    pos                                      0x200000f4   Data           2  setting.o(.data)
    counter                                  0x200000f6   Data           1  setting.o(.data)
    srl                                      0x200000f8   Data           8  setting.o(.data)
    GPIO_PORT                                0x20000100   Data          28  stm320xx8_rtu.o(.data)
    COM_USART                                0x2000011c   Data           8  stm320xx8_rtu.o(.data)
    COM_TX_PORT                              0x20000124   Data           8  stm320xx8_rtu.o(.data)
    COM_RX_PORT                              0x2000012c   Data           8  stm320xx8_rtu.o(.data)
    COM_DE_PORT                              0x20000134   Data           8  stm320xx8_rtu.o(.data)
    sEEAddress                               0x2000013c   Data           2  stm320518_i2c_ee.o(.data)
    sEETimeout                               0x20000140   Data           4  stm320518_i2c_ee.o(.data)
    sEEDataNum                               0x20000144   Data           2  stm320518_i2c_ee.o(.data)
    pxCurrentTCB                             0x20000158   Data           4  tasks.o(.data)
    xTimers                                  0x20000190   Data           8  timertask.o(.data)
    getRSSItimeFlag                          0x20000198   Data           1  timertask.o(.data)
    __microlib_freelist                      0x200001cc   Data           4  mvars.o(.data)
    __microlib_freelist_initialised          0x200001d0   Data           4  mvars.o(.data)
    TxBuffer                                 0x200001d8   Data         256  stm32f0xx_it.o(.bss)
    RxBuffer                                 0x200002d8   Data         256  stm32f0xx_it.o(.bss)
    csr                                      0x200003d8   Data          98  setting.o(.bss)
    pPoints                                  0x2000043c   Data          60  setting.o(.bss)
    __heap_base                              0x20001750   Data           0  startup_stm32f0xx.o(HEAP)
    __heap_limit                             0x20001950   Data           0  startup_stm32f0xx.o(HEAP)
    __initial_sp                             0x20001d50   Data           0  startup_stm32f0xx.o(STACK)



==============================================================================

Memory Map of the image

  Image Entry point : 0x080030c1

  Load Region LR_IROM1 (Base: 0x08003000, Size: 0x00005ef8, Max: 0x0000d000, ABSOLUTE)

    Execution Region ER_IROM1 (Base: 0x08003000, Size: 0x00005de0, Max: 0x0000d000, ABSOLUTE)

    Base Addr    Size         Type   Attr      Idx    E Section Name        Object

    0x08003000   0x000000c0   Data   RO         3951    RESET               startup_stm32f0xx.o
    0x080030c0   0x00000000   Code   RO         5977  * .ARM.Collect$$$$00000000  mc_p.l(entry.o)
    0x080030c0   0x00000004   Code   RO         6338    .ARM.Collect$$$$00000001  mc_p.l(entry2.o)
    0x080030c4   0x00000004   Code   RO         6341    .ARM.Collect$$$$00000004  mc_p.l(entry5.o)
    0x080030c8   0x00000000   Code   RO         6343    .ARM.Collect$$$$00000008  mc_p.l(entry7b.o)
    0x080030c8   0x00000000   Code   RO         6345    .ARM.Collect$$$$0000000A  mc_p.l(entry8b.o)
    0x080030c8   0x00000008   Code   RO         6346    .ARM.Collect$$$$0000000B  mc_p.l(entry9a.o)
    0x080030d0   0x00000000   Code   RO         6348    .ARM.Collect$$$$0000000D  mc_p.l(entry10a.o)
    0x080030d0   0x00000000   Code   RO         6350    .ARM.Collect$$$$0000000F  mc_p.l(entry11a.o)
    0x080030d0   0x00000004   Code   RO         6339    .ARM.Collect$$$$00002712  mc_p.l(entry2.o)
    0x080030d4   0x00000070   Code   RO         4656    .emb_text           port.o
    0x08003144   0x0000001c   Code   RO         3952    .text               startup_stm32f0xx.o
    0x08003160   0x0000002c   Code   RO         5982    .text               mc_p.l(uidiv.o)
    0x0800318c   0x00000028   Code   RO         5984    .text               mc_p.l(idiv.o)
    0x080031b4   0x00000008   Code   RO         5986    .text               mc_p.l(ctype_o.o)
    0x080031bc   0x0000008c   Code   RO         6014    .text               mc_p.l(mktime.o)
    0x08003248   0x00000024   Code   RO         6019    .text               mc_p.l(memcpya.o)
    0x0800326c   0x00000024   Code   RO         6021    .text               mc_p.l(memseta.o)
    0x08003290   0x00000018   Code   RO         6023    .text               mc_p.l(strcat.o)
    0x080032a8   0x0000001a   Code   RO         6025    .text               mc_p.l(strncpy.o)
    0x080032c2   0x00000014   Code   RO         6027    .text               mc_p.l(strchr.o)
    0x080032d6   0x0000000e   Code   RO         6029    .text               mc_p.l(strlen.o)
    0x080032e4   0x00000012   Code   RO         6033    .text               mc_p.l(strcpy.o)
    0x080032f6   0x0000001e   Code   RO         6035    .text               mc_p.l(strncmp.o)
    0x08003314   0x00000048   Code   RO         6037    .text               mc_p.l(strtok.o)
    0x0800335c   0x0000001a   Code   RO         6334    .text               mc_p.l(atoi.o)
    0x08003376   0x0000001a   Code   RO         6336    .text               mc_p.l(atol.o)
    0x08003390   0x00000074   Code   RO         6372    .text               mc_p.l(localtime_i.o)
    0x08003404   0x00000070   Code   RO         6384    .text               mc_p.l(strtol.o)
    0x08003474   0x00000024   Code   RO         6397    .text               mc_p.l(init.o)
    0x08003498   0x000000a6   Code   RO         6406    .text               mc_p.l(_strtoul.o)
    0x0800353e   0x0000001e   Code   RO         6414    .text               mc_p.l(_chval.o)
    0x0800355c   0x00000098   Code   RO          409    i.Delay             3gmodule.o
    0x080035f4   0x00000024   Code   RO         1527    i.FLASH_PrefetchBufferCmd  stm32f0xx_flash.o
    0x08003618   0x0000001c   Code   RO         1531    i.FLASH_SetLatency  stm32f0xx_flash.o
    0x08003634   0x00000090   Code   RO         1693    i.GPIO_Init         stm32f0xx_gpio.o
    0x080036c4   0x00000044   Code   RO         1694    i.GPIO_PinAFConfig  stm32f0xx_gpio.o
    0x08003708   0x00000004   Code   RO          250    i.HardFault_Handler  stm32f0xx_it.o
    0x0800370c   0x00000004   Code   RO         1788    i.I2C_ClearFlag     stm32f0xx_i2c.o
    0x08003710   0x00000018   Code   RO         1791    i.I2C_Cmd           stm32f0xx_i2c.o
    0x08003728   0x0000001c   Code   RO         1797    i.I2C_GenerateSTART  stm32f0xx_i2c.o
    0x08003744   0x0000001c   Code   RO         1800    i.I2C_GetFlagStatus  stm32f0xx_i2c.o
    0x08003760   0x0000006c   Code   RO         1806    i.I2C_Init          stm32f0xx_i2c.o
    0x080037cc   0x00000008   Code   RO         1812    i.I2C_ReceiveData   stm32f0xx_i2c.o
    0x080037d4   0x00000004   Code   RO         1815    i.I2C_SendData      stm32f0xx_i2c.o
    0x080037d8   0x0000002c   Code   RO         1824    i.I2C_TransferHandling  stm32f0xx_i2c.o
    0x08003804   0x00000094   Code   RO          576    i.LoadSetting       setting.o
    0x08003898   0x00000036   Code   RO         5739    i.MQTTPacket_encode  mqttpacket.o
    0x080038ce   0x00000002   PAD
    0x080038d0   0x00000028   Code   RO         5741    i.MQTTPacket_len    mqttpacket.o
    0x080038f8   0x0000019c   Code   RO         5570    i.MQTTSerialize_connect  mqttconnectclient.o
    0x08003a94   0x00000080   Code   RO         5571    i.MQTTSerialize_connectLength  mqttconnectclient.o
    0x08003b14   0x00000012   Code   RO         5572    i.MQTTSerialize_disconnect  mqttconnectclient.o
    0x08003b26   0x000000be   Code   RO         5854    i.MQTTSerialize_publish  mqttserializepublish.o
    0x08003be4   0x00000022   Code   RO         5855    i.MQTTSerialize_publishLength  mqttserializepublish.o
    0x08003c06   0x0000004e   Code   RO         5574    i.MQTTSerialize_zero  mqttconnectclient.o
    0x08003c54   0x0000001a   Code   RO         5744    i.MQTTstrlen        mqttpacket.o
    0x08003c6e   0x00000002   Code   RO          251    i.NMI_Handler       stm32f0xx_it.o
    0x08003c70   0x00000070   Code   RO         2100    i.NVIC_Init         stm32f0xx_misc.o
    0x08003ce0   0x00000028   Code   RO         2131    i.PWR_BackupAccessCmd  stm32f0xx_pwr.o
    0x08003d08   0x00000020   Code   RO         2202    i.RCC_AHBPeriphClockCmd  stm32f0xx_rcc.o
    0x08003d28   0x00000020   Code   RO         2204    i.RCC_APB1PeriphClockCmd  stm32f0xx_rcc.o
    0x08003d48   0x00000020   Code   RO         2205    i.RCC_APB1PeriphResetCmd  stm32f0xx_rcc.o
    0x08003d68   0x00000020   Code   RO         2206    i.RCC_APB2PeriphClockCmd  stm32f0xx_rcc.o
    0x08003d88   0x00000020   Code   RO         2207    i.RCC_APB2PeriphResetCmd  stm32f0xx_rcc.o
    0x08003da8   0x00000074   Code   RO         2215    i.RCC_DeInit        stm32f0xx_rcc.o
    0x08003e1c   0x0000016c   Code   RO         2216    i.RCC_GetClocksFreq  stm32f0xx_rcc.o
    0x08003f88   0x00000048   Code   RO         2217    i.RCC_GetFlagStatus  stm32f0xx_rcc.o
    0x08003fd0   0x00000010   Code   RO         2219    i.RCC_GetSYSCLKSource  stm32f0xx_rcc.o
    0x08003fe0   0x00000020   Code   RO         2220    i.RCC_HCLKConfig    stm32f0xx_rcc.o
    0x08004000   0x00000010   Code   RO         2221    i.RCC_HSEConfig     stm32f0xx_rcc.o
    0x08004010   0x0000001c   Code   RO         2225    i.RCC_I2CCLKConfig  stm32f0xx_rcc.o
    0x0800402c   0x00000028   Code   RO         2227    i.RCC_LSEConfig     stm32f0xx_rcc.o
    0x08004054   0x00000024   Code   RO         2231    i.RCC_PCLKConfig    stm32f0xx_rcc.o
    0x08004078   0x00000028   Code   RO         2232    i.RCC_PLLCmd        stm32f0xx_rcc.o
    0x080040a0   0x00000024   Code   RO         2233    i.RCC_PLLConfig     stm32f0xx_rcc.o
    0x080040c4   0x00000028   Code   RO         2235    i.RCC_RTCCLKCmd     stm32f0xx_rcc.o
    0x080040ec   0x00000010   Code   RO         2236    i.RCC_RTCCLKConfig  stm32f0xx_rcc.o
    0x080040fc   0x0000001c   Code   RO         2237    i.RCC_SYSCLKConfig  stm32f0xx_rcc.o
    0x08004118   0x0000003c   Code   RO         2239    i.RCC_WaitForHSEStartUp  stm32f0xx_rcc.o
    0x08004154   0x0000001a   Code   RO         2453    i.RTC_Bcd2ToByte    stm32f0xx_rtc.o
    0x0800416e   0x0000001c   Code   RO         2455    i.RTC_ByteToBcd2    stm32f0xx_rtc.o
    0x0800418a   0x00000002   PAD
    0x0800418c   0x0000004c   Code   RO          481    i.RTC_Config        datapacket.o
    0x080041d8   0x00000058   Code   RO         2463    i.RTC_EnterInitMode  stm32f0xx_rtc.o
    0x08004230   0x00000014   Code   RO         2464    i.RTC_ExitInitMode  stm32f0xx_rtc.o
    0x08004244   0x00000060   Code   RO         2467    i.RTC_GetDate       stm32f0xx_rtc.o
    0x080042a4   0x0000005c   Code   RO         2472    i.RTC_GetTime       stm32f0xx_rtc.o
    0x08004300   0x00000058   Code   RO         2476    i.RTC_Init          stm32f0xx_rtc.o
    0x08004358   0x00000020   Code   RO         2479    i.RTC_ReadBackupRegister  stm32f0xx_rtc.o
    0x08004378   0x000000d0   Code   RO         2482    i.RTC_SetDate       stm32f0xx_rtc.o
    0x08004448   0x000000d8   Code   RO         2483    i.RTC_SetTime       stm32f0xx_rtc.o
    0x08004520   0x00000074   Code   RO          482    i.RTC_TimeRegulate  datapacket.o
    0x08004594   0x0000006c   Code   RO         2496    i.RTC_WaitForSynchro  stm32f0xx_rtc.o
    0x08004600   0x0000001c   Code   RO         2497    i.RTC_WriteBackupRegister  stm32f0xx_rtc.o
    0x0800461c   0x00000248   Code   RO          577    i.ReceiveSetting    setting.o
    0x08004864   0x00000168   Code   RO          610    i.STM_RTU_COMInit   stm320xx8_rtu.o
    0x080049cc   0x00000050   Code   RO          611    i.STM_RTU_LEDInit   stm320xx8_rtu.o
    0x08004a1c   0x00000018   Code   RO          612    i.STM_RTU_LEDOff    stm320xx8_rtu.o
    0x08004a34   0x00000018   Code   RO          613    i.STM_RTU_LEDOn     stm320xx8_rtu.o
    0x08004a4c   0x00000016   Code   RO          615    i.STM_RTU_NVICInit  stm320xx8_rtu.o
    0x08004a62   0x00000002   Code   RO         4657    i.SVC_Handler       port.o
    0x08004a64   0x0000001c   Code   RO         2961    i.SYSCFG_MemoryRemapConfig  stm32f0xx_syscfg.o
    0x08004a80   0x00000088   Code   RO          360    i.SetSysClock       system_stm32f0xx.o
    0x08004b08   0x00000024   Code   RO         4658    i.SysTick_Handler   port.o
    0x08004b2c   0x0000007c   Code   RO          362    i.SystemInit        system_stm32f0xx.o
    0x08004ba8   0x00000044   Code   RO         4580    i.TIM2_IRQHandler   timertask.o
    0x08004bec   0x00000008   Code   RO          252    i.TIM3_IRQHandler   stm32f0xx_it.o
    0x08004bf4   0x00000006   Code   RO         3023    i.TIM_ClearITPendingBit  stm32f0xx_tim.o
    0x08004bfa   0x00000002   PAD
    0x08004bfc   0x0000001c   Code   RO         3028    i.TIM_Cmd           stm32f0xx_tim.o
    0x08004c18   0x0000003a   Code   RO         4581    i.TIM_Configuration  timertask.o
    0x08004c52   0x00000026   Code   RO         3049    i.TIM_GetITStatus   stm32f0xx_tim.o
    0x08004c78   0x00000014   Code   RO         3053    i.TIM_ITConfig      stm32f0xx_tim.o
    0x08004c8c   0x0000007c   Code   RO         3101    i.TIM_TimeBaseInit  stm32f0xx_tim.o
    0x08004d08   0x00000020   Code   RO          253    i.USART1_IRQHandler  stm32f0xx_it.o
    0x08004d28   0x00000010   Code   RO          254    i.USART2_IRQHandler  stm32f0xx_it.o
    0x08004d38   0x00000018   Code   RO         3587    i.USART_Cmd         stm32f0xx_usart.o
    0x08004d50   0x0000001c   Code   RO         3588    i.USART_DECmd       stm32f0xx_usart.o
    0x08004d6c   0x00000012   Code   RO         3589    i.USART_DEPolarityConfig  stm32f0xx_usart.o
    0x08004d7e   0x00000002   PAD
    0x08004d80   0x00000040   Code   RO         3593    i.USART_DeInit      stm32f0xx_usart.o
    0x08004dc0   0x00000014   Code   RO         3595    i.USART_GetFlagStatus  stm32f0xx_usart.o
    0x08004dd4   0x0000004e   Code   RO         3596    i.USART_GetITStatus  stm32f0xx_usart.o
    0x08004e22   0x00000042   Code   RO         3598    i.USART_ITConfig    stm32f0xx_usart.o
    0x08004e64   0x000000f4   Code   RO         3599    i.USART_Init        stm32f0xx_usart.o
    0x08004f58   0x0000000a   Code   RO         3611    i.USART_ReceiveData  stm32f0xx_usart.o
    0x08004f62   0x00000008   Code   RO         3616    i.USART_SendData    stm32f0xx_usart.o
    0x08004f6a   0x00000014   Code   RO         3620    i.USART_SetDEAssertionTime  stm32f0xx_usart.o
    0x08004f7e   0x00000014   Code   RO         3621    i.USART_SetDEDeassertionTime  stm32f0xx_usart.o
    0x08004f92   0x00000002   PAD
    0x08004f94   0x0000015c   Code   RO          255    i.USARTx_IRQHandler  stm32f0xx_it.o
    0x080050f0   0x00000028   Code   RO         6202    i.__0sprintf$6      mc_p.l(printf6.o)
    0x08005118   0x0000001c   Code   RO         4564    i.__ARM_common_switch8  tasks.o
    0x08005134   0x00000008   Code   RO         6377    i.__aeabi_errno_addr  mc_p.l(errno.o)
    0x0800513c   0x0000000e   Code   RO         6418    i.__scatterload_copy  mc_p.l(handlers.o)
    0x0800514a   0x00000002   Code   RO         6419    i.__scatterload_null  mc_p.l(handlers.o)
    0x0800514c   0x0000000e   Code   RO         6420    i.__scatterload_zeroinit  mc_p.l(handlers.o)
    0x0800515a   0x00000002   PAD
    0x0800515c   0x00000304   Code   RO         6207    i._printf_core      mc_p.l(printf6.o)
    0x08005460   0x00000020   Code   RO         6208    i._printf_post_padding  mc_p.l(printf6.o)
    0x08005480   0x0000002c   Code   RO         6209    i._printf_pre_padding  mc_p.l(printf6.o)
    0x080054ac   0x0000000a   Code   RO         6211    i._sputc            mc_p.l(printf6.o)
    0x080054b6   0x00000002   PAD
    0x080054b8   0x00000024   Code   RO         5376    i.bMBMIsHdlValid    mbm.o
    0x080054dc   0x00000030   Code   RO         5377    i.bMBMResponseTimeoutCB  mbm.o
    0x0800550c   0x000000e2   Code   RO         5267    i.bMBMSerialRTUReceiverAPIV1CB  mbmrtu.o
    0x080055ee   0x00000096   Code   RO         5268    i.bMBMSerialRTUT35CB  mbmrtu.o
    0x08005684   0x00000114   Code   RO         5269    i.bMBMSerialRTUTransmitterEmptyAPIV1CB  mbmrtu.o
    0x08005798   0x0000003c   Code   RO         5061    i.bMBPEventGet      mbportevent.o
    0x080057d4   0x00000044   Code   RO         4764    i.eMBExceptionToErrorcode  mbutils.o
    0x08005818   0x00000038   Code   RO         5378    i.eMBMClose         mbm.o
    0x08005850   0x00000038   Code   RO         4809    i.eMBMReadCoils     mbmfunccoils.o
    0x08005888   0x00000038   Code   RO         4881    i.eMBMReadDiscreteInputs  mbmfuncdisc.o
    0x080058c0   0x00000038   Code   RO         4937    i.eMBMReadHoldingRegisters  mbmfuncholding.o
    0x080058f8   0x00000038   Code   RO         4995    i.eMBMReadInputRegisters  mbmfuncinput.o
    0x08005930   0x000000ac   Code   RO         5379    i.eMBMReleaseHdl    mbm.o
    0x080059dc   0x00000030   Code   RO         5380    i.eMBMSerialInit    mbm.o
    0x08005a0c   0x00000062   Code   RO         5381    i.eMBMSerialInitExt  mbm.o
    0x08005a6e   0x0000001e   Code   RO         5270    i.eMBMSerialRTUFrameClose  mbmrtu.o
    0x08005a8c   0x000000f0   Code   RO         5271    i.eMBMSerialRTUFrameCloseInternal  mbmrtu.o
    0x08005b7c   0x000000e0   Code   RO         5273    i.eMBMSerialRTUFrameReceive  mbmrtu.o
    0x08005c5c   0x00000100   Code   RO         5274    i.eMBMSerialRTUFrameSend  mbmrtu.o
    0x08005d5c   0x000001a4   Code   RO         5275    i.eMBMSerialRTUInit  mbmrtu.o
    0x08005f00   0x00000080   Code   RO         5062    i.eMBPEventCreate   mbportevent.o
    0x08005f80   0x00000030   Code   RO         5063    i.eMBPEventPost     mbportevent.o
    0x08005fb0   0x000000b0   Code   RO         5139    i.eMBPSerialClose   mbportserial.o
    0x08006060   0x00000110   Code   RO         5140    i.eMBPSerialInit    mbportserial.o
    0x08006170   0x000000a8   Code   RO         5141    i.eMBPSerialRxEnable  mbportserial.o
    0x08006218   0x000000c8   Code   RO         5142    i.eMBPSerialTxEnable  mbportserial.o
    0x080062e0   0x0000011c   Code   RO         5218    i.eMBPTimerInit     mbporttimer.o
    0x080063fc   0x00000030   Code   RO         5220    i.eMBPTimerStart    mbporttimer.o
    0x0800642c   0x00000030   Code   RO         5221    i.eMBPTimerStop     mbporttimer.o
    0x0800645c   0x00000054   Code   RO         6306    i.free              mc_p.l(malloc.o)
    0x080064b0   0x00000090   Code   RO          411    i.getRSSI           3gmodule.o
    0x08006540   0x00000046   Code   RO          483    i.getTimeStamp      datapacket.o
    0x08006586   0x00000002   PAD
    0x08006588   0x00000044   Code   RO          412    i.init3GModule      3gmodule.o
    0x080065cc   0x00000028   Code   RO          484    i.initRTC           datapacket.o
    0x080065f4   0x00000130   Code   RO            2    i.main              main.o
    0x08006724   0x000000b0   Code   RO          485    i.makeDataPack      datapacket.o
    0x080067d4   0x0000006c   Code   RO         6307    i.malloc            mc_p.l(malloc.o)
    0x08006840   0x00000118   Code   RO         5464    i.mqtt_pub          qos0pub.o
    0x08006958   0x00000054   Code   RO         4244    i.prvAddCurrentTaskToDelayedList  tasks.o
    0x080069ac   0x00000046   Code   RO         4245    i.prvAllocateTCBAndStack  tasks.o
    0x080069f2   0x00000002   PAD
    0x080069f4   0x00000068   Code   RO         4246    i.prvCheckTasksWaitingTermination  tasks.o
    0x08006a5c   0x00000012   Code   RO         4247    i.prvDeleteTCB      tasks.o
    0x08006a6e   0x00000002   PAD
    0x08006a70   0x00000038   Code   RO         4618    i.prvHeapInit       heap_2.o
    0x08006aa8   0x00000008   Code   RO         4248    i.prvIdleTask       tasks.o
    0x08006ab0   0x0000005e   Code   RO         4249    i.prvInitialiseTCBVariables  tasks.o
    0x08006b0e   0x00000002   PAD
    0x08006b10   0x00000064   Code   RO         4250    i.prvInitialiseTaskLists  tasks.o
    0x08006b74   0x00000038   Code   RO         4252    i.prvResetNextTaskUnblockTime  tasks.o
    0x08006bac   0x00000014   Code   RO         4659    i.prvSetupTimerInterrupt  port.o
    0x08006bc0   0x00000024   Code   RO         4660    i.prvTaskExitError  port.o
    0x08006be4   0x0000007c   Code   RO         5143    i.prvvMBPUSART1_RXNE_ISR  mbportserial.o
    0x08006c60   0x0000001c   Code   RO         5144    i.prvvMBPUSART1_TC_ISR  mbportserial.o
    0x08006c7c   0x00000064   Code   RO         5145    i.prvvMBPUSART1_TXE_ISR  mbportserial.o
    0x08006ce0   0x000000b8   Code   RO         4619    i.pvPortMalloc      heap_2.o
    0x08006d98   0x000000d4   Code   RO         5383    i.pxMBMGetNewHdl    mbm.o
    0x08006e6c   0x00000020   Code   RO         4661    i.pxPortInitialiseStack  port.o
    0x08006e8c   0x00000040   Code   RO          693    i.sEE_Init          stm320518_i2c_ee.o
    0x08006ecc   0x0000005c   Code   RO          617    i.sEE_LowLevel_Init  stm320xx8_rtu.o
    0x08006f28   0x000002c0   Code   RO          694    i.sEE_ReadBuffer    stm320518_i2c_ee.o
    0x080071e8   0x0000000a   Code   RO          413    i.sEE_TIMEOUT_UserCallback  3gmodule.o
    0x080071f2   0x00000002   PAD
    0x080071f4   0x0000007c   Code   RO          695    i.sEE_WaitEepromStandbyState  stm320518_i2c_ee.o
    0x08007270   0x00000190   Code   RO          696    i.sEE_WriteBuffer   stm320518_i2c_ee.o
    0x08007400   0x0000010c   Code   RO          697    i.sEE_WritePage     stm320518_i2c_ee.o
    0x0800750c   0x00000068   Code   RO          414    i.sendATCommand     3gmodule.o
    0x08007574   0x00000068   Code   RO          415    i.sendOverTCP       3gmodule.o
    0x080075dc   0x00000050   Code   RO          416    i.sendPacket        3gmodule.o
    0x0800762c   0x00000024   Code   RO         5528    i.transport_close   transport.o
    0x08007650   0x00000074   Code   RO         5531    i.transport_open    transport.o
    0x080076c4   0x00000034   Code   RO         5532    i.transport_sendPacketBuffer  transport.o
    0x080076f8   0x00000038   Code   RO         5332    i.usMBMCRC16        mbmcrc.o
    0x08007730   0x00000028   Code   RO         4048    i.uxListRemove      list.o
    0x08007758   0x0000002c   Code   RO            3    i.vApp2Task         main.o
    0x08007784   0x000001a0   Code   RO            4    i.vApp3Task         main.o
    0x08007924   0x0000007c   Code   RO            6    i.vGPIOConfiguration  main.o
    0x080079a0   0x00000050   Code   RO            7    i.vIOSetLED         main.o
    0x080079f0   0x00000058   Code   RO            8    i.vLEDConfiguration  main.o
    0x08007a48   0x0000001a   Code   RO         4049    i.vListInitialise   list.o
    0x08007a62   0x00000006   Code   RO         4050    i.vListInitialiseItem  list.o
    0x08007a68   0x00000036   Code   RO         4051    i.vListInsert       list.o
    0x08007a9e   0x00000018   Code   RO         4052    i.vListInsertEnd    list.o
    0x08007ab6   0x000000e0   Code   RO         5384    i.vMBMMasterTransactionPolled  mbm.o
    0x08007b96   0x00000150   Code   RO         4812    i.vMBMReadCoilsPolled  mbmfunccoils.o
    0x08007ce6   0x00000150   Code   RO         4882    i.vMBMReadDiscreteInputsPolled  mbmfuncdisc.o
    0x08007e36   0x0000016c   Code   RO         4941    i.vMBMReadHoldingRegistersPolled  mbmfuncholding.o
    0x08007fa2   0x00000162   Code   RO         4996    i.vMBMReadInputRegistersPolled  mbmfuncinput.o
    0x08008104   0x00000016   Code   RO         5098    i.vMBPAssert        mbportother.o
    0x0800811a   0x00000002   PAD
    0x0800811c   0x00000014   Code   RO         5099    i.vMBPEnterCritical  mbportother.o
    0x08008130   0x00000030   Code   RO         5064    i.vMBPEventDelete   mbportevent.o
    0x08008160   0x0000001c   Code   RO         5100    i.vMBPExitCritical  mbportother.o
    0x0800817c   0x00000030   Code   RO         5222    i.vMBPTimerClose    mbporttimer.o
    0x080081ac   0x0000007c   Code   RO         5223    i.vMBPTimerISR      mbporttimer.o
    0x08008228   0x00000050   Code   RO         5149    i.vMBPUSART1ISR     mbportserial.o
    0x08008278   0x0000001c   Code   RO            9    i.vNVICConfiguration  main.o
    0x08008294   0x0000001c   Code   RO         4663    i.vPortEnterCritical  port.o
    0x080082b0   0x00000028   Code   RO         4664    i.vPortExitCritical  port.o
    0x080082d8   0x00000044   Code   RO         4620    i.vPortFree         heap_2.o
    0x0800831c   0x00000018   Code   RO         4665    i.vPortYield        port.o
    0x08008334   0x00000070   Code   RO           10    i.vRCCConfiguration  main.o
    0x080083a4   0x0000008c   Code   RO           11    i.vRS485Configuration  main.o
    0x08008430   0x00000058   Code   RO         4263    i.vTaskDelay        tasks.o
    0x08008488   0x00000060   Code   RO         4277    i.vTaskStartScheduler  tasks.o
    0x080084e8   0x00000010   Code   RO         4279    i.vTaskSuspendAll   tasks.o
    0x080084f8   0x0000008c   Code   RO         4280    i.vTaskSwitchContext  tasks.o
    0x08008584   0x0000002c   Code   RO           12    i.vUARTConfiguration  main.o
    0x080085b0   0x00000028   Code   RO         5750    i.writeCString      mqttpacket.o
    0x080085d8   0x0000000c   Code   RO         5751    i.writeChar         mqttpacket.o
    0x080085e4   0x00000032   Code   RO         5752    i.writeInt          mqttpacket.o
    0x08008616   0x00000040   Code   RO         5753    i.writeMQTTString   mqttpacket.o
    0x08008656   0x00000002   PAD
    0x08008658   0x00000038   Code   RO         4666    i.xPortStartScheduler  port.o
    0x08008690   0x00000138   Code   RO         4283    i.xTaskGenericCreate  tasks.o
    0x080087c8   0x00000140   Code   RO         4290    i.xTaskIncrementTick  tasks.o
    0x08008908   0x000000ec   Code   RO         4296    i.xTaskResumeAll    tasks.o
    0x080089f4   0x0000005c   Data   RO          618    .constdata          stm320xx8_rtu.o
    0x08008a50   0x00000200   Data   RO         5333    .constdata          mbmcrc.o
    0x08008c50   0x00000061   Data   RO         5465    .constdata          qos0pub.o
    0x08008cb1   0x00000081   Data   RO         5987    .constdata          mc_p.l(ctype_o.o)
    0x08008d32   0x00000002   PAD
    0x08008d34   0x00000004   Data   RO         5988    .constdata          mc_p.l(ctype_o.o)
    0x08008d38   0x0000000c   Data   RO         6015    .constdata          mc_p.l(mktime.o)
    0x08008d44   0x0000000c   Data   RO         6373    .constdata          mc_p.l(localtime_i.o)
    0x08008d50   0x0000006f   Data   RO          417    .conststring        3gmodule.o
    0x08008dbf   0x00000001   PAD
    0x08008dc0   0x00000020   Data   RO         6416    Region$$Table       anon$$obj.o


    Execution Region RW_IRAM1 (Base: 0x200000c0, Size: 0x00001c90, Max: 0x00002000, ABSOLUTE)

    Base Addr    Size         Type   Attr      Idx    E Section Name        Object

    0x200000c0   0x00000004   Data   RW           14    .data               main.o
    0x200000c4   0x0000000c   Data   RW          257    .data               stm32f0xx_it.o
    0x200000d0   0x00000018   Data   RW          418    .data               3gmodule.o
    0x200000e8   0x00000009   Data   RW          486    .data               datapacket.o
    0x200000f1   0x00000003   PAD
    0x200000f4   0x0000000c   Data   RW          579    .data               setting.o
    0x20000100   0x0000003c   Data   RW          619    .data               stm320xx8_rtu.o
    0x2000013c   0x0000000a   Data   RW          698    .data               stm320518_i2c_ee.o
    0x20000146   0x00000010   Data   RW         2240    .data               stm32f0xx_rcc.o
    0x20000156   0x00000002   PAD
    0x20000158   0x00000038   Data   RW         4299    .data               tasks.o
    0x20000190   0x0000000a   Data   RW         4584    .data               timertask.o
    0x2000019a   0x00000002   PAD
    0x2000019c   0x00000018   Data   RW         4624    .data               heap_2.o
    0x200001b4   0x00000004   Data   RW         4667    .data               port.o
    0x200001b8   0x00000005   Data   RW         5065    .data               mbportevent.o
    0x200001bd   0x00000002   Data   RW         5102    .data               mbportother.o
    0x200001bf   0x00000001   Data   RW         5152    .data               mbportserial.o
    0x200001c0   0x00000001   Data   RW         5225    .data               mbporttimer.o
    0x200001c1   0x00000001   Data   RW         5277    .data               mbmrtu.o
    0x200001c2   0x00000001   Data   RW         5386    .data               mbm.o
    0x200001c3   0x00000001   PAD
    0x200001c4   0x00000004   Data   RW         5533    .data               transport.o
    0x200001c8   0x00000004   Data   RW         6038    .data               mc_p.l(strtok.o)
    0x200001cc   0x00000004   Data   RW         6375    .data               mc_p.l(mvars.o)
    0x200001d0   0x00000004   Data   RW         6376    .data               mc_p.l(mvars.o)
    0x200001d4   0x00000004   Data   RW         6380    .data               mc_p.l(errno.o)
    0x200001d8   0x00000200   Zero   RW          256    .bss                stm32f0xx_it.o
    0x200003d8   0x000000a0   Zero   RW          578    .bss                setting.o
    0x20000478   0x000000c8   Zero   RW         4298    .bss                tasks.o
    0x20000540   0x00001068   Zero   RW         4623    .bss                heap_2.o
    0x200015a8   0x00000020   Zero   RW         5151    .bss                mbportserial.o
    0x200015c8   0x00000050   Zero   RW         5224    .bss                mbporttimer.o
    0x20001618   0x00000114   Zero   RW         5276    .bss                mbmrtu.o
    0x2000172c   0x00000020   Zero   RW         5385    .bss                mbm.o
    0x2000174c   0x00000004   PAD
    0x20001750   0x00000200   Zero   RW         3950    HEAP                startup_stm32f0xx.o
    0x20001950   0x00000400   Zero   RW         3949    STACK               startup_stm32f0xx.o



  Load Region LR$$.ARM.__AT_0x20000000 (Base: 0x20000000, Size: 0x00000000, Max: 0x000000c0, ABSOLUTE)

    Execution Region ER$$.ARM.__AT_0x20000000 (Base: 0x20000000, Size: 0x000000c0, Max: 0x000000c0, ABSOLUTE, UNINIT)

    Base Addr    Size         Type   Attr      Idx    E Section Name        Object

    0x20000000   0x000000c0   Zero   RW           13    .ARM.__AT_0x20000000  main.o


==============================================================================

Image component sizes


      Code (inc. data)   RO Data    RW Data    ZI Data      Debug   Object Name

       662        140        111         24          0       4891   3gmodule.o
       478         66          0          9          0       3574   datapacket.o
         0          0          0          0          0       1452   event_groups.o
       308         40          0         24       4200       3427   heap_2.o
       150          0          0          0          0       2838   list.o
      1380        134          0          4        192     164345   main.o
       894         38          0          1         32      12608   mbm.o
         0          0          0          0          0       3376   mbmascii.o
        56         10        512          0          0       1157   mbmcrc.o
       392          8          0          0          0       3454   mbmfunccoils.o
       392          8          0          0          0       2964   mbmfuncdisc.o
       420          8          0          0          0       3612   mbmfuncholding.o
       410          8          0          0          0       2792   mbmfuncinput.o
      1822         54          0          1        276       8092   mbmrtu.o
       284         26          0          5          0       3363   mbportevent.o
        70         12          0          2          0       2566   mbportother.o
      1148        132          0          1         32       6613   mbportserial.o
       552         46          0          1         80       4525   mbporttimer.o
        68         14          0          0          0        570   mbutils.o
       636         18          0          0          0       5674   mqttconnectclient.o
       286          4          0          0          0       3906   mqttpacket.o
       224          0          0          0          0       1674   mqttserializepublish.o
       386         56          0          4          0       5984   port.o
       280         16         97          0          0       3935   qos0pub.o
       732         64          0         12        160       2875   setting.o
        28          8        192          0       1536        584   startup_stm32f0xx.o
      1560         62          0         10          0       4738   stm320518_i2c_ee.o
       602        100         92         60          0       4663   stm320xx8_rtu.o
         0          0          0          0          0      10492   stm32f0xx_exti.o
        64          8          0          0          0       1077   stm32f0xx_flash.o
       212          0          0          0          0       6171   stm32f0xx_gpio.o
       248         16          0          0          0      11437   stm32f0xx_i2c.o
       410         70          0         12        512      14358   stm32f0xx_it.o
       112          6          0          0          0       1912   stm32f0xx_misc.o
        40          4          0          0          0        518   stm32f0xx_pwr.o
      1100        114          0         16          0      22559   stm32f0xx_rcc.o
      1030         64          0          0          0      20442   stm32f0xx_rtc.o
        28          4          0          0          0        571   stm32f0xx_syscfg.o
       216         38          0          0          0      23466   stm32f0xx_tim.o
       600         18          0          0          0      17667   stm32f0xx_usart.o
       260         24          0          0          0       1233   system_stm32f0xx.o
      1770        244          0         56        200      12684   tasks.o
       126          8          0         10          0       1600   timertask.o
       204         80          0          4          0       1808   transport.o

    ----------------------------------------------------------------------
     20664       1770       1037        264       7224     418247   Object Totals
         0          0         32          0          0          0   (incl. Generated)
        24          0          1          8          4          0   (incl. Padding)

    ----------------------------------------------------------------------

      Code (inc. data)   RO Data    RW Data    ZI Data      Debug   Library Member Name

        30          0          0          0          0         60   _chval.o
       166          0          0          0          0         84   _strtoul.o
        26          0          0          0          0         72   atoi.o
        26          0          0          0          0         72   atol.o
         8          4        133          0          0         60   ctype_o.o
         0          0          0          0          0          0   entry.o
         0          0          0          0          0          0   entry10a.o
         0          0          0          0          0          0   entry11a.o
         8          4          0          0          0          0   entry2.o
         4          0          0          0          0          0   entry5.o
         0          0          0          0          0          0   entry7b.o
         0          0          0          0          0          0   entry8b.o
         8          4          0          0          0          0   entry9a.o
         8          4          0          4          0         60   errno.o
        30          0          0          0          0          0   handlers.o
        40          0          0          0          0         72   idiv.o
        36          8          0          0          0         68   init.o
       116         12         12          0          0         72   localtime_i.o
       192         20          0          0          0        144   malloc.o
        36          0          0          0          0         60   memcpya.o
        36          0          0          0          0        100   memseta.o
       140         16         12          0          0         72   mktime.o
         0          0          0          8          0          0   mvars.o
       898          8          0          0          0        384   printf6.o
        24          0          0          0          0         60   strcat.o
        20          0          0          0          0         60   strchr.o
        18          0          0          0          0         60   strcpy.o
        14          0          0          0          0         60   strlen.o
        30          0          0          0          0         72   strncmp.o
        26          0          0          0          0         68   strncpy.o
        72          4          0          4          0         72   strtok.o
       112          4          0          0          0         76   strtol.o
        44          0          0          0          0         72   uidiv.o

    ----------------------------------------------------------------------
      2172         88        159         16          0       1980   Library Totals
         4          0          2          0          0          0   (incl. Padding)

    ----------------------------------------------------------------------

      Code (inc. data)   RO Data    RW Data    ZI Data      Debug   Library Name

      2168         88        157         16          0       1980   mc_p.l

    ----------------------------------------------------------------------
      2172         88        159         16          0       1980   Library Totals

    ----------------------------------------------------------------------

==============================================================================


      Code (inc. data)   RO Data    RW Data    ZI Data      Debug   

     22836       1858       1196        280       7224     410471   Grand Totals
     22836       1858       1196        280       7224     410471   ELF Image Totals
     22836       1858       1196        280          0          0   ROM Totals

==============================================================================

    Total RO  Size (Code + RO Data)                24032 (  23.47kB)
    Total RW  Size (RW Data + ZI Data)              7504 (   7.33kB)
    Total ROM Size (Code + RO Data + RW Data)      24312 (  23.74kB)

==============================================================================

