<html>
<body>
<pre>
<h1>礦ision Build Log</h1>
<h2>Tool Versions:</h2>
IDE-Version: μVision V5.14.0.0
Copyright (C) 2015 ARM Ltd and ARM Germany GmbH. All rights reserved.
License Information: 3r52 YiDong, 235, LIC=9N0DY-IZAGI-4ALDE-5YF8R-BWKZT-L423Z
 
Tool Versions:
Toolchain:       MDK-ARM Professional  Version: 5.14.0.0
Toolchain Path:  C:\Keil_v5\ARM\ARMCC\Bin
C Compiler:      Armcc.exe V5.05 update 1 (build 106)
Assembler:       Armasm.exe V5.05 update 1 (build 106)
Linker/Locator:  ArmLink.exe V5.05 update 1 (build 106)
Library Manager: ArmAr.exe V5.05 update 1 (build 106)
Hex Converter:   FromElf.exe V5.05 update 1 (build 106)
CPU DLL:         SARMCM3.DLL V5.14.0.0
Dialog DLL:      DARMCM1.DLL V1.12.0.0
Target DLL:      STLink\ST-LINKIII-KEIL_SWO.dll V2.0.14.0_KEIL
Dialog DLL:      TARMCM1.DLL V1.9.0.0
 
<h2>Project:</h2>
D:\F_pan\stm32CubeMX_Proj\11.4\正光无线\DTU_3G  正光无线\MDK-ARM\STM32F051R8_Demo.uvprojx
Project File Date:  09/26/2018

<h2>Output:</h2>
Build target 'STM32F051R8_Demo'
compiling timertask.c...
..\BSP\N_6205.h(133): warning:  #1-D: last line of file ends without a newline
  #endif
..\Source\timertask.c(30): warning:  #177-D: variable "ulTimerID" was declared but never referenced
        uint32_t ulTimerID;
..\Source\timertask.c(60): warning:  #177-D: variable "xTimerPer" was declared but never referenced
        const TickType_t  xTimerPer[2] = {1000, 2000};
..\Source\timertask.c(28): warning:  #177-D: function "vTimerCallback" was declared but never referenced
  static void vTimerCallback(xTimerHandle pxTimer)
..\Source\timertask.c: 4 warnings, 0 errors
linking...
Program Size: Code=21476 RO-data=1072 RW-data=408 ZI-data=8544  
FromELF: creating hex file...
"..\OBJ\IO_Toggle.axf" - 0 Error(s), 4 Warning(s).

<h2>Software Packages used:</h2>

Package Vendor: Keil
                http://www.keil.com/pack/Keil.Jansson.1.0.0.pack
                Keil::Data Exchange:JSON:Jansson:2.7.0
                Jansson is a C library for encoding, decoding and manipulating JSON data
   * Component: Jansson Version: 2.7.0

<h2>Collection of Component include folders:</h2>
  D:\F_pan\stm32CubeMX_Proj\11.4\正光无线\DTU_3G  正光无线\MDK-ARM\RTE
  C:\Keil_v5\ARM\PACK\Keil\Jansson\1.0.0\src
  C:\Keil_v5\ARM\PACK\Keil\STM32F0xx_DFP\1.5.0

<h2>Collection of Component Files used:</h2>

   * Component: Keil::Data Exchange:JSON:Jansson:2.7.0
      Library file:  lib\jansson_CM0LE.lib
      Include file:  src\jansson.h
      Source file:   src\jansson_config.c
</pre>
</body>
</html>
